Archive member included to satisfy reference by file (symbol)

c:/progra~2/gnuarm~1/102021~1.10/bin/../lib/gcc/arm-none-eabi/10.3.1/thumb/v6-m/nofp\libgcc.a(_dvmd_tls.o)
                              CMakeFiles/RP2040-ESP32C3_Dev_Board.dir/C_/Users/Caner/Documents/Pico/pico-sdk/src/rp2_common/pico_divider/divider.S.obj (__aeabi_idiv0)
c:/progra~2/gnuarm~1/102021~1.10/bin/../lib/gcc/arm-none-eabi/10.3.1/../../../../arm-none-eabi/lib/thumb/v6-m/nofp\libg.a(lib_a-calloc.o)
                              CMakeFiles/RP2040-ESP32C3_Dev_Board.dir/C_/Users/Caner/Documents/Pico/pico-sdk/src/rp2_common/pico_malloc/pico_malloc.c.obj (calloc)
c:/progra~2/gnuarm~1/102021~1.10/bin/../lib/gcc/arm-none-eabi/10.3.1/../../../../arm-none-eabi/lib/thumb/v6-m/nofp\libg.a(lib_a-callocr.o)
                              c:/progra~2/gnuarm~1/102021~1.10/bin/../lib/gcc/arm-none-eabi/10.3.1/../../../../arm-none-eabi/lib/thumb/v6-m/nofp\libg.a(lib_a-calloc.o) (_calloc_r)
c:/progra~2/gnuarm~1/102021~1.10/bin/../lib/gcc/arm-none-eabi/10.3.1/../../../../arm-none-eabi/lib/thumb/v6-m/nofp\libg.a(lib_a-ctype_.o)
                              CMakeFiles/RP2040-ESP32C3_Dev_Board.dir/C_/Users/Caner/Documents/Pico/pico-sdk/lib/tinyusb/src/tusb.c.obj (_ctype_)
c:/progra~2/gnuarm~1/102021~1.10/bin/../lib/gcc/arm-none-eabi/10.3.1/../../../../arm-none-eabi/lib/thumb/v6-m/nofp\libg.a(lib_a-errno.o)
                              c:/progra~2/gnuarm~1/102021~1.10/bin/../lib/gcc/arm-none-eabi/10.3.1/../../../../arm-none-eabi/lib/thumb/v6-m/nofp\libg.a(lib_a-callocr.o) (__errno)
c:/progra~2/gnuarm~1/102021~1.10/bin/../lib/gcc/arm-none-eabi/10.3.1/../../../../arm-none-eabi/lib/thumb/v6-m/nofp\libg.a(lib_a-impure.o)
                              c:/progra~2/gnuarm~1/102021~1.10/bin/../lib/gcc/arm-none-eabi/10.3.1/../../../../arm-none-eabi/lib/thumb/v6-m/nofp\libg.a(lib_a-calloc.o) (_impure_ptr)
c:/progra~2/gnuarm~1/102021~1.10/bin/../lib/gcc/arm-none-eabi/10.3.1/../../../../arm-none-eabi/lib/thumb/v6-m/nofp\libg.a(lib_a-init.o)
                              c:/progra~2/gnuarm~1/102021~1.10/bin/../lib/gcc/arm-none-eabi/10.3.1/../../../../arm-none-eabi/lib/thumb/v6-m/nofp/crt0.o (__libc_init_array)
c:/progra~2/gnuarm~1/102021~1.10/bin/../lib/gcc/arm-none-eabi/10.3.1/../../../../arm-none-eabi/lib/thumb/v6-m/nofp\libg.a(lib_a-malloc.o)
                              CMakeFiles/RP2040-ESP32C3_Dev_Board.dir/C_/Users/Caner/Documents/Pico/pico-sdk/src/rp2_common/pico_malloc/pico_malloc.c.obj (malloc)
c:/progra~2/gnuarm~1/102021~1.10/bin/../lib/gcc/arm-none-eabi/10.3.1/../../../../arm-none-eabi/lib/thumb/v6-m/nofp\libg.a(lib_a-mallocr.o)
                              c:/progra~2/gnuarm~1/102021~1.10/bin/../lib/gcc/arm-none-eabi/10.3.1/../../../../arm-none-eabi/lib/thumb/v6-m/nofp\libg.a(lib_a-callocr.o) (_malloc_r)
c:/progra~2/gnuarm~1/102021~1.10/bin/../lib/gcc/arm-none-eabi/10.3.1/../../../../arm-none-eabi/lib/thumb/v6-m/nofp\libg.a(lib_a-mlock.o)
                              c:/progra~2/gnuarm~1/102021~1.10/bin/../lib/gcc/arm-none-eabi/10.3.1/../../../../arm-none-eabi/lib/thumb/v6-m/nofp\libg.a(lib_a-mallocr.o) (__malloc_lock)
c:/progra~2/gnuarm~1/102021~1.10/bin/../lib/gcc/arm-none-eabi/10.3.1/../../../../arm-none-eabi/lib/thumb/v6-m/nofp\libg.a(lib_a-realloc.o)
                              CMakeFiles/RP2040-ESP32C3_Dev_Board.dir/C_/Users/Caner/Documents/Pico/pico-sdk/src/rp2_common/pico_malloc/pico_malloc.c.obj (realloc)
c:/progra~2/gnuarm~1/102021~1.10/bin/../lib/gcc/arm-none-eabi/10.3.1/../../../../arm-none-eabi/lib/thumb/v6-m/nofp\libg.a(lib_a-reallocr.o)
                              c:/progra~2/gnuarm~1/102021~1.10/bin/../lib/gcc/arm-none-eabi/10.3.1/../../../../arm-none-eabi/lib/thumb/v6-m/nofp\libg.a(lib_a-realloc.o) (_realloc_r)
c:/progra~2/gnuarm~1/102021~1.10/bin/../lib/gcc/arm-none-eabi/10.3.1/../../../../arm-none-eabi/lib/thumb/v6-m/nofp\libg.a(lib_a-sbrkr.o)
                              c:/progra~2/gnuarm~1/102021~1.10/bin/../lib/gcc/arm-none-eabi/10.3.1/../../../../arm-none-eabi/lib/thumb/v6-m/nofp\libg.a(lib_a-mallocr.o) (_sbrk_r)
c:/progra~2/gnuarm~1/102021~1.10/bin/../lib/gcc/arm-none-eabi/10.3.1/../../../../arm-none-eabi/lib/thumb/v6-m/nofp\libg.a(lib_a-strlen-stub.o)
                              CMakeFiles/RP2040-ESP32C3_Dev_Board.dir/C_/Users/Caner/Documents/Pico/pico-sdk/src/rp2_common/pico_stdio/stdio.c.obj (strlen)
c:/progra~2/gnuarm~1/102021~1.10/bin/../lib/gcc/arm-none-eabi/10.3.1/../../../../arm-none-eabi/lib/thumb/v6-m/nofp\libg.a(lib_a-freer.o)
                              c:/progra~2/gnuarm~1/102021~1.10/bin/../lib/gcc/arm-none-eabi/10.3.1/../../../../arm-none-eabi/lib/thumb/v6-m/nofp\libg.a(lib_a-malloc.o) (_free_r)
c:/progra~2/gnuarm~1/102021~1.10/bin/../lib/gcc/arm-none-eabi/10.3.1/../../../../arm-none-eabi/lib/thumb/v6-m/nofp\libg.a(lib_a-lock.o)
[...]
Memory Configuration

Name             Origin             Length             Attributes
FLASH            0x10000000         0x00200000         xr
RAM              0x20000000         0x00040000         xrw
SCRATCH_X        0x20040000         0x00001000         xrw
SCRATCH_Y        0x20041000         0x00001000         xrw
*default*        0x00000000         0xffffffff

Linker script and memory map

LOAD c:/progra~2/gnuarm~1/102021~1.10/bin/../lib/gcc/arm-none-eabi/10.3.1/thumb/v6-m/nofp/crti.o
LOAD c:/progra~2/gnuarm~1/102021~1.10/bin/../lib/gcc/arm-none-eabi/10.3.1/thumb/v6-m/nofp/crtbegin.o
LOAD c:/progra~2/gnuarm~1/102021~1.10/bin/../lib/gcc/arm-none-eabi/10.3.1/../../../../arm-none-eabi/lib/thumb/v6-m/nofp/crt0.o

.flash_begin    0x10000000        0x0
                0x10000000                __flash_binary_start = .

.boot2          0x10000000      0x100
                0x10000000                __boot2_start__ = .
 *(.boot2)
 .boot2         0x10000000      0x100 C:\Users\Caner\AppData\Local\Temp\ccYwyY0P.o
                0x10000100                __boot2_end__ = .
                0x00000001                ASSERT (((__boot2_end__ - __boot2_start__) == 0x100), ERROR: Pico second stage bootloader must be 256 bytes in size)

.text           0x10000100     0x73a0
                0x10000100                __logical_binary_start = .
 *(.vectors)
 .vectors       0x10000100       0xd4 CMakeFiles/RP2040-ESP32C3_Dev_Board.dir/C_/Users/Caner/Documents/Pico/pico-sdk/src/rp2_common/pico_standard_link/crt0.S.obj
                0x10000100                __VECTOR_TABLE
                0x10000100                __vectors
                0x100001c0                isr_invalid
                0x100001c0                __default_isrs_start
                0x100001c2                isr_nmi
                0x100001c4                isr_hardfault
                0x100001c6                isr_svcall
                0x100001c8                isr_pendsv
                0x100001ca                isr_systick
                0x100001cc                isr_irq23
                0x100001cc                isr_irq18
                0x100001cc                isr_irq11
                0x100001cc                isr_irq28
                0x100001cc                isr_irq19
                0x100001cc                isr_irq0
                0x100001cc                isr_irq6
                0x100001cc                isr_irq5
                0x100001cc                isr_irq12
                0x100001cc                isr_irq22
                0x100001cc                isr_irq31
                0x100001cc                isr_irq17
                0x100001cc                isr_irq27
                0x100001cc                isr_irq30
                0x100001cc                isr_irq2
                0x100001cc                isr_irq10
                0x100001cc                isr_irq8
                0x100001cc                isr_irq24
                0x100001cc                isr_irq1
                0x100001cc                isr_irq7
                0x100001cc                isr_irq21
                0x100001cc                isr_irq20
                0x100001cc                isr_irq15
                0x100001cc                isr_irq25
                0x100001cc                isr_irq13
                0x100001cc                __unhandled_user_irq
                0x100001cc                isr_irq4
                0x100001cc                isr_irq16
                0x100001cc                isr_irq29
                0x100001cc                isr_irq26
                0x100001cc                __default_isrs_end
                0x100001cc                isr_irq3
                0x100001cc                isr_irq14
                0x100001cc                isr_irq9
                0x100001d2                unhandled_user_irq_num_in_r0
 *(.binary_info_header)
 .binary_info_header
                0x100001d4       0x14 CMakeFiles/RP2040-ESP32C3_Dev_Board.dir/C_/Users/Caner/Documents/Pico/pico-sdk/src/rp2_common/pico_standard_link/crt0.S.obj
                0x100001e8                __binary_info_header_end = .
 *(.reset)
 .reset         0x100001e8       0xa8 CMakeFiles/RP2040-ESP32C3_Dev_Board.dir/C_/Users/Caner/Documents/Pico/pico-sdk/src/rp2_common/pico_standard_link/crt0.S.obj
                0x100001e8                _entry_point
                0x10000266                __get_current_exception
 .reset         0x10000290       0x30 CMakeFiles/RP2040-ESP32C3_Dev_Board.dir/C_/Users/Caner/Documents/Pico/pico-sdk/src/rp2_common/pico_standard_link/binary_info.c.obj
 *(.init)
 .init          0x100002c0        0x4 c:/progra~2/gnuarm~1/102021~1.10/bin/../lib/gcc/arm-none-eabi/10.3.1/thumb/v6-m/nofp/crti.o
                0x100002c0                _init
 *(EXCLUDE_FILE(*libm.a: *libc.a:*lib_a-mem*.o *libgcc.a:) .text*)
 .text          0x100002c4       0x48 c:/progra~2/gnuarm~1/102021~1.10/bin/../lib/gcc/arm-none-eabi/10.3.1/thumb/v6-m/nofp/crtbegin.o
 .text.alarm_callback
                0x1000030c        0x6 CMakeFiles/RP2040-ESP32C3_Dev_Board.dir/RP2040-ESP32C3_Dev_Board.c.obj
                0x1000030c                alarm_callback
 *fill*         0x10000312        0x2 
 .text.main     0x10000314      0x100 CMakeFiles/RP2040-ESP32C3_Dev_Board.dir/RP2040-ESP32C3_Dev_Board.c.obj
                0x10000314                main
 .text.gpio_set_function
                0x10000414       0x30 CMakeFiles/RP2040-ESP32C3_Dev_Board.dir/C_/Users/Caner/Documents/Pico/pico-sdk/src/rp2_common/hardware_gpio/gpio.c.obj
                0x10000414                gpio_set_function
 .text.gpio_set_pulls
                0x10000444       0x34 CMakeFiles/RP2040-ESP32C3_Dev_Board.dir/C_/Users/Caner/Documents/Pico/pico-sdk/src/rp2_common/hardware_gpio/gpio.c.obj
                0x10000444                gpio_set_pulls
 .text.hw_claim_lock
                0x10000478       0x18 CMakeFiles/RP2040-ESP32C3_Dev_Board.dir/C_/Users/Caner/Documents/Pico/pico-sdk/src/rp2_common/hardware_claim/claim.c.obj
                0x10000478                hw_claim_lock
 .text.hw_claim_unlock
                0x10000490       0x14 CMakeFiles/RP2040-ESP32C3_Dev_Board.dir/C_/Users/Caner/Documents/Pico/pico-sdk/src/rp2_common/hardware_claim/claim.c.obj
                0x10000490                hw_claim_unlock
 .text.hw_claim_or_assert
                0x100004a4       0x32 CMakeFiles/RP2040-ESP32C3_Dev_Board.dir/C_/Users/Caner/Documents/Pico/pico-sdk/src/rp2_common/hardware_claim/claim.c.obj
                0x100004a4                hw_claim_or_assert
 .text.hw_claim_unused_from_range
                0x100004d6       0x50 CMakeFiles/RP2040-ESP32C3_Dev_Board.dir/C_/Users/Caner/Documents/Pico/pico-sdk/src/rp2_common/hardware_claim/claim.c.obj
                0x100004d6                hw_claim_unused_from_range
 *fill*         0x10000526        0x2 
 .text.running_on_fpga
                0x10000528       0x14 CMakeFiles/RP2040-ESP32C3_Dev_Board.dir/C_/Users/Caner/Documents/Pico/pico-sdk/src/rp2_common/pico_platform/platform.c.obj
                0x10000528                running_on_fpga
 .text.spin_locks_reset
                0x1000053c       0x20 CMakeFiles/RP2040-ESP32C3_Dev_Board.dir/C_/Users/Caner/Documents/Pico/pico-sdk/src/rp2_common/hardware_sync/sync.c.obj
                0x1000053c                spin_locks_reset
 .text.next_striped_spin_lock_num
                0x1000055c       0x1c CMakeFiles/RP2040-ESP32C3_Dev_Board.dir/C_/Users/Caner/Documents/Pico/pico-sdk/src/rp2_common/hardware_sync/sync.c.obj
                0x1000055c                next_striped_spin_lock_num
 .text.spin_lock_claim_unused
                0x10000578       0x20 CMakeFiles/RP2040-ESP32C3_Dev_Board.dir/C_/Users/Caner/Documents/Pico/pico-sdk/src/rp2_common/hardware_sync/sync.c.obj
                0x10000578                spin_lock_claim_unused
 .text.set_raw_irq_handler_and_unlock
                0x10000598       0x28 CMakeFiles/RP2040-ESP32C3_Dev_Board.dir/C_/Users/Caner/Documents/Pico/pico-sdk/src/rp2_common/hardware_irq/irq.c.obj
 .text.make_branch
                0x100005c0       0x48 CMakeFiles/RP2040-ESP32C3_Dev_Board.dir/C_/Users/Caner/Documents/Pico/pico-sdk/src/rp2_common/hardware_irq/irq.c.obj
 .text.insert_branch_and_link
                0x10000608       0x40 CMakeFiles/RP2040-ESP32C3_Dev_Board.dir/C_/Users/Caner/Documents/Pico/pico-sdk/src/rp2_common/hardware_irq/irq.c.obj
 .text.irq_is_enabled
                0x10000648       0x18 CMakeFiles/RP2040-ESP32C3_Dev_Board.dir/C_/Users/Caner/Documents/Pico/pico-sdk/src/rp2_common/hardware_irq/irq.c.obj
                0x10000648                irq_is_enabled
 .text.irq_set_mask_enabled
                0x10000660       0x20 CMakeFiles/RP2040-ESP32C3_Dev_Board.dir/C_/Users/Caner/Documents/Pico/pico-sdk/src/rp2_common/hardware_irq/irq.c.obj
                0x10000660                irq_set_mask_enabled
 .text.irq_set_enabled
                0x10000680        0xe CMakeFiles/RP2040-ESP32C3_Dev_Board.dir/C_/Users/Caner/Documents/Pico/pico-sdk/src/rp2_common/hardware_irq/irq.c.obj
                0x10000680                irq_set_enabled
 *fill*         0x1000068e        0x2 
 .text.irq_set_pending
                0x10000690       0x10 CMakeFiles/RP2040-ESP32C3_Dev_Board.dir/C_/Users/Caner/Documents/Pico/pico-sdk/src/rp2_common/hardware_irq/irq.c.obj
                0x10000690                irq_set_pending
 .text.irq_get_vtable_handler
                0x100006a0       0x10 CMakeFiles/RP2040-ESP32C3_Dev_Board.dir/C_/Users/Caner/Documents/Pico/pico-sdk/src/rp2_common/hardware_irq/irq.c.obj
                0x100006a0                irq_get_vtable_handler
 .text.irq_has_shared_handler
                0x100006b0       0x24 CMakeFiles/RP2040-ESP32C3_Dev_Board.dir/C_/Users/Caner/Documents/Pico/pico-sdk/src/rp2_common/hardware_irq/irq.c.obj
                0x100006b0                irq_has_shared_handler
 .text.irq_set_exclusive_handler
                0x100006d4       0x54 CMakeFiles/RP2040-ESP32C3_Dev_Board.dir/C_/Users/Caner/Documents/Pico/pico-sdk/src/rp2_common/hardware_irq/irq.c.obj
                0x100006d4                irq_set_exclusive_handler
 .text.irq_add_shared_handler
                0x10000728      0x230 CMakeFiles/RP2040-ESP32C3_Dev_Board.dir/C_/Users/Caner/Documents/Pico/pico-sdk/src/rp2_common/hardware_irq/irq.c.obj
                0x10000728                irq_add_shared_handler
 .text.irq_remove_handler
                0x10000958      0x1a8 CMakeFiles/RP2040-ESP32C3_Dev_Board.dir/C_/Users/Caner/Documents/Pico/pico-sdk/src/rp2_common/hardware_irq/irq.c.obj
                0x10000958                irq_remove_handler
 .text.irq_add_tail_to_free_list
                0x10000b00       0xf0 CMakeFiles/RP2040-ESP32C3_Dev_Board.dir/C_/Users/Caner/Documents/Pico/pico-sdk/src/rp2_common/hardware_irq/irq.c.obj
                0x10000b00                irq_add_tail_to_free_list
 .text.irq_init_priorities
                0x10000bf0       0x1c CMakeFiles/RP2040-ESP32C3_Dev_Board.dir/C_/Users/Caner/Documents/Pico/pico-sdk/src/rp2_common/hardware_irq/irq.c.obj
                0x10000bf0                irq_init_priorities
 .text.user_irq_claim_unused
                0x10000c0c       0x30 CMakeFiles/RP2040-ESP32C3_Dev_Board.dir/C_/Users/Caner/Documents/Pico/pico-sdk/src/rp2_common/hardware_irq/irq.c.obj
                0x10000c0c                user_irq_claim_unused
 .text.lock_init
                0x10000c3c       0x10 CMakeFiles/RP2040-ESP32C3_Dev_Board.dir/C_/Users/Caner/Documents/Pico/pico-sdk/src/common/pico_sync/lock_core.c.obj
                0x10000c3c                lock_init
 .text.alarm_pool_post_alloc_init
                0x10000c4c       0x40 CMakeFiles/RP2040-ESP32C3_Dev_Board.dir/C_/Users/Caner/Documents/Pico/pico-sdk/src/common/pico_time/time.c.obj
 .text.sleep_until_callback
                0x10000c8c       0x30 CMakeFiles/RP2040-ESP32C3_Dev_Board.dir/C_/Users/Caner/Documents/Pico/pico-sdk/src/common/pico_time/time.c.obj
 .text.timer_pool_entry_comparator
                0x10000cbc       0x7c CMakeFiles/RP2040-ESP32C3_Dev_Board.dir/C_/Users/Caner/Documents/Pico/pico-sdk/src/common/pico_time/time.c.obj
                0x10000cbc                timer_pool_entry_comparator
 .text.ph_add_child_node
                0x10000d38       0xa4 CMakeFiles/RP2040-ESP32C3_Dev_Board.dir/C_/Users/Caner/Documents/Pico/pico-sdk/src/common/pico_time/time.c.obj
 .text.ph_merge_nodes
                0x10000ddc       0x3e CMakeFiles/RP2040-ESP32C3_Dev_Board.dir/C_/Users/Caner/Documents/Pico/pico-sdk/src/common/pico_time/time.c.obj
 *fill*         0x10000e1a        0x2 
 .text.add_alarm_under_lock
                0x10000e1c      0x174 CMakeFiles/RP2040-ESP32C3_Dev_Board.dir/C_/Users/Caner/Documents/Pico/pico-sdk/src/common/pico_time/time.c.obj
 .text.alarm_pool_alarm_callback
                0x10000f90      0x328 CMakeFiles/RP2040-ESP32C3_Dev_Board.dir/C_/Users/Caner/Documents/Pico/pico-sdk/src/common/pico_time/time.c.obj
 .text.alarm_pool_init_default
                0x100012b8       0x38 CMakeFiles/RP2040-ESP32C3_Dev_Board.dir/C_/Users/Caner/Documents/Pico/pico-sdk/src/common/pico_time/time.c.obj
                0x100012b8                alarm_pool_init_default
 .text.alarm_pool_get_default
                0x100012f0       0x2c CMakeFiles/RP2040-ESP32C3_Dev_Board.dir/C_/Users/Caner/Documents/Pico/pico-sdk/src/common/pico_time/time.c.obj
                0x100012f0                alarm_pool_get_default
 .text.alarm_pool_add_alarm_at
                0x1000131c      0x170 CMakeFiles/RP2040-ESP32C3_Dev_Board.dir/C_/Users/Caner/Documents/Pico/pico-sdk/src/common/pico_time/time.c.obj
                0x1000131c                alarm_pool_add_alarm_at
 .text.alarm_pool_cancel_alarm
                0x1000148c       0xf0 CMakeFiles/RP2040-ESP32C3_Dev_Board.dir/C_/Users/Caner/Documents/Pico/pico-sdk/src/common/pico_time/time.c.obj
                0x1000148c                alarm_pool_cancel_alarm
 .text.best_effort_wfe_or_timeout
                0x1000157c       0x80 CMakeFiles/RP2040-ESP32C3_Dev_Board.dir/C_/Users/Caner/Documents/Pico/pico-sdk/src/common/pico_time/time.c.obj
                0x1000157c                best_effort_wfe_or_timeout
 .text.hardware_alarm_irq_handler
                0x100015fc       0x8c CMakeFiles/RP2040-ESP32C3_Dev_Board.dir/C_/Users/Caner/Documents/Pico/pico-sdk/src/rp2_common/hardware_timer/timer.c.obj
 .text.hardware_alarm_claim
                0x10001688       0x18 CMakeFiles/RP2040-ESP32C3_Dev_Board.dir/C_/Users/Caner/Documents/Pico/pico-sdk/src/rp2_common/hardware_timer/timer.c.obj
                0x10001688                hardware_alarm_claim
 .text.time_us_64
                0x100016a0       0x18 CMakeFiles/RP2040-ESP32C3_Dev_Board.dir/C_/Users/Caner/Documents/Pico/pico-sdk/src/rp2_common/hardware_timer/timer.c.obj
                0x100016a0                time_us_64
 .text.hardware_alarm_set_callback
                0x100016b8       0x90 CMakeFiles/RP2040-ESP32C3_Dev_Board.dir/C_/Users/Caner/Documents/Pico/pico-sdk/src/rp2_common/hardware_timer/timer.c.obj
                0x100016b8                hardware_alarm_set_callback
 .text.hardware_alarm_set_target
                0x10001748       0xe8 CMakeFiles/RP2040-ESP32C3_Dev_Board.dir/C_/Users/Caner/Documents/Pico/pico-sdk/src/rp2_common/hardware_timer/timer.c.obj
                0x10001748                hardware_alarm_set_target
 .text.hardware_alarm_cancel
                0x10001830       0x40 CMakeFiles/RP2040-ESP32C3_Dev_Board.dir/C_/Users/Caner/Documents/Pico/pico-sdk/src/rp2_common/hardware_timer/timer.c.obj
                0x10001830                hardware_alarm_cancel
 .text.ph_add_child_node
                0x10001870       0xa4 CMakeFiles/RP2040-ESP32C3_Dev_Board.dir/C_/Users/Caner/Documents/Pico/pico-sdk/src/common/pico_util/pheap.c.obj
 .text.ph_merge_nodes
                0x10001914       0x3e CMakeFiles/RP2040-ESP32C3_Dev_Board.dir/C_/Users/Caner/Documents/Pico/pico-sdk/src/common/pico_util/pheap.c.obj
 *fill*         0x10001952        0x2 
 .text.ph_clear
                0x10001954       0x70 CMakeFiles/RP2040-ESP32C3_Dev_Board.dir/C_/Users/Caner/Documents/Pico/pico-sdk/src/common/pico_util/pheap.c.obj
                0x10001954                ph_clear
 .text.ph_post_alloc_init
                0x100019c4        0xe CMakeFiles/RP2040-ESP32C3_Dev_Board.dir/C_/Users/Caner/Documents/Pico/pico-sdk/src/common/pico_util/pheap.c.obj
                0x100019c4                ph_post_alloc_init
 *fill*         0x100019d2        0x2 
 .text.ph_merge_two_pass
                0x100019d4       0xa8 CMakeFiles/RP2040-ESP32C3_Dev_Board.dir/C_/Users/Caner/Documents/Pico/pico-sdk/src/common/pico_util/pheap.c.obj
                0x100019d4                ph_merge_two_pass
 .text.ph_remove_any_head
                0x10001a7c      0x108 CMakeFiles/RP2040-ESP32C3_Dev_Board.dir/C_/Users/Caner/Documents/Pico/pico-sdk/src/common/pico_util/pheap.c.obj
 .text.ph_remove_head
                0x10001b84       0x14 CMakeFiles/RP2040-ESP32C3_Dev_Board.dir/C_/Users/Caner/Documents/Pico/pico-sdk/src/common/pico_util/pheap.c.obj
                0x10001b84                ph_remove_head
 .text.ph_remove_and_free_node
                0x10001b98       0xf8 CMakeFiles/RP2040-ESP32C3_Dev_Board.dir/C_/Users/Caner/Documents/Pico/pico-sdk/src/common/pico_util/pheap.c.obj
                0x10001b98                ph_remove_and_free_node
 .text.mutex_init
                0x10001c90       0x1a CMakeFiles/RP2040-ESP32C3_Dev_Board.dir/C_/Users/Caner/Documents/Pico/pico-sdk/src/common/pico_sync/mutex.c.obj
                0x10001c90                mutex_init
 .text.recursive_mutex_init
                0x10001caa       0x1e CMakeFiles/RP2040-ESP32C3_Dev_Board.dir/C_/Users/Caner/Documents/Pico/pico-sdk/src/common/pico_sync/mutex.c.obj
                0x10001caa                recursive_mutex_init
 .text.critical_section_init_with_lock_num
                0x10001cc8       0x14 CMakeFiles/RP2040-ESP32C3_Dev_Board.dir/C_/Users/Caner/Documents/Pico/pico-sdk/src/common/pico_sync/critical_section.c.obj
                0x10001cc8                critical_section_init_with_lock_num
 .text.critical_section_init
                0x10001cdc       0x14 CMakeFiles/RP2040-ESP32C3_Dev_Board.dir/C_/Users/Caner/Documents/Pico/pico-sdk/src/common/pico_sync/critical_section.c.obj
                0x10001cdc                critical_section_init
 .text._exit    0x10001cf0        0x4 CMakeFiles/RP2040-ESP32C3_Dev_Board.dir/C_/Users/Caner/Documents/Pico/pico-sdk/src/rp2_common/pico_runtime/runtime.c.obj
                0x10001cf0                _exit
 .text.exit     0x10001cf4        0x6 CMakeFiles/RP2040-ESP32C3_Dev_Board.dir/C_/Users/Caner/Documents/Pico/pico-sdk/src/rp2_common/pico_runtime/runtime.c.obj
                0x10001cf4                exit
 *fill*         0x10001cfa        0x2 
 .text.__assert_func
                0x10001cfc       0x3c CMakeFiles/RP2040-ESP32C3_Dev_Board.dir/C_/Users/Caner/Documents/Pico/pico-sdk/src/rp2_common/pico_runtime/runtime.c.obj
                0x10001cfc                __assert_func
 .text.runtime_init
                0x10001d38       0xf8 CMakeFiles/RP2040-ESP32C3_Dev_Board.dir/C_/Users/Caner/Documents/Pico/pico-sdk/src/rp2_common/pico_runtime/runtime.c.obj
                0x10001d38                runtime_init
 .text.panic    0x10001e30       0x30 CMakeFiles/RP2040-ESP32C3_Dev_Board.dir/C_/Users/Caner/Documents/Pico/pico-sdk/src/rp2_common/pico_runtime/runtime.c.obj
                0x10001e30                panic
 .text.clock_configure
                0x10001e60      0x104 CMakeFiles/RP2040-ESP32C3_Dev_Board.dir/C_/Users/Caner/Documents/Pico/pico-sdk/src/rp2_common/hardware_clocks/clocks.c.obj
                0x10001e60                clock_configure
 .text.clocks_init
                0x10001f64      0x100 CMakeFiles/RP2040-ESP32C3_Dev_Board.dir/C_/Users/Caner/Documents/Pico/pico-sdk/src/rp2_common/hardware_clocks/clocks.c.obj
                0x10001f64                clocks_init
 .text.clock_get_hz
                0x10002064        0xc CMakeFiles/RP2040-ESP32C3_Dev_Board.dir/C_/Users/Caner/Documents/Pico/pico-sdk/src/rp2_common/hardware_clocks/clocks.c.obj
                0x10002064                clock_get_hz
 .text.pll_init
                0x10002070      0x140 CMakeFiles/RP2040-ESP32C3_Dev_Board.dir/C_/Users/Caner/Documents/Pico/pico-sdk/src/rp2_common/hardware_pll/pll.c.obj
                0x10002070                pll_init
 .text.watchdog_start_tick
                0x100021b0       0x10 CMakeFiles/RP2040-ESP32C3_Dev_Board.dir/C_/Users/Caner/Documents/Pico/pico-sdk/src/rp2_common/hardware_watchdog/watchdog.c.obj
                0x100021b0                watchdog_start_tick
 .text.watchdog_update
                0x100021c0       0x14 CMakeFiles/RP2040-ESP32C3_Dev_Board.dir/C_/Users/Caner/Documents/Pico/pico-sdk/src/rp2_common/hardware_watchdog/watchdog.c.obj
                0x100021c0                watchdog_update
 .text._watchdog_enable
                0x100021d4       0x78 CMakeFiles/RP2040-ESP32C3_Dev_Board.dir/C_/Users/Caner/Documents/Pico/pico-sdk/src/rp2_common/hardware_watchdog/watchdog.c.obj
                0x100021d4                _watchdog_enable
 .text.watchdog_reboot
                0x1000224c       0x48 CMakeFiles/RP2040-ESP32C3_Dev_Board.dir/C_/Users/Caner/Documents/Pico/pico-sdk/src/rp2_common/hardware_watchdog/watchdog.c.obj
                0x1000224c                watchdog_reboot
 .text.xosc_init
                0x10002294       0x28 CMakeFiles/RP2040-ESP32C3_Dev_Board.dir/C_/Users/Caner/Documents/Pico/pico-sdk/src/rp2_common/hardware_xosc/xosc.c.obj
                0x10002294                xosc_init
 .text._out_null
                0x100022bc        0x2 CMakeFiles/RP2040-ESP32C3_Dev_Board.dir/C_/Users/Caner/Documents/Pico/pico-sdk/src/rp2_common/pico_printf/printf.c.obj
 .text._out_fct
                0x100022be        0xe CMakeFiles/RP2040-ESP32C3_Dev_Board.dir/C_/Users/Caner/Documents/Pico/pico-sdk/src/rp2_common/pico_printf/printf.c.obj
 .text._atoi    0x100022cc       0x24 CMakeFiles/RP2040-ESP32C3_Dev_Board.dir/C_/Users/Caner/Documents/Pico/pico-sdk/src/rp2_common/pico_printf/printf.c.obj
 .text._out_rev
                0x100022f0       0xae CMakeFiles/RP2040-ESP32C3_Dev_Board.dir/C_/Users/Caner/Documents/Pico/pico-sdk/src/rp2_common/pico_printf/printf.c.obj
 .text._ntoa_format
                0x1000239e      0x112 CMakeFiles/RP2040-ESP32C3_Dev_Board.dir/C_/Users/Caner/Documents/Pico/pico-sdk/src/rp2_common/pico_printf/printf.c.obj
 .text._ntoa_long
                0x100024b0       0xbc CMakeFiles/RP2040-ESP32C3_Dev_Board.dir/C_/Users/Caner/Documents/Pico/pico-sdk/src/rp2_common/pico_printf/printf.c.obj
 .text._ntoa_long_long
                0x1000256c       0xe2 CMakeFiles/RP2040-ESP32C3_Dev_Board.dir/C_/Users/Caner/Documents/Pico/pico-sdk/src/rp2_common/pico_printf/printf.c.obj
 *fill*         0x1000264e        0x2 
 .text._etoa    0x10002650      0x414 CMakeFiles/RP2040-ESP32C3_Dev_Board.dir/C_/Users/Caner/Documents/Pico/pico-sdk/src/rp2_common/pico_printf/printf.c.obj
 .text._ftoa    0x10002a64      0x354 CMakeFiles/RP2040-ESP32C3_Dev_Board.dir/C_/Users/Caner/Documents/Pico/pico-sdk/src/rp2_common/pico_printf/printf.c.obj
 .text._vsnprintf
                0x10002db8      0x624 CMakeFiles/RP2040-ESP32C3_Dev_Board.dir/C_/Users/Caner/Documents/Pico/pico-sdk/src/rp2_common/pico_printf/printf.c.obj
 .text.vfctprintf
                0x100033dc       0x20 CMakeFiles/RP2040-ESP32C3_Dev_Board.dir/C_/Users/Caner/Documents/Pico/pico-sdk/src/rp2_common/pico_printf/printf.c.obj
                0x100033dc                vfctprintf
 .text          0x100033fc       0x10 CMakeFiles/RP2040-ESP32C3_Dev_Board.dir/C_/Users/Caner/Documents/Pico/pico-sdk/src/rp2_common/pico_bit_ops/bit_ops_aeabi.S.obj
 .text.rom_func_lookup
                0x1000340c       0x10 CMakeFiles/RP2040-ESP32C3_Dev_Board.dir/C_/Users/Caner/Documents/Pico/pico-sdk/src/rp2_common/pico_bootrom/bootrom.c.obj
                0x1000340c                rom_func_lookup
 .text.rom_data_lookup
                0x1000341c       0x10 CMakeFiles/RP2040-ESP32C3_Dev_Board.dir/C_/Users/Caner/Documents/Pico/pico-sdk/src/rp2_common/pico_bootrom/bootrom.c.obj
                0x1000341c                rom_data_lookup
 .text.rom_funcs_lookup
                0x1000342c       0x36 CMakeFiles/RP2040-ESP32C3_Dev_Board.dir/C_/Users/Caner/Documents/Pico/pico-sdk/src/rp2_common/pico_bootrom/bootrom.c.obj
                0x1000342c                rom_funcs_lookup
 *fill*         0x10003462        0x2 
 .text.__wrap___aeabi_idiv
                0x10003464       0x50 CMakeFiles/RP2040-ESP32C3_Dev_Board.dir/C_/Users/Caner/Documents/Pico/pico-sdk/src/rp2_common/pico_divider/divider.S.obj
                0x10003464                __wrap___aeabi_idivmod
                0x10003464                divmod_s32s32
                0x10003464                div_s32s32
                0x10003464                __wrap___aeabi_idiv
                0x1000346c                divmod_s32s32_unsafe
                0x10003498                divmod_s32s32_savestate
 .text.__wrap___aeabi_uidiv
                0x100034b4       0x4c CMakeFiles/RP2040-ESP32C3_Dev_Board.dir/C_/Users/Caner/Documents/Pico/pico-sdk/src/rp2_common/pico_divider/divider.S.obj
                0x100034b4                __wrap___aeabi_uidiv
                0x100034b4                __wrap___aeabi_uidivmod
                0x100034b4                div_u32u32
                0x100034b4                divmod_u32u32
                0x100034bc                divmod_u32u32_unsafe
                0x100034e4                divmod_u32u32_savestate
 .text.__wrap___aeabi_ldiv
                0x10003500      0x434 CMakeFiles/RP2040-ESP32C3_Dev_Board.dir/C_/Users/Caner/Documents/Pico/pico-sdk/src/rp2_common/pico_divider/divider.S.obj
                0x10003500                div_s64s64
                0x10003500                divmod_s64s64
                0x10003500                __wrap___aeabi_ldivmod
                0x10003538                divmod_u64u64
                0x10003538                div_u64u64
                0x10003538                __wrap___aeabi_uldivmod
                0x10003548                divmod_u64u64_savestate
                0x10003570                divmod_s64s64_unsafe
                0x100035f8                divmod_u64u64_unsafe
 .text.__wrap___aeabi_darithmetic
                0x10003934       0x80 CMakeFiles/RP2040-ESP32C3_Dev_Board.dir/C_/Users/Caner/Documents/Pico/pico-sdk/src/rp2_common/pico_double/double_aeabi.S.obj
                0x10003934                __wrap___aeabi_drsub
                0x1000393a                __wrap___aeabi_dsub
                0x1000394c                __wrap___aeabi_dadd
                0x1000395e                __wrap___aeabi_ddiv
                0x1000399a                __wrap___aeabi_dmul
 .text.__wrap___aeabi_cdcmple
                0x100039b4       0x6c CMakeFiles/RP2040-ESP32C3_Dev_Board.dir/C_/Users/Caner/Documents/Pico/pico-sdk/src/rp2_common/pico_double/double_aeabi.S.obj
                0x100039b4                __wrap___aeabi_cdrcmple
                0x100039c4                __wrap___aeabi_cdcmpeq
                0x100039c4                __wrap___aeabi_cdcmple
 .text.__wrap___aeabi_dcmplt
                0x10003a20        0xc CMakeFiles/RP2040-ESP32C3_Dev_Board.dir/C_/Users/Caner/Documents/Pico/pico-sdk/src/rp2_common/pico_double/double_aeabi.S.obj
                0x10003a20                __wrap___aeabi_dcmplt
 .text.__wrap___aeabi_dcmple
                0x10003a2c       0x10 CMakeFiles/RP2040-ESP32C3_Dev_Board.dir/C_/Users/Caner/Documents/Pico/pico-sdk/src/rp2_common/pico_double/double_aeabi.S.obj
                0x10003a2c                __wrap___aeabi_dcmple
 .text.__wrap___aeabi_dcmpge
                0x10003a3c       0x10 CMakeFiles/RP2040-ESP32C3_Dev_Board.dir/C_/Users/Caner/Documents/Pico/pico-sdk/src/rp2_common/pico_double/double_aeabi.S.obj
                0x10003a3c                __wrap___aeabi_dcmpge
 .text.__wrap___aeabi_dcmpgt
                0x10003a4c        0xa CMakeFiles/RP2040-ESP32C3_Dev_Board.dir/C_/Users/Caner/Documents/Pico/pico-sdk/src/rp2_common/pico_double/double_aeabi.S.obj
                0x10003a4c                __wrap___aeabi_dcmpgt
 .text.__wrap___aeabi_dcmpun
                0x10003a56       0x1c CMakeFiles/RP2040-ESP32C3_Dev_Board.dir/C_/Users/Caner/Documents/Pico/pico-sdk/src/rp2_common/pico_double/double_aeabi.S.obj
                0x10003a56                __wrap___aeabi_dcmpun
 *fill*         0x10003a72        0x2 
 .text.__wrap___aeabi_i2d
                0x10003a74       0x38 CMakeFiles/RP2040-ESP32C3_Dev_Board.dir/C_/Users/Caner/Documents/Pico/pico-sdk/src/rp2_common/pico_double/double_aeabi.S.obj
                0x10003a74                __wrap___aeabi_ui2d
                0x10003a7c                __wrap___aeabi_i2d
 .text.__wrap___aeabi_d2iz
                0x10003aac       0x48 CMakeFiles/RP2040-ESP32C3_Dev_Board.dir/C_/Users/Caner/Documents/Pico/pico-sdk/src/rp2_common/pico_double/double_aeabi.S.obj
                0x10003aac                double2int_z
                0x10003aac                __wrap___aeabi_d2iz
 .text.__wrap___aeabi_d2uiz
                0x10003af4       0x18 CMakeFiles/RP2040-ESP32C3_Dev_Board.dir/C_/Users/Caner/Documents/Pico/pico-sdk/src/rp2_common/pico_double/double_aeabi.S.obj
                0x10003af4                __wrap___aeabi_d2uiz
                0x10003af4                double2uint
 .text.__aeabi_double_init
                0x10003b0c       0xc8 CMakeFiles/RP2040-ESP32C3_Dev_Board.dir/C_/Users/Caner/Documents/Pico/pico-sdk/src/rp2_common/pico_double/double_init_rom.c.obj
                0x10003b0c                __aeabi_double_init
 .text.double_table_shim_on_use_helper
                0x10003bd4       0x34 CMakeFiles/RP2040-ESP32C3_Dev_Board.dir/C_/Users/Caner/Documents/Pico/pico-sdk/src/rp2_common/pico_double/double_v1_rom_shim.S.obj
                0x10003bd4                double_table_shim_on_use_helper
 .text.__wrap___aeabi_dsub
                0x10003c08       0x10 CMakeFiles/RP2040-ESP32C3_Dev_Board.dir/C_/Users/Caner/Documents/Pico/pico-sdk/src/rp2_common/pico_double/double_v1_rom_shim.S.obj
                0x10003c08                drsub_shim
                0x10003c0e                dsub_shim
 .text.dadd_shim
                0x10003c18      0x15c CMakeFiles/RP2040-ESP32C3_Dev_Board.dir/C_/Users/Caner/Documents/Pico/pico-sdk/src/rp2_common/pico_double/double_v1_rom_shim.S.obj
                0x10003c18                dadd_shim
 .text.dmul_shim
                0x10003d74      0x15c CMakeFiles/RP2040-ESP32C3_Dev_Board.dir/C_/Users/Caner/Documents/Pico/pico-sdk/src/rp2_common/pico_double/double_v1_rom_shim.S.obj
                0x10003d74                dmul_shim
 .text.ddiv_shim
                0x10003ed0      0x1b0 CMakeFiles/RP2040-ESP32C3_Dev_Board.dir/C_/Users/Caner/Documents/Pico/pico-sdk/src/rp2_common/pico_double/double_v1_rom_shim.S.obj
                0x10003ed0                ddiv_shim
 .text.double2uint_shim
                0x10004080        0xe CMakeFiles/RP2040-ESP32C3_Dev_Board.dir/C_/Users/Caner/Documents/Pico/pico-sdk/src/rp2_common/pico_double/double_v1_rom_shim.S.obj
                0x10004080                double2uint_shim
                0x10004082                double2ufix_shim
 *fill*         0x1000408e        0x2 
 .text.double2uint64_shim
                0x10004090       0x70 CMakeFiles/RP2040-ESP32C3_Dev_Board.dir/C_/Users/Caner/Documents/Pico/pico-sdk/src/rp2_common/pico_double/double_v1_rom_shim.S.obj
                0x10004090                double2uint64_shim
                0x10004092                double2ufix64_shim
                0x100040b2                d2fix_a
 .text.dunpacks
                0x10004100       0x3c CMakeFiles/RP2040-ESP32C3_Dev_Board.dir/C_/Users/Caner/Documents/Pico/pico-sdk/src/rp2_common/pico_double/double_v1_rom_shim.S.obj
                0x10004100                dunpacks
 .text.__aeabi_lmul
                0x1000413c       0x32 CMakeFiles/RP2040-ESP32C3_Dev_Board.dir/C_/Users/Caner/Documents/Pico/pico-sdk/src/rp2_common/pico_int64_ops/pico_int64_ops_aeabi.S.obj
                0x1000413c                __wrap___aeabi_lmul
 *fill*         0x1000416e        0x2 
 .text.__aeabi_float_init
                0x10004170       0xfc CMakeFiles/RP2040-ESP32C3_Dev_Board.dir/C_/Users/Caner/Documents/Pico/pico-sdk/src/rp2_common/pico_float/float_init_rom.c.obj
                0x10004170                __aeabi_float_init
 .text.float_table_shim_on_use_helper
                0x1000426c       0x34 CMakeFiles/RP2040-ESP32C3_Dev_Board.dir/C_/Users/Caner/Documents/Pico/pico-sdk/src/rp2_common/pico_float/float_v1_rom_shim.S.obj
                0x1000426c                float_table_shim_on_use_helper
 .text          0x100042a0       0x10 CMakeFiles/RP2040-ESP32C3_Dev_Board.dir/C_/Users/Caner/Documents/Pico/pico-sdk/src/rp2_common/pico_mem_ops/mem_ops_aeabi.S.obj
                0x100042a0                __aeabi_mem_init
 .text.memset   0x100042b0        0xc CMakeFiles/RP2040-ESP32C3_Dev_Board.dir/C_/Users/Caner/Documents/Pico/pico-sdk/src/rp2_common/pico_mem_ops/mem_ops_aeabi.S.obj
                0x100042b0                __wrap_memset
 .text.memcpy   0x100042bc        0xc CMakeFiles/RP2040-ESP32C3_Dev_Board.dir/C_/Users/Caner/Documents/Pico/pico-sdk/src/rp2_common/pico_mem_ops/mem_ops_aeabi.S.obj
                0x100042bc                __wrap_memcpy
                0x100042bc                __wrap___aeabi_memcpy
 .text.stdio_out_chars_no_crlf
                0x100042c8        0xe CMakeFiles/RP2040-ESP32C3_Dev_Board.dir/C_/Users/Caner/Documents/Pico/pico-sdk/src/rp2_common/pico_stdio/stdio.c.obj
 *fill*         0x100042d6        0x2 
 .text.stdio_out_chars_crlf
                0x100042d8       0x80 CMakeFiles/RP2040-ESP32C3_Dev_Board.dir/C_/Users/Caner/Documents/Pico/pico-sdk/src/rp2_common/pico_stdio/stdio.c.obj
 .text.stdio_stack_buffer_flush
                0x10004358       0x44 CMakeFiles/RP2040-ESP32C3_Dev_Board.dir/C_/Users/Caner/Documents/Pico/pico-sdk/src/rp2_common/pico_stdio/stdio.c.obj
 .text.stdio_buffered_printer
                0x1000439c       0x20 CMakeFiles/RP2040-ESP32C3_Dev_Board.dir/C_/Users/Caner/Documents/Pico/pico-sdk/src/rp2_common/pico_stdio/stdio.c.obj
 .text.stdout_serialize_begin
                0x100043bc       0x30 CMakeFiles/RP2040-ESP32C3_Dev_Board.dir/C_/Users/Caner/Documents/Pico/pico-sdk/src/rp2_common/pico_stdio/stdio.c.obj
                0x100043bc                stdout_serialize_begin
 .text.stdout_serialize_end
                0x100043ec       0x10 CMakeFiles/RP2040-ESP32C3_Dev_Board.dir/C_/Users/Caner/Documents/Pico/pico-sdk/src/rp2_common/pico_stdio/stdio.c.obj
                0x100043ec                stdout_serialize_end
 .text.stdio_put_string
                0x100043fc       0x98 CMakeFiles/RP2040-ESP32C3_Dev_Board.dir/C_/Users/Caner/Documents/Pico/pico-sdk/src/rp2_common/pico_stdio/stdio.c.obj
 .text.stdio_set_driver_enabled
                0x10004494       0x2c CMakeFiles/RP2040-ESP32C3_Dev_Board.dir/C_/Users/Caner/Documents/Pico/pico-sdk/src/rp2_common/pico_stdio/stdio.c.obj
                0x10004494                stdio_set_driver_enabled
 .text.stdio_flush
                0x100044c0       0x20 CMakeFiles/RP2040-ESP32C3_Dev_Board.dir/C_/Users/Caner/Documents/Pico/pico-sdk/src/rp2_common/pico_stdio/stdio.c.obj
                0x100044c0                stdio_flush
 .text.__wrap_puts
                0x100044e0       0x1e CMakeFiles/RP2040-ESP32C3_Dev_Board.dir/C_/Users/Caner/Documents/Pico/pico-sdk/src/rp2_common/pico_stdio/stdio.c.obj
                0x100044e0                __wrap_puts
 *fill*         0x100044fe        0x2 
 .text.__wrap_vprintf
                0x10004500       0x44 CMakeFiles/RP2040-ESP32C3_Dev_Board.dir/C_/Users/Caner/Documents/Pico/pico-sdk/src/rp2_common/pico_stdio/stdio.c.obj
                0x10004500                __wrap_vprintf
 .text.__wrap_printf
                0x10004544       0x18 CMakeFiles/RP2040-ESP32C3_Dev_Board.dir/C_/Users/Caner/Documents/Pico/pico-sdk/src/rp2_common/pico_stdio/stdio.c.obj
                0x10004544                __wrap_printf
 .text.stdio_init_all
                0x1000455c        0x8 CMakeFiles/RP2040-ESP32C3_Dev_Board.dir/C_/Users/Caner/Documents/Pico/pico-sdk/src/rp2_common/pico_stdio/stdio.c.obj
                0x1000455c                stdio_init_all
 .text.resetd_init
                0x10004564        0x2 CMakeFiles/RP2040-ESP32C3_Dev_Board.dir/C_/Users/Caner/Documents/Pico/pico-sdk/src/rp2_common/pico_stdio_usb/reset_interface.c.obj
 *fill*         0x10004566        0x2 
 .text.resetd_reset
                0x10004568        0xc CMakeFiles/RP2040-ESP32C3_Dev_Board.dir/C_/Users/Caner/Documents/Pico/pico-sdk/src/rp2_common/pico_stdio_usb/reset_interface.c.obj
 .text.resetd_open
                0x10004574       0x34 CMakeFiles/RP2040-ESP32C3_Dev_Board.dir/C_/Users/Caner/Documents/Pico/pico-sdk/src/rp2_common/pico_stdio_usb/reset_interface.c.obj
 .text.resetd_xfer_cb
                0x100045a8        0x4 CMakeFiles/RP2040-ESP32C3_Dev_Board.dir/C_/Users/Caner/Documents/Pico/pico-sdk/src/rp2_common/pico_stdio_usb/reset_interface.c.obj
 .text.reset_usb_boot
                0x100045ac       0x18 CMakeFiles/RP2040-ESP32C3_Dev_Board.dir/C_/Users/Caner/Documents/Pico/pico-sdk/src/rp2_common/pico_stdio_usb/reset_interface.c.obj
 .text.resetd_control_xfer_cb
                0x100045c4       0x5c CMakeFiles/RP2040-ESP32C3_Dev_Board.dir/C_/Users/Caner/Documents/Pico/pico-sdk/src/rp2_common/pico_stdio_usb/reset_interface.c.obj
 .text.usbd_app_driver_get_cb
                0x10004620        0xc CMakeFiles/RP2040-ESP32C3_Dev_Board.dir/C_/Users/Caner/Documents/Pico/pico-sdk/src/rp2_common/pico_stdio_usb/reset_interface.c.obj
                0x10004620                usbd_app_driver_get_cb
 .text.tud_cdc_line_coding_cb
                0x1000462c       0x28 CMakeFiles/RP2040-ESP32C3_Dev_Board.dir/C_/Users/Caner/Documents/Pico/pico-sdk/src/rp2_common/pico_stdio_usb/reset_interface.c.obj
                0x1000462c                tud_cdc_line_coding_cb
 .text.stdio_usb_in_chars
                0x10004654       0x70 CMakeFiles/RP2040-ESP32C3_Dev_Board.dir/C_/Users/Caner/Documents/Pico/pico-sdk/src/rp2_common/pico_stdio_usb/stdio_usb.c.obj
                0x10004654                stdio_usb_in_chars
 .text.low_priority_worker_irq
                0x100046c4       0x20 CMakeFiles/RP2040-ESP32C3_Dev_Board.dir/C_/Users/Caner/Documents/Pico/pico-sdk/src/rp2_common/pico_stdio_usb/stdio_usb.c.obj
 .text.stdio_usb_out_chars
                0x100046e4       0xd4 CMakeFiles/RP2040-ESP32C3_Dev_Board.dir/C_/Users/Caner/Documents/Pico/pico-sdk/src/rp2_common/pico_stdio_usb/stdio_usb.c.obj
 .text.timer_task
                0x100047b8       0x40 CMakeFiles/RP2040-ESP32C3_Dev_Board.dir/C_/Users/Caner/Documents/Pico/pico-sdk/src/rp2_common/pico_stdio_usb/stdio_usb.c.obj
 .text.usb_irq  0x100047f8       0x10 CMakeFiles/RP2040-ESP32C3_Dev_Board.dir/C_/Users/Caner/Documents/Pico/pico-sdk/src/rp2_common/pico_stdio_usb/stdio_usb.c.obj
 .text.stdio_usb_init
                0x10004808       0xec CMakeFiles/RP2040-ESP32C3_Dev_Board.dir/C_/Users/Caner/Documents/Pico/pico-sdk/src/rp2_common/pico_stdio_usb/stdio_usb.c.obj
                0x10004808                stdio_usb_init
 .text.tud_descriptor_device_cb
                0x100048f4        0x8 CMakeFiles/RP2040-ESP32C3_Dev_Board.dir/C_/Users/Caner/Documents/Pico/pico-sdk/src/rp2_common/pico_stdio_usb/stdio_usb_descriptors.c.obj
                0x100048f4                tud_descriptor_device_cb
 .text.tud_descriptor_configuration_cb
                0x100048fc        0x8 CMakeFiles/RP2040-ESP32C3_Dev_Board.dir/C_/Users/Caner/Documents/Pico/pico-sdk/src/rp2_common/pico_stdio_usb/stdio_usb_descriptors.c.obj
                0x100048fc                tud_descriptor_configuration_cb
 .text.tud_descriptor_string_cb
                0x10004904       0x6c CMakeFiles/RP2040-ESP32C3_Dev_Board.dir/C_/Users/Caner/Documents/Pico/pico-sdk/src/rp2_common/pico_stdio_usb/stdio_usb_descriptors.c.obj
                0x10004904                tud_descriptor_string_cb
 .text.hw_endpoint_get_by_addr
                0x10004970       0x18 CMakeFiles/RP2040-ESP32C3_Dev_Board.dir/C_/Users/Caner/Documents/Pico/pico-sdk/lib/tinyusb/src/portable/raspberrypi/rp2040/dcd_rp2040.c.obj
 .text.reset_ep0_pid
                0x10004988       0x28 CMakeFiles/RP2040-ESP32C3_Dev_Board.dir/C_/Users/Caner/Documents/Pico/pico-sdk/lib/tinyusb/src/portable/raspberrypi/rp2040/dcd_rp2040.c.obj
 .text._hw_endpoint_alloc
                0x100049b0       0x70 CMakeFiles/RP2040-ESP32C3_Dev_Board.dir/C_/Users/Caner/Documents/Pico/pico-sdk/lib/tinyusb/src/portable/raspberrypi/rp2040/dcd_rp2040.c.obj
 .text.hw_endpoint_init
                0x10004a20       0x88 CMakeFiles/RP2040-ESP32C3_Dev_Board.dir/C_/Users/Caner/Documents/Pico/pico-sdk/lib/tinyusb/src/portable/raspberrypi/rp2040/dcd_rp2040.c.obj
 .text.reset_non_control_endpoints
                0x10004aa8       0x40 CMakeFiles/RP2040-ESP32C3_Dev_Board.dir/C_/Users/Caner/Documents/Pico/pico-sdk/lib/tinyusb/src/portable/raspberrypi/rp2040/dcd_rp2040.c.obj
 .text.hw_handle_buff_status
                0x10004ae8       0x8c CMakeFiles/RP2040-ESP32C3_Dev_Board.dir/C_/Users/Caner/Documents/Pico/pico-sdk/lib/tinyusb/src/portable/raspberrypi/rp2040/dcd_rp2040.c.obj
 .text.dcd_rp2040_irq
                0x10004b74       0xc0 CMakeFiles/RP2040-ESP32C3_Dev_Board.dir/C_/Users/Caner/Documents/Pico/pico-sdk/lib/tinyusb/src/portable/raspberrypi/rp2040/dcd_rp2040.c.obj
 .text.hw_endpoint_xfer
                0x10004c34       0x14 CMakeFiles/RP2040-ESP32C3_Dev_Board.dir/C_/Users/Caner/Documents/Pico/pico-sdk/lib/tinyusb/src/portable/raspberrypi/rp2040/dcd_rp2040.c.obj
 .text.dcd_int_enable
                0x10004c48       0x2c CMakeFiles/RP2040-ESP32C3_Dev_Board.dir/C_/Users/Caner/Documents/Pico/pico-sdk/lib/tinyusb/src/portable/raspberrypi/rp2040/dcd_rp2040.c.obj
                0x10004c48                dcd_int_enable
 .text.dcd_set_address
                0x10004c74       0x2c CMakeFiles/RP2040-ESP32C3_Dev_Board.dir/C_/Users/Caner/Documents/Pico/pico-sdk/lib/tinyusb/src/portable/raspberrypi/rp2040/dcd_rp2040.c.obj
                0x10004c74                dcd_set_address
 .text.dcd_connect
                0x10004ca0       0x10 CMakeFiles/RP2040-ESP32C3_Dev_Board.dir/C_/Users/Caner/Documents/Pico/pico-sdk/lib/tinyusb/src/portable/raspberrypi/rp2040/dcd_rp2040.c.obj
                0x10004ca0                dcd_connect
 .text.dcd_init
                0x10004cb0       0x7c CMakeFiles/RP2040-ESP32C3_Dev_Board.dir/C_/Users/Caner/Documents/Pico/pico-sdk/lib/tinyusb/src/portable/raspberrypi/rp2040/dcd_rp2040.c.obj
                0x10004cb0                dcd_init
 .text.dcd_edpt0_status_complete
                0x10004d2c       0x1c CMakeFiles/RP2040-ESP32C3_Dev_Board.dir/C_/Users/Caner/Documents/Pico/pico-sdk/lib/tinyusb/src/portable/raspberrypi/rp2040/dcd_rp2040.c.obj
                0x10004d2c                dcd_edpt0_status_complete
 .text.dcd_edpt_open
                0x10004d48       0x40 CMakeFiles/RP2040-ESP32C3_Dev_Board.dir/C_/Users/Caner/Documents/Pico/pico-sdk/lib/tinyusb/src/portable/raspberrypi/rp2040/dcd_rp2040.c.obj
                0x10004d48                dcd_edpt_open
 .text.dcd_edpt_close_all
                0x10004d88        0x8 CMakeFiles/RP2040-ESP32C3_Dev_Board.dir/C_/Users/Caner/Documents/Pico/pico-sdk/lib/tinyusb/src/portable/raspberrypi/rp2040/dcd_rp2040.c.obj
                0x10004d88                dcd_edpt_close_all
 .text.dcd_edpt_xfer
                0x10004d90       0x30 CMakeFiles/RP2040-ESP32C3_Dev_Board.dir/C_/Users/Caner/Documents/Pico/pico-sdk/lib/tinyusb/src/portable/raspberrypi/rp2040/dcd_rp2040.c.obj
                0x10004d90                dcd_edpt_xfer
 .text.dcd_edpt_stall
                0x10004dc0       0x2c CMakeFiles/RP2040-ESP32C3_Dev_Board.dir/C_/Users/Caner/Documents/Pico/pico-sdk/lib/tinyusb/src/portable/raspberrypi/rp2040/dcd_rp2040.c.obj
                0x10004dc0                dcd_edpt_stall
 .text.dcd_edpt_clear_stall
                0x10004dec       0x20 CMakeFiles/RP2040-ESP32C3_Dev_Board.dir/C_/Users/Caner/Documents/Pico/pico-sdk/lib/tinyusb/src/portable/raspberrypi/rp2040/dcd_rp2040.c.obj
                0x10004dec                dcd_edpt_clear_stall
 .text.prepare_ep_buffer
                0x10004e0c       0x70 CMakeFiles/RP2040-ESP32C3_Dev_Board.dir/C_/Users/Caner/Documents/Pico/pico-sdk/lib/tinyusb/src/portable/raspberrypi/rp2040/rp2040_usb.c.obj
 .text.sync_ep_buffer
                0x10004e7c       0x7c CMakeFiles/RP2040-ESP32C3_Dev_Board.dir/C_/Users/Caner/Documents/Pico/pico-sdk/lib/tinyusb/src/portable/raspberrypi/rp2040/rp2040_usb.c.obj
 .text._hw_endpoint_xfer_sync
                0x10004ef8       0x28 CMakeFiles/RP2040-ESP32C3_Dev_Board.dir/C_/Users/Caner/Documents/Pico/pico-sdk/lib/tinyusb/src/portable/raspberrypi/rp2040/rp2040_usb.c.obj
 .text.rp2040_usb_init
                0x10004f20       0x4c CMakeFiles/RP2040-ESP32C3_Dev_Board.dir/C_/Users/Caner/Documents/Pico/pico-sdk/lib/tinyusb/src/portable/raspberrypi/rp2040/rp2040_usb.c.obj
                0x10004f20                rp2040_usb_init
 .text.hw_endpoint_reset_transfer
                0x10004f6c        0xc CMakeFiles/RP2040-ESP32C3_Dev_Board.dir/C_/Users/Caner/Documents/Pico/pico-sdk/lib/tinyusb/src/portable/raspberrypi/rp2040/rp2040_usb.c.obj
                0x10004f6c                hw_endpoint_reset_transfer
 .text._hw_endpoint_buffer_control_update32
                0x10004f78       0x58 CMakeFiles/RP2040-ESP32C3_Dev_Board.dir/C_/Users/Caner/Documents/Pico/pico-sdk/lib/tinyusb/src/portable/raspberrypi/rp2040/rp2040_usb.c.obj
                0x10004f78                _hw_endpoint_buffer_control_update32
 .text._hw_endpoint_start_next_buffer
                0x10004fd0       0x74 CMakeFiles/RP2040-ESP32C3_Dev_Board.dir/C_/Users/Caner/Documents/Pico/pico-sdk/lib/tinyusb/src/portable/raspberrypi/rp2040/rp2040_usb.c.obj
 .text.hw_endpoint_xfer_start
                0x10005044       0x48 CMakeFiles/RP2040-ESP32C3_Dev_Board.dir/C_/Users/Caner/Documents/Pico/pico-sdk/lib/tinyusb/src/portable/raspberrypi/rp2040/rp2040_usb.c.obj
                0x10005044                hw_endpoint_xfer_start
 .text.hw_endpoint_xfer_continue
                0x1000508c       0x38 CMakeFiles/RP2040-ESP32C3_Dev_Board.dir/C_/Users/Caner/Documents/Pico/pico-sdk/lib/tinyusb/src/portable/raspberrypi/rp2040/rp2040_usb.c.obj
                0x1000508c                hw_endpoint_xfer_continue
 .text.configuration_reset
                0x100050c4       0x84 CMakeFiles/RP2040-ESP32C3_Dev_Board.dir/C_/Users/Caner/Documents/Pico/pico-sdk/lib/tinyusb/src/device/usbd.c.obj
 .text.usbd_reset
                0x10005148        0xc CMakeFiles/RP2040-ESP32C3_Dev_Board.dir/C_/Users/Caner/Documents/Pico/pico-sdk/lib/tinyusb/src/device/usbd.c.obj
 .text.invoke_class_control
                0x10005154       0x1a CMakeFiles/RP2040-ESP32C3_Dev_Board.dir/C_/Users/Caner/Documents/Pico/pico-sdk/lib/tinyusb/src/device/usbd.c.obj
 *fill*         0x1000516e        0x2 
 .text.process_set_config
                0x10005170      0x1b0 CMakeFiles/RP2040-ESP32C3_Dev_Board.dir/C_/Users/Caner/Documents/Pico/pico-sdk/lib/tinyusb/src/device/usbd.c.obj
 .text.process_get_descriptor
                0x10005320       0xec CMakeFiles/RP2040-ESP32C3_Dev_Board.dir/C_/Users/Caner/Documents/Pico/pico-sdk/lib/tinyusb/src/device/usbd.c.obj
 .text.tud_mounted
                0x1000540c       0x10 CMakeFiles/RP2040-ESP32C3_Dev_Board.dir/C_/Users/Caner/Documents/Pico/pico-sdk/lib/tinyusb/src/device/usbd.c.obj
                0x1000540c                tud_mounted
 .text.tud_suspended
                0x1000541c       0x10 CMakeFiles/RP2040-ESP32C3_Dev_Board.dir/C_/Users/Caner/Documents/Pico/pico-sdk/lib/tinyusb/src/device/usbd.c.obj
                0x1000541c                tud_suspended
 .text.tud_inited
                0x1000542c        0xc CMakeFiles/RP2040-ESP32C3_Dev_Board.dir/C_/Users/Caner/Documents/Pico/pico-sdk/lib/tinyusb/src/device/usbd.c.obj
                0x1000542c                tud_inited
 .text.tud_init
                0x10005438       0xcc CMakeFiles/RP2040-ESP32C3_Dev_Board.dir/C_/Users/Caner/Documents/Pico/pico-sdk/lib/tinyusb/src/device/usbd.c.obj
                0x10005438                tud_init
 .text.dcd_event_handler
                0x10005504      0x1e0 CMakeFiles/RP2040-ESP32C3_Dev_Board.dir/C_/Users/Caner/Documents/Pico/pico-sdk/lib/tinyusb/src/device/usbd.c.obj
                0x10005504                dcd_event_handler
 .text.dcd_event_bus_signal
                0x100056e4       0x26 CMakeFiles/RP2040-ESP32C3_Dev_Board.dir/C_/Users/Caner/Documents/Pico/pico-sdk/lib/tinyusb/src/device/usbd.c.obj
                0x100056e4                dcd_event_bus_signal
 .text.dcd_event_bus_reset
                0x1000570a       0x2a CMakeFiles/RP2040-ESP32C3_Dev_Board.dir/C_/Users/Caner/Documents/Pico/pico-sdk/lib/tinyusb/src/device/usbd.c.obj
                0x1000570a                dcd_event_bus_reset
 .text.dcd_event_setup_received
                0x10005734       0x34 CMakeFiles/RP2040-ESP32C3_Dev_Board.dir/C_/Users/Caner/Documents/Pico/pico-sdk/lib/tinyusb/src/device/usbd.c.obj
                0x10005734                dcd_event_setup_received
 .text.dcd_event_xfer_complete
                0x10005768       0x44 CMakeFiles/RP2040-ESP32C3_Dev_Board.dir/C_/Users/Caner/Documents/Pico/pico-sdk/lib/tinyusb/src/device/usbd.c.obj
                0x10005768                dcd_event_xfer_complete
 .text.usbd_edpt_open
                0x100057ac       0x58 CMakeFiles/RP2040-ESP32C3_Dev_Board.dir/C_/Users/Caner/Documents/Pico/pico-sdk/lib/tinyusb/src/device/usbd.c.obj
                0x100057ac                usbd_edpt_open
 .text.usbd_open_edpt_pair
                0x10005804       0x8c CMakeFiles/RP2040-ESP32C3_Dev_Board.dir/C_/Users/Caner/Documents/Pico/pico-sdk/lib/tinyusb/src/device/usbd.c.obj
                0x10005804                usbd_open_edpt_pair
 .text.usbd_edpt_claim
                0x10005890       0x8c CMakeFiles/RP2040-ESP32C3_Dev_Board.dir/C_/Users/Caner/Documents/Pico/pico-sdk/lib/tinyusb/src/device/usbd.c.obj
                0x10005890                usbd_edpt_claim
 .text.usbd_edpt_release
                0x1000591c       0x68 CMakeFiles/RP2040-ESP32C3_Dev_Board.dir/C_/Users/Caner/Documents/Pico/pico-sdk/lib/tinyusb/src/device/usbd.c.obj
                0x1000591c                usbd_edpt_release
 .text.usbd_edpt_xfer
                0x10005984       0x80 CMakeFiles/RP2040-ESP32C3_Dev_Board.dir/C_/Users/Caner/Documents/Pico/pico-sdk/lib/tinyusb/src/device/usbd.c.obj
                0x10005984                usbd_edpt_xfer
 .text.usbd_edpt_stall
                0x10005a04       0x40 CMakeFiles/RP2040-ESP32C3_Dev_Board.dir/C_/Users/Caner/Documents/Pico/pico-sdk/lib/tinyusb/src/device/usbd.c.obj
                0x10005a04                usbd_edpt_stall
 .text.usbd_edpt_clear_stall
                0x10005a44       0x40 CMakeFiles/RP2040-ESP32C3_Dev_Board.dir/C_/Users/Caner/Documents/Pico/pico-sdk/lib/tinyusb/src/device/usbd.c.obj
                0x10005a44                usbd_edpt_clear_stall
 .text.usbd_edpt_stalled
                0x10005a84       0x1c CMakeFiles/RP2040-ESP32C3_Dev_Board.dir/C_/Users/Caner/Documents/Pico/pico-sdk/lib/tinyusb/src/device/usbd.c.obj
                0x10005a84                usbd_edpt_stalled
 .text.process_control_request
                0x10005aa0      0x3b8 CMakeFiles/RP2040-ESP32C3_Dev_Board.dir/C_/Users/Caner/Documents/Pico/pico-sdk/lib/tinyusb/src/device/usbd.c.obj
 .text.tud_task
                0x10005e58      0x218 CMakeFiles/RP2040-ESP32C3_Dev_Board.dir/C_/Users/Caner/Documents/Pico/pico-sdk/lib/tinyusb/src/device/usbd.c.obj
                0x10005e58                tud_task
 .text._data_stage_xact
                0x10006070       0x58 CMakeFiles/RP2040-ESP32C3_Dev_Board.dir/C_/Users/Caner/Documents/Pico/pico-sdk/lib/tinyusb/src/device/usbd_control.c.obj
 .text.tud_control_status
                0x100060c8       0x38 CMakeFiles/RP2040-ESP32C3_Dev_Board.dir/C_/Users/Caner/Documents/Pico/pico-sdk/lib/tinyusb/src/device/usbd_control.c.obj
                0x100060c8                tud_control_status
 .text.tud_control_xfer
                0x10006100       0xa8 CMakeFiles/RP2040-ESP32C3_Dev_Board.dir/C_/Users/Caner/Documents/Pico/pico-sdk/lib/tinyusb/src/device/usbd_control.c.obj
                0x10006100                tud_control_xfer
 .text.usbd_control_reset
                0x100061a8       0x14 CMakeFiles/RP2040-ESP32C3_Dev_Board.dir/C_/Users/Caner/Documents/Pico/pico-sdk/lib/tinyusb/src/device/usbd_control.c.obj
                0x100061a8                usbd_control_reset
 .text.usbd_control_set_complete_callback
                0x100061bc        0xc CMakeFiles/RP2040-ESP32C3_Dev_Board.dir/C_/Users/Caner/Documents/Pico/pico-sdk/lib/tinyusb/src/device/usbd_control.c.obj
                0x100061bc                usbd_control_set_complete_callback
 .text.usbd_control_set_request
                0x100061c8       0x1c CMakeFiles/RP2040-ESP32C3_Dev_Board.dir/C_/Users/Caner/Documents/Pico/pico-sdk/lib/tinyusb/src/device/usbd_control.c.obj
                0x100061c8                usbd_control_set_request
 .text.usbd_control_xfer_cb
                0x100061e4       0xfc CMakeFiles/RP2040-ESP32C3_Dev_Board.dir/C_/Users/Caner/Documents/Pico/pico-sdk/lib/tinyusb/src/device/usbd_control.c.obj
                0x100061e4                usbd_control_xfer_cb
 .text._prep_out_transaction
                0x100062e0       0x46 CMakeFiles/RP2040-ESP32C3_Dev_Board.dir/C_/Users/Caner/Documents/Pico/pico-sdk/lib/tinyusb/src/class/cdc/cdc_device.c.obj
 *fill*         0x10006326        0x2 
 .text.tud_cdc_n_connected
                0x10006328       0x44 CMakeFiles/RP2040-ESP32C3_Dev_Board.dir/C_/Users/Caner/Documents/Pico/pico-sdk/lib/tinyusb/src/class/cdc/cdc_device.c.obj
                0x10006328                tud_cdc_n_connected
 .text.tud_cdc_n_available
                0x1000636c       0x18 CMakeFiles/RP2040-ESP32C3_Dev_Board.dir/C_/Users/Caner/Documents/Pico/pico-sdk/lib/tinyusb/src/class/cdc/cdc_device.c.obj
                0x1000636c                tud_cdc_n_available
 .text.tud_cdc_n_read
                0x10006384       0x28 CMakeFiles/RP2040-ESP32C3_Dev_Board.dir/C_/Users/Caner/Documents/Pico/pico-sdk/lib/tinyusb/src/class/cdc/cdc_device.c.obj
                0x10006384                tud_cdc_n_read
 .text.tud_cdc_n_write_flush
                0x100063ac       0xcc CMakeFiles/RP2040-ESP32C3_Dev_Board.dir/C_/Users/Caner/Documents/Pico/pico-sdk/lib/tinyusb/src/class/cdc/cdc_device.c.obj
                0x100063ac                tud_cdc_n_write_flush
 .text.tud_cdc_n_write
                0x10006478       0x38 CMakeFiles/RP2040-ESP32C3_Dev_Board.dir/C_/Users/Caner/Documents/Pico/pico-sdk/lib/tinyusb/src/class/cdc/cdc_device.c.obj
                0x10006478                tud_cdc_n_write
 .text.tud_cdc_n_write_available
                0x100064b0       0x1c CMakeFiles/RP2040-ESP32C3_Dev_Board.dir/C_/Users/Caner/Documents/Pico/pico-sdk/lib/tinyusb/src/class/cdc/cdc_device.c.obj
                0x100064b0                tud_cdc_n_write_available
 .text.cdcd_init
                0x100064cc       0xbc CMakeFiles/RP2040-ESP32C3_Dev_Board.dir/C_/Users/Caner/Documents/Pico/pico-sdk/lib/tinyusb/src/class/cdc/cdc_device.c.obj
                0x100064cc                cdcd_init
 .text.cdcd_reset
                0x10006588       0x44 CMakeFiles/RP2040-ESP32C3_Dev_Board.dir/C_/Users/Caner/Documents/Pico/pico-sdk/lib/tinyusb/src/class/cdc/cdc_device.c.obj
                0x10006588                cdcd_reset
 .text.cdcd_open
                0x100065cc       0xf8 CMakeFiles/RP2040-ESP32C3_Dev_Board.dir/C_/Users/Caner/Documents/Pico/pico-sdk/lib/tinyusb/src/class/cdc/cdc_device.c.obj
                0x100065cc                cdcd_open
 .text.cdcd_control_xfer_cb
                0x100066c4      0x134 CMakeFiles/RP2040-ESP32C3_Dev_Board.dir/C_/Users/Caner/Documents/Pico/pico-sdk/lib/tinyusb/src/class/cdc/cdc_device.c.obj
                0x100066c4                cdcd_control_xfer_cb
 .text.cdcd_xfer_cb
                0x100067f8      0x144 CMakeFiles/RP2040-ESP32C3_Dev_Board.dir/C_/Users/Caner/Documents/Pico/pico-sdk/lib/tinyusb/src/class/cdc/cdc_device.c.obj
                0x100067f8                cdcd_xfer_cb
 .text.tusb_init
                0x1000693c       0x24 CMakeFiles/RP2040-ESP32C3_Dev_Board.dir/C_/Users/Caner/Documents/Pico/pico-sdk/lib/tinyusb/src/tusb.c.obj
                0x1000693c                tusb_init
 .text.tusb_inited
                0x10006960        0xe CMakeFiles/RP2040-ESP32C3_Dev_Board.dir/C_/Users/Caner/Documents/Pico/pico-sdk/lib/tinyusb/src/tusb.c.obj
                0x10006960                tusb_inited
 *fill*         0x1000696e        0x2 
 .text.tu_edpt_validate
                0x10006970       0xa8 CMakeFiles/RP2040-ESP32C3_Dev_Board.dir/C_/Users/Caner/Documents/Pico/pico-sdk/lib/tinyusb/src/tusb.c.obj
                0x10006970                tu_edpt_validate
 .text.tu_edpt_bind_driver
                0x10006a18       0x2a CMakeFiles/RP2040-ESP32C3_Dev_Board.dir/C_/Users/Caner/Documents/Pico/pico-sdk/lib/tinyusb/src/tusb.c.obj
                0x10006a18                tu_edpt_bind_driver
 .text.advance_pointer
                0x10006a42       0x18 CMakeFiles/RP2040-ESP32C3_Dev_Board.dir/C_/Users/Caner/Documents/Pico/pico-sdk/lib/tinyusb/src/common/tusb_fifo.c.obj
 .text.backward_pointer
                0x10006a5a       0x1e CMakeFiles/RP2040-ESP32C3_Dev_Board.dir/C_/Users/Caner/Documents/Pico/pico-sdk/lib/tinyusb/src/common/tusb_fifo.c.obj
 .text.get_relative_pointer
                0x10006a78       0x10 CMakeFiles/RP2040-ESP32C3_Dev_Board.dir/C_/Users/Caner/Documents/Pico/pico-sdk/lib/tinyusb/src/common/tusb_fifo.c.obj
 .text._tu_fifo_peek
                0x10006a88       0x50 CMakeFiles/RP2040-ESP32C3_Dev_Board.dir/C_/Users/Caner/Documents/Pico/pico-sdk/lib/tinyusb/src/common/tusb_fifo.c.obj
 .text._ff_pull_const_addr
                0x10006ad8       0x4c CMakeFiles/RP2040-ESP32C3_Dev_Board.dir/C_/Users/Caner/Documents/Pico/pico-sdk/lib/tinyusb/src/common/tusb_fifo.c.obj
 .text._ff_pull_n
                0x10006b24      0x10c CMakeFiles/RP2040-ESP32C3_Dev_Board.dir/C_/Users/Caner/Documents/Pico/pico-sdk/lib/tinyusb/src/common/tusb_fifo.c.obj
 .text._tu_fifo_peek_n
                0x10006c30       0x5e CMakeFiles/RP2040-ESP32C3_Dev_Board.dir/C_/Users/Caner/Documents/Pico/pico-sdk/lib/tinyusb/src/common/tusb_fifo.c.obj
 .text._tu_fifo_read_n
                0x10006c8e       0x4e CMakeFiles/RP2040-ESP32C3_Dev_Board.dir/C_/Users/Caner/Documents/Pico/pico-sdk/lib/tinyusb/src/common/tusb_fifo.c.obj
 .text._ff_push_const_addr
                0x10006cdc       0x40 CMakeFiles/RP2040-ESP32C3_Dev_Board.dir/C_/Users/Caner/Documents/Pico/pico-sdk/lib/tinyusb/src/common/tusb_fifo.c.obj
 .text._ff_push_n
                0x10006d1c      0x108 CMakeFiles/RP2040-ESP32C3_Dev_Board.dir/C_/Users/Caner/Documents/Pico/pico-sdk/lib/tinyusb/src/common/tusb_fifo.c.obj
 .text._tu_fifo_write_n
                0x10006e24       0x9e CMakeFiles/RP2040-ESP32C3_Dev_Board.dir/C_/Users/Caner/Documents/Pico/pico-sdk/lib/tinyusb/src/common/tusb_fifo.c.obj
 .text.tu_fifo_config
                0x10006ec2       0x72 CMakeFiles/RP2040-ESP32C3_Dev_Board.dir/C_/Users/Caner/Documents/Pico/pico-sdk/lib/tinyusb/src/common/tusb_fifo.c.obj
                0x10006ec2                tu_fifo_config
 .text.tu_fifo_count
                0x10006f34       0x26 CMakeFiles/RP2040-ESP32C3_Dev_Board.dir/C_/Users/Caner/Documents/Pico/pico-sdk/lib/tinyusb/src/common/tusb_fifo.c.obj
                0x10006f34                tu_fifo_count
 .text.tu_fifo_empty
                0x10006f5a       0x10 CMakeFiles/RP2040-ESP32C3_Dev_Board.dir/C_/Users/Caner/Documents/Pico/pico-sdk/lib/tinyusb/src/common/tusb_fifo.c.obj
                0x10006f5a                tu_fifo_empty
 .text.tu_fifo_remaining
                0x10006f6a       0x20 CMakeFiles/RP2040-ESP32C3_Dev_Board.dir/C_/Users/Caner/Documents/Pico/pico-sdk/lib/tinyusb/src/common/tusb_fifo.c.obj
                0x10006f6a                tu_fifo_remaining
 .text.tu_fifo_read
                0x10006f8a       0x42 CMakeFiles/RP2040-ESP32C3_Dev_Board.dir/C_/Users/Caner/Documents/Pico/pico-sdk/lib/tinyusb/src/common/tusb_fifo.c.obj
                0x10006f8a                tu_fifo_read
 .text.tu_fifo_read_n
                0x10006fcc        0xa CMakeFiles/RP2040-ESP32C3_Dev_Board.dir/C_/Users/Caner/Documents/Pico/pico-sdk/lib/tinyusb/src/common/tusb_fifo.c.obj
                0x10006fcc                tu_fifo_read_n
 .text.tu_fifo_write
                0x10006fd6       0x6c CMakeFiles/RP2040-ESP32C3_Dev_Board.dir/C_/Users/Caner/Documents/Pico/pico-sdk/lib/tinyusb/src/common/tusb_fifo.c.obj
                0x10006fd6                tu_fifo_write
 .text.tu_fifo_write_n
                0x10007042        0xa CMakeFiles/RP2040-ESP32C3_Dev_Board.dir/C_/Users/Caner/Documents/Pico/pico-sdk/lib/tinyusb/src/common/tusb_fifo.c.obj
                0x10007042                tu_fifo_write_n
 .text.tu_fifo_clear
                0x1000704c       0x4c CMakeFiles/RP2040-ESP32C3_Dev_Board.dir/C_/Users/Caner/Documents/Pico/pico-sdk/lib/tinyusb/src/common/tusb_fifo.c.obj
                0x1000704c                tu_fifo_clear
 .text.tu_fifo_set_overwritable
                0x10007098       0x3c CMakeFiles/RP2040-ESP32C3_Dev_Board.dir/C_/Users/Caner/Documents/Pico/pico-sdk/lib/tinyusb/src/common/tusb_fifo.c.obj
                0x10007098                tu_fifo_set_overwritable
 .text._retrieve_unique_id_on_boot
                0x100070d4       0x10 CMakeFiles/RP2040-ESP32C3_Dev_Board.dir/C_/Users/Caner/Documents/Pico/pico-sdk/src/rp2_common/pico_unique_id/unique_id.c.obj
 .text.pico_get_unique_board_id_string
                0x100070e4       0x60 CMakeFiles/RP2040-ESP32C3_Dev_Board.dir/C_/Users/Caner/Documents/Pico/pico-sdk/src/rp2_common/pico_unique_id/unique_id.c.obj
                0x100070e4                pico_get_unique_board_id_string
 .text.flash_get_unique_id
                0x10007144       0x46 CMakeFiles/RP2040-ESP32C3_Dev_Board.dir/C_/Users/Caner/Documents/Pico/pico-sdk/src/rp2_common/hardware_flash/flash.c.obj
                0x10007144                flash_get_unique_id
 .text.spi_set_baudrate
                0x1000718a       0x92 CMakeFiles/RP2040-ESP32C3_Dev_Board.dir/C_/Users/Caner/Documents/Pico/pico-sdk/src/rp2_common/hardware_spi/spi.c.obj
                0x1000718a                spi_set_baudrate
 .text.spi_init
                0x1000721c       0x68 CMakeFiles/RP2040-ESP32C3_Dev_Board.dir/C_/Users/Caner/Documents/Pico/pico-sdk/src/rp2_common/hardware_spi/spi.c.obj
                0x1000721c                spi_init
 .text.i2c_set_baudrate
                0x10007284       0xf0 CMakeFiles/RP2040-ESP32C3_Dev_Board.dir/C_/Users/Caner/Documents/Pico/pico-sdk/src/rp2_common/hardware_i2c/i2c.c.obj
                0x10007284                i2c_set_baudrate
 .text.i2c_init
                0x10007374       0x58 CMakeFiles/RP2040-ESP32C3_Dev_Board.dir/C_/Users/Caner/Documents/Pico/pico-sdk/src/rp2_common/hardware_i2c/i2c.c.obj
                0x10007374                i2c_init
 .text.strlen   0x100073cc       0x5c c:/progra~2/gnuarm~1/102021~1.10/bin/../lib/gcc/arm-none-eabi/10.3.1/../../../../arm-none-eabi/lib/thumb/v6-m/nofp\libg.a(lib_a-strlen-stub.o)
                0x100073cc                strlen
 *(.fini)
 .fini          0x10007428        0x4 c:/progra~2/gnuarm~1/102021~1.10/bin/../lib/gcc/arm-none-eabi/10.3.1/thumb/v6-m/nofp/crti.o
                0x10007428                _fini
 *fill*         0x1000742c        0x4 
 .fini.__stub   0x10007430       0x70 linker stubs
 *crtbegin.o(.ctors)
 *crtbegin?.o(.ctors)
 *(EXCLUDE_FILE(*crtend.o *crtend?.o) .ctors)
 *(SORT_BY_NAME(.ctors.*))
 *(.ctors)
 *crtbegin.o(.dtors)
 *crtbegin?.o(.dtors)
 *(EXCLUDE_FILE(*crtend.o *crtend?.o) .dtors)
 *(SORT_BY_NAME(.dtors.*))
 *(.dtors)
 *(.eh_frame*)
 .eh_frame      0x100074a0        0x0 c:/progra~2/gnuarm~1/102021~1.10/bin/../lib/gcc/arm-none-eabi/10.3.1/thumb/v6-m/nofp/crtbegin.o
                0x100074a0                . = ALIGN (0x4)

.glue_7         0x100074a0        0x0
 .glue_7        0x100074a0        0x0 linker stubs

.glue_7t        0x100074a0        0x0
 .glue_7t       0x100074a0        0x0 linker stubs

.vfp11_veneer   0x100074a0        0x0
 .vfp11_veneer  0x100074a0        0x0 linker stubs

.v4_bx          0x100074a0        0x0
 .v4_bx         0x100074a0        0x0 linker stubs

.iplt           0x100074a0        0x0
 .iplt          0x100074a0        0x0 c:/progra~2/gnuarm~1/102021~1.10/bin/../lib/gcc/arm-none-eabi/10.3.1/thumb/v6-m/nofp/crtbegin.o

.rodata         0x100074a0     0x181c
 *(EXCLUDE_FILE(*libm.a: *libc.a:*lib_a-mem*.o *libgcc.a:) .rodata*)
 .rodata.main.str1.4
                0x100074a0       0x7e CMakeFiles/RP2040-ESP32C3_Dev_Board.dir/RP2040-ESP32C3_Dev_Board.c.obj
 *fill*         0x1000751e        0x2 
 .rodata.__func__.0
                0x10007520       0x15 CMakeFiles/RP2040-ESP32C3_Dev_Board.dir/RP2040-ESP32C3_Dev_Board.c.obj
 *fill*         0x10007535        0x3 
 .rodata.spin_lock_claim_unused.str1.4
                0x10007538       0x1b CMakeFiles/RP2040-ESP32C3_Dev_Board.dir/C_/Users/Caner/Documents/Pico/pico-sdk/src/rp2_common/hardware_sync/sync.c.obj
 *fill*         0x10007553        0x1 
 .rodata.make_branch.str1.4
                0x10007554       0x79 CMakeFiles/RP2040-ESP32C3_Dev_Board.dir/C_/Users/Caner/Documents/Pico/pico-sdk/src/rp2_common/hardware_irq/irq.c.obj
 *fill*         0x100075cd        0x3 
 .rodata.insert_branch_and_link.str1.4
                0x100075d0       0x10 CMakeFiles/RP2040-ESP32C3_Dev_Board.dir/C_/Users/Caner/Documents/Pico/pico-sdk/src/rp2_common/hardware_irq/irq.c.obj
 .rodata.irq_set_exclusive_handler.str1.4
                0x100075e0       0x36 CMakeFiles/RP2040-ESP32C3_Dev_Board.dir/C_/Users/Caner/Documents/Pico/pico-sdk/src/rp2_common/hardware_irq/irq.c.obj
 *fill*         0x10007616        0x2 
 .rodata.irq_add_shared_handler.str1.4
                0x10007618       0xd9 CMakeFiles/RP2040-ESP32C3_Dev_Board.dir/C_/Users/Caner/Documents/Pico/pico-sdk/src/rp2_common/hardware_irq/irq.c.obj
 *fill*         0x100076f1        0x3 
 .rodata.irq_remove_handler.str1.4
                0x100076f4       0x2a CMakeFiles/RP2040-ESP32C3_Dev_Board.dir/C_/Users/Caner/Documents/Pico/pico-sdk/src/rp2_common/hardware_irq/irq.c.obj
 *fill*         0x1000771e        0x2 
 .rodata.irq_add_tail_to_free_list.str1.4
                0x10007720       0x3a CMakeFiles/RP2040-ESP32C3_Dev_Board.dir/C_/Users/Caner/Documents/Pico/pico-sdk/src/rp2_common/hardware_irq/irq.c.obj
 *fill*         0x1000775a        0x2 
 .rodata.user_irq_claim_unused.str1.4
                0x1000775c       0x1b CMakeFiles/RP2040-ESP32C3_Dev_Board.dir/C_/Users/Caner/Documents/Pico/pico-sdk/src/rp2_common/hardware_irq/irq.c.obj
 *fill*         0x10007777        0x1 
 .rodata.__func__.0
                0x10007778       0x1a CMakeFiles/RP2040-ESP32C3_Dev_Board.dir/C_/Users/Caner/Documents/Pico/pico-sdk/src/rp2_common/hardware_irq/irq.c.obj
 *fill*         0x10007792        0x2 
 .rodata.__func__.1
                0x10007794       0x17 CMakeFiles/RP2040-ESP32C3_Dev_Board.dir/C_/Users/Caner/Documents/Pico/pico-sdk/src/rp2_common/hardware_irq/irq.c.obj
 *fill*         0x100077ab        0x1 
 .rodata.__func__.2
                0x100077ac       0x13 CMakeFiles/RP2040-ESP32C3_Dev_Board.dir/C_/Users/Caner/Documents/Pico/pico-sdk/src/rp2_common/hardware_irq/irq.c.obj
 *fill*         0x100077bf        0x1 
 .rodata.__func__.3
                0x100077c0        0xc CMakeFiles/RP2040-ESP32C3_Dev_Board.dir/C_/Users/Caner/Documents/Pico/pico-sdk/src/rp2_common/hardware_irq/irq.c.obj
 .rodata.__func__.4
                0x100077cc        0xf CMakeFiles/RP2040-ESP32C3_Dev_Board.dir/C_/Users/Caner/Documents/Pico/pico-sdk/src/rp2_common/hardware_irq/irq.c.obj
 *fill*         0x100077db        0x1 
 .rodata.__func__.5
                0x100077dc       0x17 CMakeFiles/RP2040-ESP32C3_Dev_Board.dir/C_/Users/Caner/Documents/Pico/pico-sdk/src/rp2_common/hardware_irq/irq.c.obj
 *fill*         0x100077f3        0x1 
 .rodata.__func__.6
                0x100077f4       0x1a CMakeFiles/RP2040-ESP32C3_Dev_Board.dir/C_/Users/Caner/Documents/Pico/pico-sdk/src/rp2_common/hardware_irq/irq.c.obj
 *fill*         0x1000780e        0x2 
 .rodata.repeating_timer_callback.str1.4
                0x10007810       0x57 CMakeFiles/RP2040-ESP32C3_Dev_Board.dir/C_/Users/Caner/Documents/Pico/pico-sdk/src/common/pico_time/time.c.obj
 *fill*         0x10007867        0x1 
 .rodata.alarm_pool_dump_key.str1.4
                0x10007868       0x33 CMakeFiles/RP2040-ESP32C3_Dev_Board.dir/C_/Users/Caner/Documents/Pico/pico-sdk/src/common/pico_time/time.c.obj
 *fill*         0x1000789b        0x1 
 .rodata.ph_add_child_node.str1.4
                0x1000789c       0xa2 CMakeFiles/RP2040-ESP32C3_Dev_Board.dir/C_/Users/Caner/Documents/Pico/pico-sdk/src/common/pico_time/time.c.obj
 *fill*         0x1000793e        0x2 
 .rodata.add_alarm_under_lock.str1.4
                0x10007940       0x28 CMakeFiles/RP2040-ESP32C3_Dev_Board.dir/C_/Users/Caner/Documents/Pico/pico-sdk/src/common/pico_time/time.c.obj
                                 0x2b (size before relaxing)
 .rodata.alarm_pool_alarm_callback.str1.4
                0x10007968       0x82 CMakeFiles/RP2040-ESP32C3_Dev_Board.dir/C_/Users/Caner/Documents/Pico/pico-sdk/src/common/pico_time/time.c.obj
                                 0xf2 (size before relaxing)
 *fill*         0x100079ea        0x2 
 .rodata.alarm_pool_get_default.str1.4
                0x100079ec       0x21 CMakeFiles/RP2040-ESP32C3_Dev_Board.dir/C_/Users/Caner/Documents/Pico/pico-sdk/src/common/pico_time/time.c.obj
 *fill*         0x10007a0d        0x3 
 .rodata.alarm_pool_cancel_alarm.str1.4
                0x10007a10       0x27 CMakeFiles/RP2040-ESP32C3_Dev_Board.dir/C_/Users/Caner/Documents/Pico/pico-sdk/src/common/pico_time/time.c.obj
 *fill*         0x10007a37        0x1 
 .rodata.__func__.1
                0x10007a38       0x18 CMakeFiles/RP2040-ESP32C3_Dev_Board.dir/C_/Users/Caner/Documents/Pico/pico-sdk/src/common/pico_time/time.c.obj
 .rodata.__func__.10
                0x10007a50       0x15 CMakeFiles/RP2040-ESP32C3_Dev_Board.dir/C_/Users/Caner/Documents/Pico/pico-sdk/src/common/pico_time/time.c.obj
 *fill*         0x10007a65        0x3 
 .rodata.__func__.11
                0x10007a68       0x1a CMakeFiles/RP2040-ESP32C3_Dev_Board.dir/C_/Users/Caner/Documents/Pico/pico-sdk/src/common/pico_time/time.c.obj
 *fill*         0x10007a82        0x2 
 .rodata.__func__.12
                0x10007a84        0xa CMakeFiles/RP2040-ESP32C3_Dev_Board.dir/C_/Users/Caner/Documents/Pico/pico-sdk/src/common/pico_time/time.c.obj
 *fill*         0x10007a8e        0x2 
 .rodata.__func__.3
                0x10007a90       0x17 CMakeFiles/RP2040-ESP32C3_Dev_Board.dir/C_/Users/Caner/Documents/Pico/pico-sdk/src/common/pico_time/time.c.obj
 *fill*         0x10007aa7        0x1 
 .rodata.__func__.4
                0x10007aa8       0x12 CMakeFiles/RP2040-ESP32C3_Dev_Board.dir/C_/Users/Caner/Documents/Pico/pico-sdk/src/common/pico_time/time.c.obj
 *fill*         0x10007aba        0x2 
 .rodata.__func__.5
                0x10007abc        0xd CMakeFiles/RP2040-ESP32C3_Dev_Board.dir/C_/Users/Caner/Documents/Pico/pico-sdk/src/common/pico_time/time.c.obj
 *fill*         0x10007ac9        0x3 
 .rodata.__func__.6
                0x10007acc       0x12 CMakeFiles/RP2040-ESP32C3_Dev_Board.dir/C_/Users/Caner/Documents/Pico/pico-sdk/src/common/pico_time/time.c.obj
 *fill*         0x10007ade        0x2 
 .rodata.__func__.7
                0x10007ae0        0xf CMakeFiles/RP2040-ESP32C3_Dev_Board.dir/C_/Users/Caner/Documents/Pico/pico-sdk/src/common/pico_time/time.c.obj
 *fill*         0x10007aef        0x1 
 .rodata.__func__.8
                0x10007af0        0xc CMakeFiles/RP2040-ESP32C3_Dev_Board.dir/C_/Users/Caner/Documents/Pico/pico-sdk/src/common/pico_time/time.c.obj
 .rodata.__func__.9
                0x10007afc       0x15 CMakeFiles/RP2040-ESP32C3_Dev_Board.dir/C_/Users/Caner/Documents/Pico/pico-sdk/src/common/pico_time/time.c.obj
 *fill*         0x10007b11        0x3 
 .rodata.hardware_alarm_claim.str1.4
                0x10007b14       0x22 CMakeFiles/RP2040-ESP32C3_Dev_Board.dir/C_/Users/Caner/Documents/Pico/pico-sdk/src/rp2_common/hardware_timer/timer.c.obj
 *fill*         0x10007b36        0x2 
 .rodata.hardware_alarm_set_target.str1.4
                0x10007b38       0x71 CMakeFiles/RP2040-ESP32C3_Dev_Board.dir/C_/Users/Caner/Documents/Pico/pico-sdk/src/rp2_common/hardware_timer/timer.c.obj
 *fill*         0x10007ba9        0x3 
 .rodata.__func__.0
                0x10007bac       0x1a CMakeFiles/RP2040-ESP32C3_Dev_Board.dir/C_/Users/Caner/Documents/Pico/pico-sdk/src/rp2_common/hardware_timer/timer.c.obj
 .rodata.ph_add_child_node.str1.4
                0x10007bc6       0xa2 CMakeFiles/RP2040-ESP32C3_Dev_Board.dir/C_/Users/Caner/Documents/Pico/pico-sdk/src/common/pico_util/pheap.c.obj
 *fill*         0x10007bc6        0x2 
 .rodata.ph_remove_any_head.str1.4
                0x10007bc8       0x98 CMakeFiles/RP2040-ESP32C3_Dev_Board.dir/C_/Users/Caner/Documents/Pico/pico-sdk/src/common/pico_util/pheap.c.obj
 .rodata.ph_remove_and_free_node.str1.4
                0x10007c60       0x1e CMakeFiles/RP2040-ESP32C3_Dev_Board.dir/C_/Users/Caner/Documents/Pico/pico-sdk/src/common/pico_util/pheap.c.obj
                                 0x26 (size before relaxing)
 *fill*         0x10007c7e        0x2 
 .rodata.__func__.0
                0x10007c80       0x18 CMakeFiles/RP2040-ESP32C3_Dev_Board.dir/C_/Users/Caner/Documents/Pico/pico-sdk/src/common/pico_util/pheap.c.obj
 .rodata.__func__.1
                0x10007c98       0x13 CMakeFiles/RP2040-ESP32C3_Dev_Board.dir/C_/Users/Caner/Documents/Pico/pico-sdk/src/common/pico_util/pheap.c.obj
 *fill*         0x10007cab        0x1 
 .rodata.__func__.2
                0x10007cac       0x12 CMakeFiles/RP2040-ESP32C3_Dev_Board.dir/C_/Users/Caner/Documents/Pico/pico-sdk/src/common/pico_util/pheap.c.obj
 *fill*         0x10007cbe        0x2 
 .rodata.__func__.3
                0x10007cc0        0xc CMakeFiles/RP2040-ESP32C3_Dev_Board.dir/C_/Users/Caner/Documents/Pico/pico-sdk/src/common/pico_util/pheap.c.obj
 .rodata.str1.4
                0x10007ccc       0x95 CMakeFiles/RP2040-ESP32C3_Dev_Board.dir/C_/Users/Caner/Documents/Pico/pico-sdk/src/common/pico_sync/mutex.c.obj
                                0x105 (size before relaxing)
 *fill*         0x10007d61        0x3 
 .rodata.__func__.1
                0x10007d64        0xb CMakeFiles/RP2040-ESP32C3_Dev_Board.dir/C_/Users/Caner/Documents/Pico/pico-sdk/src/common/pico_sync/mutex.c.obj
 *fill*         0x10007d6f        0x1 
 .rodata.__func__.3
                0x10007d70       0x18 CMakeFiles/RP2040-ESP32C3_Dev_Board.dir/C_/Users/Caner/Documents/Pico/pico-sdk/src/common/pico_sync/mutex.c.obj
 .rodata.__func__.4
                0x10007d88       0x15 CMakeFiles/RP2040-ESP32C3_Dev_Board.dir/C_/Users/Caner/Documents/Pico/pico-sdk/src/common/pico_sync/mutex.c.obj
 *fill*         0x10007d9d        0x3 
 .rodata.__assert_func.str1.4
                0x10007da0       0x3f CMakeFiles/RP2040-ESP32C3_Dev_Board.dir/C_/Users/Caner/Documents/Pico/pico-sdk/src/rp2_common/pico_runtime/runtime.c.obj
                                 0x43 (size before relaxing)
 *fill*         0x10007ddf        0x1 
 .rodata.runtime_init.str1.4
                0x10007de0       0x6d CMakeFiles/RP2040-ESP32C3_Dev_Board.dir/C_/Users/Caner/Documents/Pico/pico-sdk/src/rp2_common/pico_runtime/runtime.c.obj
 *fill*         0x10007e4d        0x3 
 .rodata.panic.str1.4
                0x10007e50       0x12 CMakeFiles/RP2040-ESP32C3_Dev_Board.dir/C_/Users/Caner/Documents/Pico/pico-sdk/src/rp2_common/pico_runtime/runtime.c.obj
 *fill*         0x10007e62        0x2 
 .rodata.__func__.1
                0x10007e64        0xd CMakeFiles/RP2040-ESP32C3_Dev_Board.dir/C_/Users/Caner/Documents/Pico/pico-sdk/src/rp2_common/pico_runtime/runtime.c.obj
 *fill*         0x10007e71        0x3 
 .rodata.clock_configure.str1.4
                0x10007e74       0x63 CMakeFiles/RP2040-ESP32C3_Dev_Board.dir/C_/Users/Caner/Documents/Pico/pico-sdk/src/rp2_common/hardware_clocks/clocks.c.obj
 *fill*         0x10007ed7        0x1 
 .rodata.__func__.1
                0x10007ed8       0x10 CMakeFiles/RP2040-ESP32C3_Dev_Board.dir/C_/Users/Caner/Documents/Pico/pico-sdk/src/rp2_common/hardware_clocks/clocks.c.obj
 .rodata.pll_init.str1.4
                0x10007ee8      0x147 CMakeFiles/RP2040-ESP32C3_Dev_Board.dir/C_/Users/Caner/Documents/Pico/pico-sdk/src/rp2_common/hardware_pll/pll.c.obj
 *fill*         0x1000802f        0x1 
 .rodata.__func__.0
                0x10008030        0x9 CMakeFiles/RP2040-ESP32C3_Dev_Board.dir/C_/Users/Caner/Documents/Pico/pico-sdk/src/rp2_common/hardware_pll/pll.c.obj
 *fill*         0x10008039        0x3 
 .rodata._ftoa.str1.4
                0x1000803c       0x15 CMakeFiles/RP2040-ESP32C3_Dev_Board.dir/C_/Users/Caner/Documents/Pico/pico-sdk/src/rp2_common/pico_printf/printf.c.obj
 *fill*         0x10008051        0x3 
 .rodata._vsnprintf
                0x10008054      0x1e0 CMakeFiles/RP2040-ESP32C3_Dev_Board.dir/C_/Users/Caner/Documents/Pico/pico-sdk/src/rp2_common/pico_printf/printf.c.obj
 *fill*         0x10008234        0x4 
 .rodata.pow10.0
                0x10008238       0x50 CMakeFiles/RP2040-ESP32C3_Dev_Board.dir/C_/Users/Caner/Documents/Pico/pico-sdk/src/rp2_common/pico_printf/printf.c.obj
 .rodata.__aeabi_double_init.str1.4
                0x10008288       0xb4 CMakeFiles/RP2040-ESP32C3_Dev_Board.dir/C_/Users/Caner/Documents/Pico/pico-sdk/src/rp2_common/pico_double/double_init_rom.c.obj
 .rodata.__func__.0
                0x1000833c       0x14 CMakeFiles/RP2040-ESP32C3_Dev_Board.dir/C_/Users/Caner/Documents/Pico/pico-sdk/src/rp2_common/pico_double/double_init_rom.c.obj
 .rodata.__aeabi_float_init.str1.4
                0x10008350       0x86 CMakeFiles/RP2040-ESP32C3_Dev_Board.dir/C_/Users/Caner/Documents/Pico/pico-sdk/src/rp2_common/pico_float/float_init_rom.c.obj
                                 0x8a (size before relaxing)
 *fill*         0x100083d6        0x2 
 .rodata.__func__.0
                0x100083d8       0x13 CMakeFiles/RP2040-ESP32C3_Dev_Board.dir/C_/Users/Caner/Documents/Pico/pico-sdk/src/rp2_common/pico_float/float_init_rom.c.obj
 *fill*         0x100083eb        0x1 
 .rodata.str1.4
                0x100083ec       0x54 CMakeFiles/RP2040-ESP32C3_Dev_Board.dir/C_/Users/Caner/Documents/Pico/pico-sdk/src/rp2_common/pico_standard_link/binary_info.c.obj
 .rodata.__bi_44
                0x10008440        0xc CMakeFiles/RP2040-ESP32C3_Dev_Board.dir/C_/Users/Caner/Documents/Pico/pico-sdk/src/rp2_common/pico_standard_link/binary_info.c.obj
 .rodata.__bi_56
                0x1000844c        0xc CMakeFiles/RP2040-ESP32C3_Dev_Board.dir/C_/Users/Caner/Documents/Pico/pico-sdk/src/rp2_common/pico_standard_link/binary_info.c.obj
 .rodata.__bi_75
                0x10008458        0xc CMakeFiles/RP2040-ESP32C3_Dev_Board.dir/C_/Users/Caner/Documents/Pico/pico-sdk/src/rp2_common/pico_standard_link/binary_info.c.obj
 .rodata.__bi_81
                0x10008464        0xc CMakeFiles/RP2040-ESP32C3_Dev_Board.dir/C_/Users/Caner/Documents/Pico/pico-sdk/src/rp2_common/pico_standard_link/binary_info.c.obj
 .rodata.crlf_str.3
                0x10008470        0x2 CMakeFiles/RP2040-ESP32C3_Dev_Board.dir/C_/Users/Caner/Documents/Pico/pico-sdk/src/rp2_common/pico_stdio/stdio.c.obj
 *fill*         0x10008472        0x2 
 .rodata._resetd_driver
                0x10008474       0x18 CMakeFiles/RP2040-ESP32C3_Dev_Board.dir/C_/Users/Caner/Documents/Pico/pico-sdk/src/rp2_common/pico_stdio_usb/reset_interface.c.obj
 .rodata.timer_task.str1.4
                0x1000848c       0x79 CMakeFiles/RP2040-ESP32C3_Dev_Board.dir/C_/Users/Caner/Documents/Pico/pico-sdk/src/rp2_common/pico_stdio_usb/stdio_usb.c.obj
 .rodata.stdio_usb_init.str1.4
                0x10008505       0x6d CMakeFiles/RP2040-ESP32C3_Dev_Board.dir/C_/Users/Caner/Documents/Pico/pico-sdk/src/rp2_common/pico_stdio_usb/stdio_usb.c.obj
 *fill*         0x10008505        0x3 
 .rodata.str1.4
                0x10008508       0x13 CMakeFiles/RP2040-ESP32C3_Dev_Board.dir/C_/Users/Caner/Documents/Pico/pico-sdk/src/rp2_common/pico_stdio_usb/stdio_usb.c.obj
 *fill*         0x1000851b        0x1 
 .rodata.__bi_118.2
                0x1000851c        0xc CMakeFiles/RP2040-ESP32C3_Dev_Board.dir/C_/Users/Caner/Documents/Pico/pico-sdk/src/rp2_common/pico_stdio_usb/stdio_usb.c.obj
 .rodata.__func__.0
                0x10008528       0x15 CMakeFiles/RP2040-ESP32C3_Dev_Board.dir/C_/Users/Caner/Documents/Pico/pico-sdk/src/rp2_common/pico_stdio_usb/stdio_usb.c.obj
 *fill*         0x1000853d        0x3 
 .rodata.__func__.1
                0x10008540        0xb CMakeFiles/RP2040-ESP32C3_Dev_Board.dir/C_/Users/Caner/Documents/Pico/pico-sdk/src/rp2_common/pico_stdio_usb/stdio_usb.c.obj
 *fill*         0x1000854b        0x1 
 .rodata.str1.4
                0x1000854c       0x2a CMakeFiles/RP2040-ESP32C3_Dev_Board.dir/C_/Users/Caner/Documents/Pico/pico-sdk/src/rp2_common/pico_stdio_usb/stdio_usb_descriptors.c.obj
 *fill*         0x10008576        0x2 
 .rodata.usbd_desc_cfg
                0x10008578       0x54 CMakeFiles/RP2040-ESP32C3_Dev_Board.dir/C_/Users/Caner/Documents/Pico/pico-sdk/src/rp2_common/pico_stdio_usb/stdio_usb_descriptors.c.obj
 .rodata.usbd_desc_device
                0x100085cc       0x12 CMakeFiles/RP2040-ESP32C3_Dev_Board.dir/C_/Users/Caner/Documents/Pico/pico-sdk/src/rp2_common/pico_stdio_usb/stdio_usb_descriptors.c.obj
 *fill*         0x100085de        0x2 
 .rodata.usbd_desc_str
                0x100085e0       0x18 CMakeFiles/RP2040-ESP32C3_Dev_Board.dir/C_/Users/Caner/Documents/Pico/pico-sdk/src/rp2_common/pico_stdio_usb/stdio_usb_descriptors.c.obj
 .rodata._hw_endpoint_alloc.str1.4
                0x100085f8       0xc1 CMakeFiles/RP2040-ESP32C3_Dev_Board.dir/C_/Users/Caner/Documents/Pico/pico-sdk/lib/tinyusb/src/portable/raspberrypi/rp2040/dcd_rp2040.c.obj
 *fill*         0x100086b9        0x3 
 .rodata.dcd_rp2040_irq.str1.4
                0x100086bc       0x14 CMakeFiles/RP2040-ESP32C3_Dev_Board.dir/C_/Users/Caner/Documents/Pico/pico-sdk/lib/tinyusb/src/portable/raspberrypi/rp2040/dcd_rp2040.c.obj
 .rodata.dcd_int_enable.str1.4
                0x100086d0        0xc CMakeFiles/RP2040-ESP32C3_Dev_Board.dir/C_/Users/Caner/Documents/Pico/pico-sdk/lib/tinyusb/src/portable/raspberrypi/rp2040/dcd_rp2040.c.obj
 .rodata.__func__.0
                0x100086dc        0xe CMakeFiles/RP2040-ESP32C3_Dev_Board.dir/C_/Users/Caner/Documents/Pico/pico-sdk/lib/tinyusb/src/portable/raspberrypi/rp2040/dcd_rp2040.c.obj
 *fill*         0x100086ea        0x2 
 .rodata.__func__.1
                0x100086ec        0xe CMakeFiles/RP2040-ESP32C3_Dev_Board.dir/C_/Users/Caner/Documents/Pico/pico-sdk/lib/tinyusb/src/portable/raspberrypi/rp2040/dcd_rp2040.c.obj
 *fill*         0x100086fa        0x2 
 .rodata.__func__.3
                0x100086fc       0x10 CMakeFiles/RP2040-ESP32C3_Dev_Board.dir/C_/Users/Caner/Documents/Pico/pico-sdk/lib/tinyusb/src/portable/raspberrypi/rp2040/dcd_rp2040.c.obj
 .rodata.__func__.5
                0x1000870c        0xf CMakeFiles/RP2040-ESP32C3_Dev_Board.dir/C_/Users/Caner/Documents/Pico/pico-sdk/lib/tinyusb/src/portable/raspberrypi/rp2040/dcd_rp2040.c.obj
 *fill*         0x1000871b        0x1 
 .rodata.__func__.6
                0x1000871c       0x13 CMakeFiles/RP2040-ESP32C3_Dev_Board.dir/C_/Users/Caner/Documents/Pico/pico-sdk/lib/tinyusb/src/portable/raspberrypi/rp2040/dcd_rp2040.c.obj
 *fill*         0x1000872f        0x1 
 .rodata.__func__.7
                0x10008730        0x9 CMakeFiles/RP2040-ESP32C3_Dev_Board.dir/C_/Users/Caner/Documents/Pico/pico-sdk/lib/tinyusb/src/portable/raspberrypi/rp2040/dcd_rp2040.c.obj
 *fill*         0x10008739        0x3 
 .rodata.sync_ep_buffer.str1.4
                0x1000873c       0x9d CMakeFiles/RP2040-ESP32C3_Dev_Board.dir/C_/Users/Caner/Documents/Pico/pico-sdk/lib/tinyusb/src/portable/raspberrypi/rp2040/rp2040_usb.c.obj
 *fill*         0x100087d9        0x3 
 .rodata._hw_endpoint_buffer_control_update32.str1.4
                0x100087dc       0x1f CMakeFiles/RP2040-ESP32C3_Dev_Board.dir/C_/Users/Caner/Documents/Pico/pico-sdk/lib/tinyusb/src/portable/raspberrypi/rp2040/rp2040_usb.c.obj
 *fill*         0x100087fb        0x1 
 .rodata.hw_endpoint_xfer_start.str1.4
                0x100087fc       0x38 CMakeFiles/RP2040-ESP32C3_Dev_Board.dir/C_/Users/Caner/Documents/Pico/pico-sdk/lib/tinyusb/src/portable/raspberrypi/rp2040/rp2040_usb.c.obj
 .rodata.hw_endpoint_xfer_continue.str1.4
                0x10008834       0x29 CMakeFiles/RP2040-ESP32C3_Dev_Board.dir/C_/Users/Caner/Documents/Pico/pico-sdk/lib/tinyusb/src/portable/raspberrypi/rp2040/rp2040_usb.c.obj
 *fill*         0x1000885d        0x3 
 .rodata.str1.4
                0x10008860        0x7 CMakeFiles/RP2040-ESP32C3_Dev_Board.dir/C_/Users/Caner/Documents/Pico/pico-sdk/lib/tinyusb/src/portable/raspberrypi/rp2040/rp2040_usb.c.obj
 *fill*         0x10008867        0x1 
 .rodata.__func__.0
                0x10008868        0xf CMakeFiles/RP2040-ESP32C3_Dev_Board.dir/C_/Users/Caner/Documents/Pico/pico-sdk/lib/tinyusb/src/portable/raspberrypi/rp2040/rp2040_usb.c.obj
 *fill*         0x10008877        0x1 
 .rodata.process_set_config.str1.4
                0x10008878       0x17 CMakeFiles/RP2040-ESP32C3_Dev_Board.dir/C_/Users/Caner/Documents/Pico/pico-sdk/lib/tinyusb/src/device/usbd.c.obj
 *fill*         0x1000888f        0x1 
 .rodata.process_get_descriptor
                0x10008890       0x40 CMakeFiles/RP2040-ESP32C3_Dev_Board.dir/C_/Users/Caner/Documents/Pico/pico-sdk/lib/tinyusb/src/device/usbd.c.obj
 .rodata.process_control_request
                0x100088d0       0x28 CMakeFiles/RP2040-ESP32C3_Dev_Board.dir/C_/Users/Caner/Documents/Pico/pico-sdk/lib/tinyusb/src/device/usbd.c.obj
 .rodata.tud_task
                0x100088f8       0x24 CMakeFiles/RP2040-ESP32C3_Dev_Board.dir/C_/Users/Caner/Documents/Pico/pico-sdk/lib/tinyusb/src/device/usbd.c.obj
 .rodata.__func__.2
                0x1000891c        0xf CMakeFiles/RP2040-ESP32C3_Dev_Board.dir/C_/Users/Caner/Documents/Pico/pico-sdk/lib/tinyusb/src/device/usbd.c.obj
 *fill*         0x1000892b        0x1 
 .rodata.__func__.3
                0x1000892c        0xf CMakeFiles/RP2040-ESP32C3_Dev_Board.dir/C_/Users/Caner/Documents/Pico/pico-sdk/lib/tinyusb/src/device/usbd.c.obj
 *fill*         0x1000893b        0x1 
 .rodata.__func__.4
                0x1000893c       0x14 CMakeFiles/RP2040-ESP32C3_Dev_Board.dir/C_/Users/Caner/Documents/Pico/pico-sdk/lib/tinyusb/src/device/usbd.c.obj
 .rodata.__func__.5
                0x10008950       0x10 CMakeFiles/RP2040-ESP32C3_Dev_Board.dir/C_/Users/Caner/Documents/Pico/pico-sdk/lib/tinyusb/src/device/usbd.c.obj
 .rodata.__func__.6
                0x10008960       0x17 CMakeFiles/RP2040-ESP32C3_Dev_Board.dir/C_/Users/Caner/Documents/Pico/pico-sdk/lib/tinyusb/src/device/usbd.c.obj
 *fill*         0x10008977        0x1 
 .rodata.__func__.7
                0x10008978       0x13 CMakeFiles/RP2040-ESP32C3_Dev_Board.dir/C_/Users/Caner/Documents/Pico/pico-sdk/lib/tinyusb/src/device/usbd.c.obj
 *fill*         0x1000898b        0x1 
 .rodata.__func__.8
                0x1000898c       0x18 CMakeFiles/RP2040-ESP32C3_Dev_Board.dir/C_/Users/Caner/Documents/Pico/pico-sdk/lib/tinyusb/src/device/usbd.c.obj
 .rodata.__func__.9
                0x100089a4        0x9 CMakeFiles/RP2040-ESP32C3_Dev_Board.dir/C_/Users/Caner/Documents/Pico/pico-sdk/lib/tinyusb/src/device/usbd.c.obj
 *fill*         0x100089ad        0x3 
 .rodata._usbd_driver
                0x100089b0       0x18 CMakeFiles/RP2040-ESP32C3_Dev_Board.dir/C_/Users/Caner/Documents/Pico/pico-sdk/lib/tinyusb/src/device/usbd.c.obj
 .rodata.tud_control_xfer.str1.4
                0x100089c8       0x17 CMakeFiles/RP2040-ESP32C3_Dev_Board.dir/C_/Users/Caner/Documents/Pico/pico-sdk/lib/tinyusb/src/device/usbd_control.c.obj
 .rodata.__func__.0
                0x100089c8       0x15 CMakeFiles/RP2040-ESP32C3_Dev_Board.dir/C_/Users/Caner/Documents/Pico/pico-sdk/lib/tinyusb/src/device/usbd_control.c.obj
 *fill*         0x100089dd        0x3 
 .rodata.__func__.1
                0x100089e0       0x11 CMakeFiles/RP2040-ESP32C3_Dev_Board.dir/C_/Users/Caner/Documents/Pico/pico-sdk/lib/tinyusb/src/device/usbd_control.c.obj
 .rodata.tud_cdc_n_write_flush.str1.4
                0x100089f1       0x17 CMakeFiles/RP2040-ESP32C3_Dev_Board.dir/C_/Users/Caner/Documents/Pico/pico-sdk/lib/tinyusb/src/class/cdc/cdc_device.c.obj
 *fill*         0x100089f1        0x3 
 .rodata.__func__.0
                0x100089f4        0xd CMakeFiles/RP2040-ESP32C3_Dev_Board.dir/C_/Users/Caner/Documents/Pico/pico-sdk/lib/tinyusb/src/class/cdc/cdc_device.c.obj
 *fill*         0x10008a01        0x3 
 .rodata.__func__.1
                0x10008a04        0xa CMakeFiles/RP2040-ESP32C3_Dev_Board.dir/C_/Users/Caner/Documents/Pico/pico-sdk/lib/tinyusb/src/class/cdc/cdc_device.c.obj
 *fill*         0x10008a0e        0x2 
 .rodata.__func__.2
                0x10008a10       0x16 CMakeFiles/RP2040-ESP32C3_Dev_Board.dir/C_/Users/Caner/Documents/Pico/pico-sdk/lib/tinyusb/src/class/cdc/cdc_device.c.obj
 .rodata.tusb_init.str1.4
                0x10008a26       0x17 CMakeFiles/RP2040-ESP32C3_Dev_Board.dir/C_/Users/Caner/Documents/Pico/pico-sdk/lib/tinyusb/src/tusb.c.obj
 *fill*         0x10008a26        0x2 
 .rodata.__func__.0
                0x10008a28       0x11 CMakeFiles/RP2040-ESP32C3_Dev_Board.dir/C_/Users/Caner/Documents/Pico/pico-sdk/lib/tinyusb/src/tusb.c.obj
 *fill*         0x10008a39        0x3 
 .rodata.__func__.1
                0x10008a3c        0xa CMakeFiles/RP2040-ESP32C3_Dev_Board.dir/C_/Users/Caner/Documents/Pico/pico-sdk/lib/tinyusb/src/tusb.c.obj
 *fill*         0x10008a46        0x2 
 .rodata.pico_get_unique_board_id_string.str1.4
                0x10008a48       0x59 CMakeFiles/RP2040-ESP32C3_Dev_Board.dir/C_/Users/Caner/Documents/Pico/pico-sdk/src/rp2_common/pico_unique_id/unique_id.c.obj
 *fill*         0x10008aa1        0x3 
 .rodata.__func__.0
                0x10008aa4       0x20 CMakeFiles/RP2040-ESP32C3_Dev_Board.dir/C_/Users/Caner/Documents/Pico/pico-sdk/src/rp2_common/pico_unique_id/unique_id.c.obj
 .rodata.str1.4
                0x10008ac4      0x166 CMakeFiles/RP2040-ESP32C3_Dev_Board.dir/C_/Users/Caner/Documents/Pico/pico-sdk/src/rp2_common/hardware_flash/flash.c.obj
 *fill*         0x10008c2a        0x2 
 .rodata.__func__.0
                0x10008c2c        0xd CMakeFiles/RP2040-ESP32C3_Dev_Board.dir/C_/Users/Caner/Documents/Pico/pico-sdk/src/rp2_common/hardware_flash/flash.c.obj
 *fill*         0x10008c39        0x3 
 .rodata.i2c_set_baudrate.str1.4
                0x10008c3c       0x69 CMakeFiles/RP2040-ESP32C3_Dev_Board.dir/C_/Users/Caner/Documents/Pico/pico-sdk/src/rp2_common/hardware_i2c/i2c.c.obj
 *fill*         0x10008ca5        0x3 
 .rodata.__func__.0
                0x10008ca8       0x11 CMakeFiles/RP2040-ESP32C3_Dev_Board.dir/C_/Users/Caner/Documents/Pico/pico-sdk/src/rp2_common/hardware_i2c/i2c.c.obj
                0x10008cbc                . = ALIGN (0x4)
 *fill*         0x10008cb9        0x3 
 *(SORT_BY_ALIGNMENT(SORT_BY_NAME(.flashdata*)))
                0x10008cbc                . = ALIGN (0x4)

.rel.dyn        0x10008cbc        0x0
 .rel.iplt      0x10008cbc        0x0 c:/progra~2/gnuarm~1/102021~1.10/bin/../lib/gcc/arm-none-eabi/10.3.1/thumb/v6-m/nofp/crtbegin.o

.ARM.extab
 *(.ARM.extab* .gnu.linkonce.armextab.*)
                0x10008cbc                __exidx_start = .

.ARM.exidx
 *(.ARM.exidx* .gnu.linkonce.armexidx.*)
                0x10008cbc                __exidx_end = .
                0x10008cbc                . = ALIGN (0x4)
                0x10008cbc                __binary_info_start = .

.binary_info    0x10008cbc       0x24
 *(.binary_info.keep.*)
 .binary_info.keep.__bi_ptr22
                0x10008cbc        0x4 CMakeFiles/RP2040-ESP32C3_Dev_Board.dir/C_/Users/Caner/Documents/Pico/pico-sdk/src/rp2_common/pico_standard_link/binary_info.c.obj
 .binary_info.keep.__bi_ptr30
                0x10008cc0        0x4 CMakeFiles/RP2040-ESP32C3_Dev_Board.dir/C_/Users/Caner/Documents/Pico/pico-sdk/src/rp2_common/pico_standard_link/binary_info.c.obj
 .binary_info.keep.__bi_ptr38
                0x10008cc4        0x4 CMakeFiles/RP2040-ESP32C3_Dev_Board.dir/C_/Users/Caner/Documents/Pico/pico-sdk/src/rp2_common/pico_standard_link/binary_info.c.obj
 .binary_info.keep.__bi_ptr44
                0x10008cc8        0x4 CMakeFiles/RP2040-ESP32C3_Dev_Board.dir/C_/Users/Caner/Documents/Pico/pico-sdk/src/rp2_common/pico_standard_link/binary_info.c.obj
 .binary_info.keep.__bi_ptr50
                0x10008ccc        0x4 CMakeFiles/RP2040-ESP32C3_Dev_Board.dir/C_/Users/Caner/Documents/Pico/pico-sdk/src/rp2_common/pico_standard_link/binary_info.c.obj
 .binary_info.keep.__bi_ptr56
                0x10008cd0        0x4 CMakeFiles/RP2040-ESP32C3_Dev_Board.dir/C_/Users/Caner/Documents/Pico/pico-sdk/src/rp2_common/pico_standard_link/binary_info.c.obj