Archive member included to satisfy reference by file (symbol)

/Applications/ArmGNUToolchain/12.3.rel1/arm-none-eabi/bin/../lib/gcc/arm-none-eabi/12.3.1/thumb/v6-m/nofp/libgcc.a(_dvmd_tls.o)
                              button/CMakeFiles/Button.dir/Users/hakan/VSCodeProjects/RP2040-ESP32C3-Development-Board/SW/pico-sdk/src/rp2_common/pico_divider/divider.S.obj (__aeabi_idiv0)
/Applications/ArmGNUToolchain/12.3.rel1/arm-none-eabi/bin/../lib/gcc/arm-none-eabi/12.3.1/../../../../arm-none-eabi/lib/thumb/v6-m/nofp/libg.a(libc_a-calloc.o)
                              button/CMakeFiles/Button.dir/Users/hakan/VSCodeProjects/RP2040-ESP32C3-Development-Board/SW/pico-sdk/src/rp2_common/pico_malloc/pico_malloc.c.obj (calloc)
/Applications/ArmGNUToolchain/12.3.rel1/arm-none-eabi/bin/../lib/gcc/arm-none-eabi/12.3.1/../../../../arm-none-eabi/lib/thumb/v6-m/nofp/libg.a(libc_a-callocr.o)
                              /Applications/ArmGNUToolchain/12.3.rel1/arm-none-eabi/bin/../lib/gcc/arm-none-eabi/12.3.1/../../../../arm-none-eabi/lib/thumb/v6-m/nofp/libg.a(libc_a-calloc.o) (_calloc_r)
/Applications/ArmGNUToolchain/12.3.rel1/arm-none-eabi/bin/../lib/gcc/arm-none-eabi/12.3.1/../../../../arm-none-eabi/lib/thumb/v6-m/nofp/libg.a(libc_a-malloc.o)
                              button/CMakeFiles/Button.dir/Users/hakan/VSCodeProjects/RP2040-ESP32C3-Development-Board/SW/pico-sdk/src/rp2_common/pico_malloc/pico_malloc.c.obj (malloc)
/Applications/ArmGNUToolchain/12.3.rel1/arm-none-eabi/bin/../lib/gcc/arm-none-eabi/12.3.1/../../../../arm-none-eabi/lib/thumb/v6-m/nofp/libg.a(libc_a-mallocr.o)
                              /Applications/ArmGNUToolchain/12.3.rel1/arm-none-eabi/bin/../lib/gcc/arm-none-eabi/12.3.1/../../../../arm-none-eabi/lib/thumb/v6-m/nofp/libg.a(libc_a-callocr.o) (_malloc_r)
/Applications/ArmGNUToolchain/12.3.rel1/arm-none-eabi/bin/../lib/gcc/arm-none-eabi/12.3.1/../../../../arm-none-eabi/lib/thumb/v6-m/nofp/libg.a(libc_a-mlock.o)
                              /Applications/ArmGNUToolchain/12.3.rel1/arm-none-eabi/bin/../lib/gcc/arm-none-eabi/12.3.1/../../../../arm-none-eabi/lib/thumb/v6-m/nofp/libg.a(libc_a-mallocr.o) (__malloc_lock)
/Applications/ArmGNUToolchain/12.3.rel1/arm-none-eabi/bin/../lib/gcc/arm-none-eabi/12.3.1/../../../../arm-none-eabi/lib/thumb/v6-m/nofp/libg.a(libc_a-realloc.o)
                              button/CMakeFiles/Button.dir/Users/hakan/VSCodeProjects/RP2040-ESP32C3-Development-Board/SW/pico-sdk/src/rp2_common/pico_malloc/pico_malloc.c.obj (realloc)
/Applications/ArmGNUToolchain/12.3.rel1/arm-none-eabi/bin/../lib/gcc/arm-none-eabi/12.3.1/../../../../arm-none-eabi/lib/thumb/v6-m/nofp/libg.a(libc_a-reallocr.o)
                              /Applications/ArmGNUToolchain/12.3.rel1/arm-none-eabi/bin/../lib/gcc/arm-none-eabi/12.3.1/../../../../arm-none-eabi/lib/thumb/v6-m/nofp/libg.a(libc_a-realloc.o) (_realloc_r)
/Applications/ArmGNUToolchain/12.3.rel1/arm-none-eabi/bin/../lib/gcc/arm-none-eabi/12.3.1/../../../../arm-none-eabi/lib/thumb/v6-m/nofp/libg.a(libc_a-memmove.o)
                              /Applications/ArmGNUToolchain/12.3.rel1/arm-none-eabi/bin/../lib/gcc/arm-none-eabi/12.3.1/../../../../arm-none-eabi/lib/thumb/v6-m/nofp/libg.a(libc_a-reallocr.o) (memmove)
/Applications/ArmGNUToolchain/12.3.rel1/arm-none-eabi/bin/../lib/gcc/arm-none-eabi/12.3.1/../../../../arm-none-eabi/lib/thumb/v6-m/nofp/libg.a(libc_a-impure.o)
                              /Applications/ArmGNUToolchain/12.3.rel1/arm-none-eabi/bin/../lib/gcc/arm-none-eabi/12.3.1/../../../../arm-none-eabi/lib/thumb/v6-m/nofp/libg.a(libc_a-calloc.o) (_impure_ptr)
/Applications/ArmGNUToolchain/12.3.rel1/arm-none-eabi/bin/../lib/gcc/arm-none-eabi/12.3.1/../../../../arm-none-eabi/lib/thumb/v6-m/nofp/libg.a(libc_a-sbrkr.o)
                              /Applications/ArmGNUToolchain/12.3.rel1/arm-none-eabi/bin/../lib/gcc/arm-none-eabi/12.3.1/../../../../arm-none-eabi/lib/thumb/v6-m/nofp/libg.a(libc_a-mallocr.o) (_sbrk_r)
/Applications/ArmGNUToolchain/12.3.rel1/arm-none-eabi/bin/../lib/gcc/arm-none-eabi/12.3.1/../../../../arm-none-eabi/lib/thumb/v6-m/nofp/libg.a(libc_a-errno.o)
                              /Applications/ArmGNUToolchain/12.3.rel1/arm-none-eabi/bin/../lib/gcc/arm-none-eabi/12.3.1/../../../../arm-none-eabi/lib/thumb/v6-m/nofp/libg.a(libc_a-callocr.o) (__errno)
/Applications/ArmGNUToolchain/12.3.rel1/arm-none-eabi/bin/../lib/gcc/arm-none-eabi/12.3.1/../../../../arm-none-eabi/lib/thumb/v6-m/nofp/libg.a(libc_a-sysconf.o)
                              /Applications/ArmGNUToolchain/12.3.rel1/arm-none-eabi/bin/../lib/gcc/arm-none-eabi/12.3.1/../../../../arm-none-eabi/lib/thumb/v6-m/nofp/libg.a(libc_a-mallocr.o) (sysconf)
/Applications/ArmGNUToolchain/12.3.rel1/arm-none-eabi/bin/../lib/gcc/arm-none-eabi/12.3.1/../../../../arm-none-eabi/lib/thumb/v6-m/nofp/libg.a(libc_a-init.o)
[...]
Memory Configuration

Name             Origin             Length             Attributes
FLASH            0x10000000         0x00200000         xr
RAM              0x20000000         0x00040000         xrw
SCRATCH_X        0x20040000         0x00001000         xrw
SCRATCH_Y        0x20041000         0x00001000         xrw
*default*        0x00000000         0xffffffff

Linker script and memory map

LOAD /Applications/ArmGNUToolchain/12.3.rel1/arm-none-eabi/bin/../lib/gcc/arm-none-eabi/12.3.1/thumb/v6-m/nofp/crti.o
LOAD /Applications/ArmGNUToolchain/12.3.rel1/arm-none-eabi/bin/../lib/gcc/arm-none-eabi/12.3.1/thumb/v6-m/nofp/crtbegin.o
LOAD /Applications/ArmGNUToolchain/12.3.rel1/arm-none-eabi/bin/../lib/gcc/arm-none-eabi/12.3.1/../../../../arm-none-eabi/lib/thumb/v6-m/nofp/crt0.o

.flash_begin    0x10000000        0x0
                0x10000000                        __flash_binary_start = .

.boot2          0x10000000      0x100
                0x10000000                        __boot2_start__ = .
 *(.boot2)
 .boot2         0x10000000      0x100 /var/folders/dh/k3yv_04537743ts1g7j3_pgw0000gn/T//ccHQucPV.o
                0x10000100                        __boot2_end__ = .
                0x00000001                        ASSERT (((__boot2_end__ - __boot2_start__) == 0x100), ERROR: Pico second stage bootloader must be 256 bytes in size)

.text           0x10000100     0x46a8
                0x10000100                        __logical_binary_start = .
 *(.vectors)
 .vectors       0x10000100       0xd4 button/CMakeFiles/Button.dir/Users/hakan/VSCodeProjects/RP2040-ESP32C3-Development-Board/SW/pico-sdk/src/rp2_common/pico_standard_link/crt0.S.obj
                0x10000100                __VECTOR_TABLE
                0x10000100                __vectors
                0x100001c0                __default_isrs_start
                0x100001c0                isr_invalid
                0x100001c2                isr_nmi
                0x100001c4                isr_hardfault
                0x100001c6                isr_svcall
                0x100001c8                isr_pendsv
                0x100001ca                isr_systick
                0x100001cc                isr_irq28
                0x100001cc                isr_irq19
                0x100001cc                isr_irq0
                0x100001cc                isr_irq6
                0x100001cc                isr_irq22
                0x100001cc                isr_irq17
                0x100001cc                isr_irq14
                0x100001cc                isr_irq2
                0x100001cc                isr_irq10
                0x100001cc                isr_irq8
                0x100001cc                isr_irq24
                0x100001cc                isr_irq1
                0x100001cc                isr_irq7
                0x100001cc                isr_irq21
                0x100001cc                isr_irq20
                0x100001cc                isr_irq15
                0x100001cc                isr_irq25
                0x100001cc                isr_irq4
                0x100001cc                isr_irq16
                0x100001cc                isr_irq29
                0x100001cc                isr_irq26
                0x100001cc                __default_isrs_end
                0x100001cc                isr_irq3
                0x100001cc                isr_irq9
                0x100001cc                __unhandled_user_irq
                0x100001cc                isr_irq13
                0x100001cc                isr_irq27
                0x100001cc                isr_irq31
                0x100001cc                isr_irq5
                0x100001cc                isr_irq11
                0x100001cc                isr_irq23
                0x100001cc                isr_irq18
                0x100001cc                isr_irq30
                0x100001cc                isr_irq12
                0x100001d2                unhandled_user_irq_num_in_r0
 *(.binary_info_header)
 .binary_info_header
                0x100001d4       0x14 button/CMakeFiles/Button.dir/Users/hakan/VSCodeProjects/RP2040-ESP32C3-Development-Board/SW/pico-sdk/src/rp2_common/pico_standard_link/crt0.S.obj
                0x100001e8                        __binary_info_header_end = .
 *(.reset)
 .reset         0x100001e8       0xa0 button/CMakeFiles/Button.dir/Users/hakan/VSCodeProjects/RP2040-ESP32C3-Development-Board/SW/pico-sdk/src/rp2_common/pico_standard_link/crt0.S.obj
                0x100001e8                _entry_point
 .reset         0x10000288       0x30 button/CMakeFiles/Button.dir/Users/hakan/VSCodeProjects/RP2040-ESP32C3-Development-Board/SW/pico-sdk/src/rp2_common/pico_standard_link/binary_info.c.obj
 *(.init)
 .init          0x100002b8        0x4 /Applications/ArmGNUToolchain/12.3.rel1/arm-none-eabi/bin/../lib/gcc/arm-none-eabi/12.3.1/thumb/v6-m/nofp/crti.o
                0x100002b8                _init
 *(EXCLUDE_FILE(*libm.a: *libc.a:*lib_a-mem*.o *libgcc.a:) .text*)
 .text.register_tm_clones
                0x100002bc       0x28 /Applications/ArmGNUToolchain/12.3.rel1/arm-none-eabi/bin/../lib/gcc/arm-none-eabi/12.3.1/thumb/v6-m/nofp/crtbegin.o
 .text.frame_dummy
                0x100002e4       0x24 /Applications/ArmGNUToolchain/12.3.rel1/arm-none-eabi/bin/../lib/gcc/arm-none-eabi/12.3.1/thumb/v6-m/nofp/crtbegin.o
 .text.gpio_callback
                0x10000308        0xc button/CMakeFiles/Button.dir/main.c.obj
                0x10000308                gpio_callback
 .text.main     0x10000314       0x50 button/CMakeFiles/Button.dir/main.c.obj
                0x10000314                main
 .text.gpio_set_function
                0x10000364       0x30 button/CMakeFiles/Button.dir/Users/hakan/VSCodeProjects/RP2040-ESP32C3-Development-Board/SW/pico-sdk/src/rp2_common/hardware_gpio/gpio.c.obj
                0x10000364                gpio_set_function
 .text.gpio_set_irq_callback
                0x10000394       0x48 button/CMakeFiles/Button.dir/Users/hakan/VSCodeProjects/RP2040-ESP32C3-Development-Board/SW/pico-sdk/src/rp2_common/hardware_gpio/gpio.c.obj
                0x10000394                gpio_set_irq_callback
 .text.gpio_acknowledge_irq
                0x100003dc       0x18 button/CMakeFiles/Button.dir/Users/hakan/VSCodeProjects/RP2040-ESP32C3-Development-Board/SW/pico-sdk/src/rp2_common/hardware_gpio/gpio.c.obj
                0x100003dc                gpio_acknowledge_irq
 .text._gpio_set_irq_enabled
                0x100003f4       0x34 button/CMakeFiles/Button.dir/Users/hakan/VSCodeProjects/RP2040-ESP32C3-Development-Board/SW/pico-sdk/src/rp2_common/hardware_gpio/gpio.c.obj
 .text.gpio_set_irq_enabled
                0x10000428       0x20 button/CMakeFiles/Button.dir/Users/hakan/VSCodeProjects/RP2040-ESP32C3-Development-Board/SW/pico-sdk/src/rp2_common/hardware_gpio/gpio.c.obj
                0x10000428                gpio_set_irq_enabled
 .text.gpio_set_irq_enabled_with_callback
                0x10000448       0x20 button/CMakeFiles/Button.dir/Users/hakan/VSCodeProjects/RP2040-ESP32C3-Development-Board/SW/pico-sdk/src/rp2_common/hardware_gpio/gpio.c.obj
                0x10000448                gpio_set_irq_enabled_with_callback
 .text.gpio_default_irq_handler
                0x10000468       0x98 button/CMakeFiles/Button.dir/Users/hakan/VSCodeProjects/RP2040-ESP32C3-Development-Board/SW/pico-sdk/src/rp2_common/hardware_gpio/gpio.c.obj
 .text.gpio_init
                0x10000500       0x16 button/CMakeFiles/Button.dir/Users/hakan/VSCodeProjects/RP2040-ESP32C3-Development-Board/SW/pico-sdk/src/rp2_common/hardware_gpio/gpio.c.obj
                0x10000500                gpio_init
 *fill*         0x10000516        0x2 
 .text.running_on_fpga
                0x10000518       0x14 button/CMakeFiles/Button.dir/Users/hakan/VSCodeProjects/RP2040-ESP32C3-Development-Board/SW/pico-sdk/src/rp2_common/pico_platform/platform.c.obj
                0x10000518                running_on_fpga
 .text.hw_claim_lock
                0x1000052c       0x18 button/CMakeFiles/Button.dir/Users/hakan/VSCodeProjects/RP2040-ESP32C3-Development-Board/SW/pico-sdk/src/rp2_common/hardware_claim/claim.c.obj
                0x1000052c                hw_claim_lock
 .text.hw_claim_unlock
                0x10000544       0x14 button/CMakeFiles/Button.dir/Users/hakan/VSCodeProjects/RP2040-ESP32C3-Development-Board/SW/pico-sdk/src/rp2_common/hardware_claim/claim.c.obj
                0x10000544                hw_claim_unlock
 .text.hw_claim_or_assert
                0x10000558       0x32 button/CMakeFiles/Button.dir/Users/hakan/VSCodeProjects/RP2040-ESP32C3-Development-Board/SW/pico-sdk/src/rp2_common/hardware_claim/claim.c.obj
                0x10000558                hw_claim_or_assert
 *fill*         0x1000058a        0x2 
 .text.spin_locks_reset
                0x1000058c       0x20 button/CMakeFiles/Button.dir/Users/hakan/VSCodeProjects/RP2040-ESP32C3-Development-Board/SW/pico-sdk/src/rp2_common/hardware_sync/sync.c.obj
                0x1000058c                spin_locks_reset
 .text.next_striped_spin_lock_num
                0x100005ac       0x1c button/CMakeFiles/Button.dir/Users/hakan/VSCodeProjects/RP2040-ESP32C3-Development-Board/SW/pico-sdk/src/rp2_common/hardware_sync/sync.c.obj
                0x100005ac                next_striped_spin_lock_num
 .text.set_raw_irq_handler_and_unlock
                0x100005c8       0x28 button/CMakeFiles/Button.dir/Users/hakan/VSCodeProjects/RP2040-ESP32C3-Development-Board/SW/pico-sdk/src/rp2_common/hardware_irq/irq.c.obj
 .text.resolve_branch
                0x100005f0       0x30 button/CMakeFiles/Button.dir/Users/hakan/VSCodeProjects/RP2040-ESP32C3-Development-Board/SW/pico-sdk/src/rp2_common/hardware_irq/irq.c.obj
 .text.make_branch
                0x10000620       0x48 button/CMakeFiles/Button.dir/Users/hakan/VSCodeProjects/RP2040-ESP32C3-Development-Board/SW/pico-sdk/src/rp2_common/hardware_irq/irq.c.obj
 .text.insert_branch_and_link
                0x10000668       0x40 button/CMakeFiles/Button.dir/Users/hakan/VSCodeProjects/RP2040-ESP32C3-Development-Board/SW/pico-sdk/src/rp2_common/hardware_irq/irq.c.obj
 .text.irq_is_enabled
                0x100006a8       0x18 button/CMakeFiles/Button.dir/Users/hakan/VSCodeProjects/RP2040-ESP32C3-Development-Board/SW/pico-sdk/src/rp2_common/hardware_irq/irq.c.obj
                0x100006a8                irq_is_enabled
 .text.irq_set_mask_enabled
                0x100006c0       0x20 button/CMakeFiles/Button.dir/Users/hakan/VSCodeProjects/RP2040-ESP32C3-Development-Board/SW/pico-sdk/src/rp2_common/hardware_irq/irq.c.obj
                0x100006c0                irq_set_mask_enabled
 .text.irq_set_enabled
                0x100006e0        0xe button/CMakeFiles/Button.dir/Users/hakan/VSCodeProjects/RP2040-ESP32C3-Development-Board/SW/pico-sdk/src/rp2_common/hardware_irq/irq.c.obj
                0x100006e0                irq_set_enabled
 *fill*         0x100006ee        0x2 
 .text.irq_get_vtable_handler
                0x100006f0       0x10 button/CMakeFiles/Button.dir/Users/hakan/VSCodeProjects/RP2040-ESP32C3-Development-Board/SW/pico-sdk/src/rp2_common/hardware_irq/irq.c.obj
                0x100006f0                irq_get_vtable_handler
 .text.irq_set_exclusive_handler
                0x10000700       0x54 button/CMakeFiles/Button.dir/Users/hakan/VSCodeProjects/RP2040-ESP32C3-Development-Board/SW/pico-sdk/src/rp2_common/hardware_irq/irq.c.obj
                0x10000700                irq_set_exclusive_handler
 .text.irq_add_shared_handler
                0x10000754      0x210 button/CMakeFiles/Button.dir/Users/hakan/VSCodeProjects/RP2040-ESP32C3-Development-Board/SW/pico-sdk/src/rp2_common/hardware_irq/irq.c.obj
                0x10000754                irq_add_shared_handler
 .text.irq_remove_handler
                0x10000964      0x188 button/CMakeFiles/Button.dir/Users/hakan/VSCodeProjects/RP2040-ESP32C3-Development-Board/SW/pico-sdk/src/rp2_common/hardware_irq/irq.c.obj
                0x10000964                irq_remove_handler
 .text.irq_add_tail_to_free_list
                0x10000aec       0xf0 button/CMakeFiles/Button.dir/Users/hakan/VSCodeProjects/RP2040-ESP32C3-Development-Board/SW/pico-sdk/src/rp2_common/hardware_irq/irq.c.obj
                0x10000aec                irq_add_tail_to_free_list
 .text.irq_init_priorities
                0x10000bdc       0x1c button/CMakeFiles/Button.dir/Users/hakan/VSCodeProjects/RP2040-ESP32C3-Development-Board/SW/pico-sdk/src/rp2_common/hardware_irq/irq.c.obj
                0x10000bdc                irq_init_priorities
 .text.lock_init
                0x10000bf8       0x10 button/CMakeFiles/Button.dir/Users/hakan/VSCodeProjects/RP2040-ESP32C3-Development-Board/SW/pico-sdk/src/common/pico_sync/lock_core.c.obj
                0x10000bf8                lock_init
 .text.mutex_init
                0x10000c08       0x1a button/CMakeFiles/Button.dir/Users/hakan/VSCodeProjects/RP2040-ESP32C3-Development-Board/SW/pico-sdk/src/common/pico_sync/mutex.c.obj
                0x10000c08                mutex_init
 .text.recursive_mutex_init
                0x10000c22       0x1e button/CMakeFiles/Button.dir/Users/hakan/VSCodeProjects/RP2040-ESP32C3-Development-Board/SW/pico-sdk/src/common/pico_sync/mutex.c.obj
                0x10000c22                recursive_mutex_init
 .text.time_reached
                0x10000c40       0x28 button/CMakeFiles/Button.dir/Users/hakan/VSCodeProjects/RP2040-ESP32C3-Development-Board/SW/pico-sdk/src/common/pico_time/time.c.obj
 .text.get_entry
                0x10000c68       0x38 button/CMakeFiles/Button.dir/Users/hakan/VSCodeProjects/RP2040-ESP32C3-Development-Board/SW/pico-sdk/src/common/pico_time/time.c.obj
 .text.timer_pool_entry_comparator
                0x10000ca0       0x2e button/CMakeFiles/Button.dir/Users/hakan/VSCodeProjects/RP2040-ESP32C3-Development-Board/SW/pico-sdk/src/common/pico_time/time.c.obj
                0x10000ca0                timer_pool_entry_comparator
 *fill*         0x10000cce        0x2 
 .text.update_us_since_boot
                0x10000cd0       0x24 button/CMakeFiles/Button.dir/Users/hakan/VSCodeProjects/RP2040-ESP32C3-Development-Board/SW/pico-sdk/src/common/pico_time/time.c.obj
 .text.delayed_by_us
                0x10000cf4       0x34 button/CMakeFiles/Button.dir/Users/hakan/VSCodeProjects/RP2040-ESP32C3-Development-Board/SW/pico-sdk/src/common/pico_time/time.c.obj
 .text.ph_get_node
                0x10000d28       0x30 button/CMakeFiles/Button.dir/Users/hakan/VSCodeProjects/RP2040-ESP32C3-Development-Board/SW/pico-sdk/src/common/pico_time/time.c.obj
 .text.ph_contains_node
                0x10000d58       0x1e button/CMakeFiles/Button.dir/Users/hakan/VSCodeProjects/RP2040-ESP32C3-Development-Board/SW/pico-sdk/src/common/pico_time/time.c.obj
 .text.ph_new_node
                0x10000d76       0x28 button/CMakeFiles/Button.dir/Users/hakan/VSCodeProjects/RP2040-ESP32C3-Development-Board/SW/pico-sdk/src/common/pico_time/time.c.obj
 *fill*         0x10000d9e        0x2 
 .text.ph_add_child_node
                0x10000da0       0x6c button/CMakeFiles/Button.dir/Users/hakan/VSCodeProjects/RP2040-ESP32C3-Development-Board/SW/pico-sdk/src/common/pico_time/time.c.obj
 .text.ph_merge_nodes
                0x10000e0c       0x3e button/CMakeFiles/Button.dir/Users/hakan/VSCodeProjects/RP2040-ESP32C3-Development-Board/SW/pico-sdk/src/common/pico_time/time.c.obj
 *fill*         0x10000e4a        0x2 
 .text.ph_insert_node
                0x10000e4c       0x3c button/CMakeFiles/Button.dir/Users/hakan/VSCodeProjects/RP2040-ESP32C3-Development-Board/SW/pico-sdk/src/common/pico_time/time.c.obj
 .text.ph_free_node
                0x10000e88       0x5c button/CMakeFiles/Button.dir/Users/hakan/VSCodeProjects/RP2040-ESP32C3-Development-Board/SW/pico-sdk/src/common/pico_time/time.c.obj
 .text.get_entry_id_high
                0x10000ee4       0x30 button/CMakeFiles/Button.dir/Users/hakan/VSCodeProjects/RP2040-ESP32C3-Development-Board/SW/pico-sdk/src/common/pico_time/time.c.obj
 .text.alarm_pool_post_alloc_init
                0x10000f14       0x40 button/CMakeFiles/Button.dir/Users/hakan/VSCodeProjects/RP2040-ESP32C3-Development-Board/SW/pico-sdk/src/common/pico_time/time.c.obj
 .text.sleep_until_callback
                0x10000f54       0x30 button/CMakeFiles/Button.dir/Users/hakan/VSCodeProjects/RP2040-ESP32C3-Development-Board/SW/pico-sdk/src/common/pico_time/time.c.obj
 .text.get_absolute_time
                0x10000f84       0x22 button/CMakeFiles/Button.dir/Users/hakan/VSCodeProjects/RP2040-ESP32C3-Development-Board/SW/pico-sdk/src/common/pico_time/time.c.obj
 *fill*         0x10000fa6        0x2 
 .text.add_alarm_under_lock
                0x10000fa8       0x94 button/CMakeFiles/Button.dir/Users/hakan/VSCodeProjects/RP2040-ESP32C3-Development-Board/SW/pico-sdk/src/common/pico_time/time.c.obj
 .text.alarm_pool_alarm_callback
                0x1000103c      0x210 button/CMakeFiles/Button.dir/Users/hakan/VSCodeProjects/RP2040-ESP32C3-Development-Board/SW/pico-sdk/src/common/pico_time/time.c.obj
 .text.alarm_pool_init_default
                0x1000124c       0x40 button/CMakeFiles/Button.dir/Users/hakan/VSCodeProjects/RP2040-ESP32C3-Development-Board/SW/pico-sdk/src/common/pico_time/time.c.obj
                0x1000124c                alarm_pool_init_default
 .text.alarm_pool_get_default
                0x1000128c       0x2c button/CMakeFiles/Button.dir/Users/hakan/VSCodeProjects/RP2040-ESP32C3-Development-Board/SW/pico-sdk/src/common/pico_time/time.c.obj
                0x1000128c                alarm_pool_get_default
 .text.alarm_pool_add_alarm_at
                0x100012b8      0x10e button/CMakeFiles/Button.dir/Users/hakan/VSCodeProjects/RP2040-ESP32C3-Development-Board/SW/pico-sdk/src/common/pico_time/time.c.obj
                0x100012b8                alarm_pool_add_alarm_at
 .text.add_alarm_at
                0x100013c6       0x2e button/CMakeFiles/Button.dir/Users/hakan/VSCodeProjects/RP2040-ESP32C3-Development-Board/SW/pico-sdk/src/common/pico_time/time.c.obj
 .text.alarm_pool_cancel_alarm
                0x100013f4       0xa8 button/CMakeFiles/Button.dir/Users/hakan/VSCodeProjects/RP2040-ESP32C3-Development-Board/SW/pico-sdk/src/common/pico_time/time.c.obj
                0x100013f4                alarm_pool_cancel_alarm
 .text.cancel_alarm
                0x1000149c       0x10 button/CMakeFiles/Button.dir/Users/hakan/VSCodeProjects/RP2040-ESP32C3-Development-Board/SW/pico-sdk/src/common/pico_time/time.c.obj
 .text.best_effort_wfe_or_timeout
                0x100014ac       0x44 button/CMakeFiles/Button.dir/Users/hakan/VSCodeProjects/RP2040-ESP32C3-Development-Board/SW/pico-sdk/src/common/pico_time/time.c.obj
                0x100014ac                best_effort_wfe_or_timeout
 .text.update_us_since_boot
                0x100014f0       0x24 button/CMakeFiles/Button.dir/Users/hakan/VSCodeProjects/RP2040-ESP32C3-Development-Board/SW/pico-sdk/src/rp2_common/hardware_timer/timer.c.obj
 .text.hardware_alarm_irq_handler
                0x10001514       0x8c button/CMakeFiles/Button.dir/Users/hakan/VSCodeProjects/RP2040-ESP32C3-Development-Board/SW/pico-sdk/src/rp2_common/hardware_timer/timer.c.obj
 .text.hardware_alarm_claim
                0x100015a0       0x18 button/CMakeFiles/Button.dir/Users/hakan/VSCodeProjects/RP2040-ESP32C3-Development-Board/SW/pico-sdk/src/rp2_common/hardware_timer/timer.c.obj
                0x100015a0                hardware_alarm_claim
 .text.time_us_64
                0x100015b8       0x18 button/CMakeFiles/Button.dir/Users/hakan/VSCodeProjects/RP2040-ESP32C3-Development-Board/SW/pico-sdk/src/rp2_common/hardware_timer/timer.c.obj
                0x100015b8                time_us_64
 .text.busy_wait_until
                0x100015d0       0x28 button/CMakeFiles/Button.dir/Users/hakan/VSCodeProjects/RP2040-ESP32C3-Development-Board/SW/pico-sdk/src/rp2_common/hardware_timer/timer.c.obj
                0x100015d0                busy_wait_until
 .text.busy_wait_us
                0x100015f8       0x3a button/CMakeFiles/Button.dir/Users/hakan/VSCodeProjects/RP2040-ESP32C3-Development-Board/SW/pico-sdk/src/rp2_common/hardware_timer/timer.c.obj
                0x100015f8                busy_wait_us
 *fill*         0x10001632        0x2 
 .text.hardware_alarm_set_callback
                0x10001634       0x90 button/CMakeFiles/Button.dir/Users/hakan/VSCodeProjects/RP2040-ESP32C3-Development-Board/SW/pico-sdk/src/rp2_common/hardware_timer/timer.c.obj
                0x10001634                hardware_alarm_set_callback
 .text.hardware_alarm_set_target
                0x100016c4       0xe8 button/CMakeFiles/Button.dir/Users/hakan/VSCodeProjects/RP2040-ESP32C3-Development-Board/SW/pico-sdk/src/rp2_common/hardware_timer/timer.c.obj
                0x100016c4                hardware_alarm_set_target
 .text.hardware_alarm_cancel
                0x100017ac       0x40 button/CMakeFiles/Button.dir/Users/hakan/VSCodeProjects/RP2040-ESP32C3-Development-Board/SW/pico-sdk/src/rp2_common/hardware_timer/timer.c.obj
                0x100017ac                hardware_alarm_cancel
 .text.ph_get_node
                0x100017ec       0x30 button/CMakeFiles/Button.dir/Users/hakan/VSCodeProjects/RP2040-ESP32C3-Development-Board/SW/pico-sdk/src/common/pico_util/pheap.c.obj
 .text.ph_add_child_node
                0x1000181c       0x6c button/CMakeFiles/Button.dir/Users/hakan/VSCodeProjects/RP2040-ESP32C3-Development-Board/SW/pico-sdk/src/common/pico_util/pheap.c.obj
 .text.ph_merge_nodes
                0x10001888       0x3e button/CMakeFiles/Button.dir/Users/hakan/VSCodeProjects/RP2040-ESP32C3-Development-Board/SW/pico-sdk/src/common/pico_util/pheap.c.obj
 .text.ph_clear
                0x100018c6       0x34 button/CMakeFiles/Button.dir/Users/hakan/VSCodeProjects/RP2040-ESP32C3-Development-Board/SW/pico-sdk/src/common/pico_util/pheap.c.obj
                0x100018c6                ph_clear
 .text.ph_post_alloc_init
                0x100018fa        0xe button/CMakeFiles/Button.dir/Users/hakan/VSCodeProjects/RP2040-ESP32C3-Development-Board/SW/pico-sdk/src/common/pico_util/pheap.c.obj
                0x100018fa                ph_post_alloc_init
 .text.ph_merge_two_pass
                0x10001908       0x5c button/CMakeFiles/Button.dir/Users/hakan/VSCodeProjects/RP2040-ESP32C3-Development-Board/SW/pico-sdk/src/common/pico_util/pheap.c.obj
                0x10001908                ph_merge_two_pass
 .text.ph_remove_any_head
                0x10001964       0xc0 button/CMakeFiles/Button.dir/Users/hakan/VSCodeProjects/RP2040-ESP32C3-Development-Board/SW/pico-sdk/src/common/pico_util/pheap.c.obj
 .text.ph_remove_head
                0x10001a24       0x14 button/CMakeFiles/Button.dir/Users/hakan/VSCodeProjects/RP2040-ESP32C3-Development-Board/SW/pico-sdk/src/common/pico_util/pheap.c.obj
                0x10001a24                ph_remove_head
 .text.ph_remove_and_free_node
                0x10001a38       0xa0 button/CMakeFiles/Button.dir/Users/hakan/VSCodeProjects/RP2040-ESP32C3-Development-Board/SW/pico-sdk/src/common/pico_util/pheap.c.obj
                0x10001a38                ph_remove_and_free_node
 .text.uart_disable_before_lcr_write
                0x10001ad8       0x48 button/CMakeFiles/Button.dir/Users/hakan/VSCodeProjects/RP2040-ESP32C3-Development-Board/SW/pico-sdk/src/rp2_common/hardware_uart/uart.c.obj
 .text.uart_write_lcr_bits_masked
                0x10001b20       0x22 button/CMakeFiles/Button.dir/Users/hakan/VSCodeProjects/RP2040-ESP32C3-Development-Board/SW/pico-sdk/src/rp2_common/hardware_uart/uart.c.obj
 *fill*         0x10001b42        0x2 
 .text.uart_set_baudrate
                0x10001b44       0x5c button/CMakeFiles/Button.dir/Users/hakan/VSCodeProjects/RP2040-ESP32C3-Development-Board/SW/pico-sdk/src/rp2_common/hardware_uart/uart.c.obj
                0x10001b44                uart_set_baudrate
 .text.uart_set_format
                0x10001ba0       0x2c button/CMakeFiles/Button.dir/Users/hakan/VSCodeProjects/RP2040-ESP32C3-Development-Board/SW/pico-sdk/src/rp2_common/hardware_uart/uart.c.obj
                0x10001ba0                uart_set_format
 .text.uart_set_translate_crlf
                0x10001bcc       0x28 button/CMakeFiles/Button.dir/Users/hakan/VSCodeProjects/RP2040-ESP32C3-Development-Board/SW/pico-sdk/src/rp2_common/hardware_uart/uart.c.obj
                0x10001bcc                uart_set_translate_crlf
 .text.uart_init
                0x10001bf4       0x80 button/CMakeFiles/Button.dir/Users/hakan/VSCodeProjects/RP2040-ESP32C3-Development-Board/SW/pico-sdk/src/rp2_common/hardware_uart/uart.c.obj
                0x10001bf4                uart_init
 .text.clock_configure
                0x10001c74      0x108 button/CMakeFiles/Button.dir/Users/hakan/VSCodeProjects/RP2040-ESP32C3-Development-Board/SW/pico-sdk/src/rp2_common/hardware_clocks/clocks.c.obj
                0x10001c74                clock_configure
 .text.clocks_init
                0x10001d7c      0x100 button/CMakeFiles/Button.dir/Users/hakan/VSCodeProjects/RP2040-ESP32C3-Development-Board/SW/pico-sdk/src/rp2_common/hardware_clocks/clocks.c.obj
                0x10001d7c                clocks_init
 .text.clock_get_hz
                0x10001e7c        0xc button/CMakeFiles/Button.dir/Users/hakan/VSCodeProjects/RP2040-ESP32C3-Development-Board/SW/pico-sdk/src/rp2_common/hardware_clocks/clocks.c.obj
                0x10001e7c                clock_get_hz
 .text.pll_init
                0x10001e88      0x120 button/CMakeFiles/Button.dir/Users/hakan/VSCodeProjects/RP2040-ESP32C3-Development-Board/SW/pico-sdk/src/rp2_common/hardware_pll/pll.c.obj
                0x10001e88                pll_init
 .text.watchdog_start_tick
                0x10001fa8       0x10 button/CMakeFiles/Button.dir/Users/hakan/VSCodeProjects/RP2040-ESP32C3-Development-Board/SW/pico-sdk/src/rp2_common/hardware_watchdog/watchdog.c.obj
                0x10001fa8                watchdog_start_tick
 .text.xosc_init
                0x10001fb8       0x28 button/CMakeFiles/Button.dir/Users/hakan/VSCodeProjects/RP2040-ESP32C3-Development-Board/SW/pico-sdk/src/rp2_common/hardware_xosc/xosc.c.obj
                0x10001fb8                xosc_init
 .text._exit    0x10001fe0        0x4 button/CMakeFiles/Button.dir/Users/hakan/VSCodeProjects/RP2040-ESP32C3-Development-Board/SW/pico-sdk/src/rp2_common/pico_runtime/runtime.c.obj
                0x10001fe0                _exit
 .text.exit     0x10001fe4        0x6 button/CMakeFiles/Button.dir/Users/hakan/VSCodeProjects/RP2040-ESP32C3-Development-Board/SW/pico-sdk/src/rp2_common/pico_runtime/runtime.c.obj
                0x10001fe4                exit
 *fill*         0x10001fea        0x2 
 .text.__assert_func
                0x10001fec       0x38 button/CMakeFiles/Button.dir/Users/hakan/VSCodeProjects/RP2040-ESP32C3-Development-Board/SW/pico-sdk/src/rp2_common/pico_runtime/runtime.c.obj
                0x10001fec                __assert_func
 .text.runtime_init
                0x10002024       0xf8 button/CMakeFiles/Button.dir/Users/hakan/VSCodeProjects/RP2040-ESP32C3-Development-Board/SW/pico-sdk/src/rp2_common/pico_runtime/runtime.c.obj
                0x10002024                runtime_init
 .text.panic    0x1000211c       0x30 button/CMakeFiles/Button.dir/Users/hakan/VSCodeProjects/RP2040-ESP32C3-Development-Board/SW/pico-sdk/src/rp2_common/pico_runtime/runtime.c.obj
                0x1000211c                panic
 .text._out_null
                0x1000214c        0x2 button/CMakeFiles/Button.dir/Users/hakan/VSCodeProjects/RP2040-ESP32C3-Development-Board/SW/pico-sdk/src/rp2_common/pico_printf/printf.c.obj
 .text._out_fct
                0x1000214e        0xe button/CMakeFiles/Button.dir/Users/hakan/VSCodeProjects/RP2040-ESP32C3-Development-Board/SW/pico-sdk/src/rp2_common/pico_printf/printf.c.obj
 .text._atoi    0x1000215c       0x24 button/CMakeFiles/Button.dir/Users/hakan/VSCodeProjects/RP2040-ESP32C3-Development-Board/SW/pico-sdk/src/rp2_common/pico_printf/printf.c.obj
 .text._out_rev
                0x10002180       0xae button/CMakeFiles/Button.dir/Users/hakan/VSCodeProjects/RP2040-ESP32C3-Development-Board/SW/pico-sdk/src/rp2_common/pico_printf/printf.c.obj
 .text._ntoa_format
                0x1000222e      0x110 button/CMakeFiles/Button.dir/Users/hakan/VSCodeProjects/RP2040-ESP32C3-Development-Board/SW/pico-sdk/src/rp2_common/pico_printf/printf.c.obj
 .text._ntoa_long
                0x1000233e       0xbc button/CMakeFiles/Button.dir/Users/hakan/VSCodeProjects/RP2040-ESP32C3-Development-Board/SW/pico-sdk/src/rp2_common/pico_printf/printf.c.obj
 .text._ntoa_long_long
                0x100023fa      0x10e button/CMakeFiles/Button.dir/Users/hakan/VSCodeProjects/RP2040-ESP32C3-Development-Board/SW/pico-sdk/src/rp2_common/pico_printf/printf.c.obj
 .text._etoa    0x10002508      0x420 button/CMakeFiles/Button.dir/Users/hakan/VSCodeProjects/RP2040-ESP32C3-Development-Board/SW/pico-sdk/src/rp2_common/pico_printf/printf.c.obj
 .text._ftoa    0x10002928      0x354 button/CMakeFiles/Button.dir/Users/hakan/VSCodeProjects/RP2040-ESP32C3-Development-Board/SW/pico-sdk/src/rp2_common/pico_printf/printf.c.obj
 .text._vsnprintf
                0x10002c7c      0x65c button/CMakeFiles/Button.dir/Users/hakan/VSCodeProjects/RP2040-ESP32C3-Development-Board/SW/pico-sdk/src/rp2_common/pico_printf/printf.c.obj
 .text.vfctprintf
                0x100032d8       0x20 button/CMakeFiles/Button.dir/Users/hakan/VSCodeProjects/RP2040-ESP32C3-Development-Board/SW/pico-sdk/src/rp2_common/pico_printf/printf.c.obj
                0x100032d8                vfctprintf
 .text          0x100032f8       0x10 button/CMakeFiles/Button.dir/Users/hakan/VSCodeProjects/RP2040-ESP32C3-Development-Board/SW/pico-sdk/src/rp2_common/pico_bit_ops/bit_ops_aeabi.S.obj
 .text.rom_func_lookup
                0x10003308       0x10 button/CMakeFiles/Button.dir/Users/hakan/VSCodeProjects/RP2040-ESP32C3-Development-Board/SW/pico-sdk/src/rp2_common/pico_bootrom/bootrom.c.obj
                0x10003308                rom_func_lookup
 .text.rom_data_lookup
                0x10003318       0x10 button/CMakeFiles/Button.dir/Users/hakan/VSCodeProjects/RP2040-ESP32C3-Development-Board/SW/pico-sdk/src/rp2_common/pico_bootrom/bootrom.c.obj
                0x10003318                rom_data_lookup
 .text.rom_funcs_lookup
                0x10003328       0x36 button/CMakeFiles/Button.dir/Users/hakan/VSCodeProjects/RP2040-ESP32C3-Development-Board/SW/pico-sdk/src/rp2_common/pico_bootrom/bootrom.c.obj
                0x10003328                rom_funcs_lookup
 *fill*         0x1000335e        0x2 
 .text.__wrap___aeabi_idiv
                0x10003360       0x50 button/CMakeFiles/Button.dir/Users/hakan/VSCodeProjects/RP2040-ESP32C3-Development-Board/SW/pico-sdk/src/rp2_common/pico_divider/divider.S.obj
                0x10003360                __wrap___aeabi_idivmod
                0x10003360                divmod_s32s32
                0x10003360                div_s32s32
                0x10003360                __wrap___aeabi_idiv
                0x10003368                divmod_s32s32_unsafe
                0x10003394                divmod_s32s32_savestate
 .text.__wrap___aeabi_uidiv
                0x100033b0       0x4c button/CMakeFiles/Button.dir/Users/hakan/VSCodeProjects/RP2040-ESP32C3-Development-Board/SW/pico-sdk/src/rp2_common/pico_divider/divider.S.obj
                0x100033b0                __wrap___aeabi_uidiv
                0x100033b0                __wrap___aeabi_uidivmod
                0x100033b0                div_u32u32
                0x100033b0                divmod_u32u32
                0x100033b8                divmod_u32u32_unsafe
                0x100033e0                divmod_u32u32_savestate
 .text.__wrap___aeabi_ldiv
                0x100033fc      0x424 button/CMakeFiles/Button.dir/Users/hakan/VSCodeProjects/RP2040-ESP32C3-Development-Board/SW/pico-sdk/src/rp2_common/pico_divider/divider.S.obj
                0x100033fc                __wrap___aeabi_ldivmod
                0x100033fc                div_s64s64
                0x100033fc                divmod_s64s64
                0x1000342c                divmod_u64u64
                0x1000342c                div_u64u64
                0x1000342c                __wrap___aeabi_uldivmod
                0x1000343c                divmod_u64u64_savestate
                0x1000345c                divmod_s64s64_unsafe
                0x100034e4                divmod_u64u64_unsafe
 .text.__wrap___aeabi_darithmetic
                0x10003820       0x80 button/CMakeFiles/Button.dir/Users/hakan/VSCodeProjects/RP2040-ESP32C3-Development-Board/SW/pico-sdk/src/rp2_common/pico_double/double_aeabi.S.obj
                0x10003820                __wrap___aeabi_drsub
                0x10003826                __wrap___aeabi_dsub
                0x10003838                __wrap___aeabi_dadd
                0x1000384a                __wrap___aeabi_ddiv
                0x10003886                __wrap___aeabi_dmul
 .text.__wrap___aeabi_cdcmple
                0x100038a0       0x6c button/CMakeFiles/Button.dir/Users/hakan/VSCodeProjects/RP2040-ESP32C3-Development-Board/SW/pico-sdk/src/rp2_common/pico_double/double_aeabi.S.obj
                0x100038a0                __wrap___aeabi_cdrcmple
                0x100038b0                __wrap___aeabi_cdcmple
                0x100038b0                __wrap___aeabi_cdcmpeq
 .text.__wrap___aeabi_dcmplt
                0x1000390c        0xc button/CMakeFiles/Button.dir/Users/hakan/VSCodeProjects/RP2040-ESP32C3-Development-Board/SW/pico-sdk/src/rp2_common/pico_double/double_aeabi.S.obj
                0x1000390c                __wrap___aeabi_dcmplt
 .text.__wrap___aeabi_dcmple
                0x10003918       0x10 button/CMakeFiles/Button.dir/Users/hakan/VSCodeProjects/RP2040-ESP32C3-Development-Board/SW/pico-sdk/src/rp2_common/pico_double/double_aeabi.S.obj
                0x10003918                __wrap___aeabi_dcmple
 .text.__wrap___aeabi_dcmpge
                0x10003928       0x10 button/CMakeFiles/Button.dir/Users/hakan/VSCodeProjects/RP2040-ESP32C3-Development-Board/SW/pico-sdk/src/rp2_common/pico_double/double_aeabi.S.obj
                0x10003928                __wrap___aeabi_dcmpge
 .text.__wrap___aeabi_dcmpgt
                0x10003938        0xa button/CMakeFiles/Button.dir/Users/hakan/VSCodeProjects/RP2040-ESP32C3-Development-Board/SW/pico-sdk/src/rp2_common/pico_double/double_aeabi.S.obj
                0x10003938                __wrap___aeabi_dcmpgt
 .text.__wrap___aeabi_dcmpun
                0x10003942       0x1c button/CMakeFiles/Button.dir/Users/hakan/VSCodeProjects/RP2040-ESP32C3-Development-Board/SW/pico-sdk/src/rp2_common/pico_double/double_aeabi.S.obj
                0x10003942                __wrap___aeabi_dcmpun
 *fill*         0x1000395e        0x2 
 .text.__wrap___aeabi_i2d
                0x10003960       0x38 button/CMakeFiles/Button.dir/Users/hakan/VSCodeProjects/RP2040-ESP32C3-Development-Board/SW/pico-sdk/src/rp2_common/pico_double/double_aeabi.S.obj
                0x10003960                __wrap___aeabi_ui2d
                0x10003968                __wrap___aeabi_i2d
 .text.__wrap___aeabi_d2iz
                0x10003998       0x48 button/CMakeFiles/Button.dir/Users/hakan/VSCodeProjects/RP2040-ESP32C3-Development-Board/SW/pico-sdk/src/rp2_common/pico_double/double_aeabi.S.obj
                0x10003998                __wrap___aeabi_d2iz
                0x10003998                double2int_z
 .text.__wrap___aeabi_d2uiz
                0x100039e0       0x18 button/CMakeFiles/Button.dir/Users/hakan/VSCodeProjects/RP2040-ESP32C3-Development-Board/SW/pico-sdk/src/rp2_common/pico_double/double_aeabi.S.obj
                0x100039e0                double2uint
                0x100039e0                __wrap___aeabi_d2uiz
 .text.__aeabi_double_init
                0x100039f8       0xcc button/CMakeFiles/Button.dir/Users/hakan/VSCodeProjects/RP2040-ESP32C3-Development-Board/SW/pico-sdk/src/rp2_common/pico_double/double_init_rom.c.obj
                0x100039f8                __aeabi_double_init
 .text.double_table_shim_on_use_helper
                0x10003ac4       0x34 button/CMakeFiles/Button.dir/Users/hakan/VSCodeProjects/RP2040-ESP32C3-Development-Board/SW/pico-sdk/src/rp2_common/pico_double/double_v1_rom_shim.S.obj
                0x10003ac4                double_table_shim_on_use_helper
 .text.__wrap___aeabi_dsub
                0x10003af8       0x10 button/CMakeFiles/Button.dir/Users/hakan/VSCodeProjects/RP2040-ESP32C3-Development-Board/SW/pico-sdk/src/rp2_common/pico_double/double_v1_rom_shim.S.obj
                0x10003af8                drsub_shim
                0x10003afe                dsub_shim
 .text.dadd_shim
                0x10003b08      0x15c button/CMakeFiles/Button.dir/Users/hakan/VSCodeProjects/RP2040-ESP32C3-Development-Board/SW/pico-sdk/src/rp2_common/pico_double/double_v1_rom_shim.S.obj
                0x10003b08                dadd_shim
 .text.dmul_shim
                0x10003c64      0x15c button/CMakeFiles/Button.dir/Users/hakan/VSCodeProjects/RP2040-ESP32C3-Development-Board/SW/pico-sdk/src/rp2_common/pico_double/double_v1_rom_shim.S.obj
                0x10003c64                dmul_shim
 .text.ddiv_shim
                0x10003dc0      0x1b0 button/CMakeFiles/Button.dir/Users/hakan/VSCodeProjects/RP2040-ESP32C3-Development-Board/SW/pico-sdk/src/rp2_common/pico_double/double_v1_rom_shim.S.obj
                0x10003dc0                ddiv_shim
 .text.double2uint_shim
                0x10003f70        0xe button/CMakeFiles/Button.dir/Users/hakan/VSCodeProjects/RP2040-ESP32C3-Development-Board/SW/pico-sdk/src/rp2_common/pico_double/double_v1_rom_shim.S.obj
                0x10003f70                double2uint_shim
                0x10003f72                double2ufix_shim
 *fill*         0x10003f7e        0x2 
 .text.double2uint64_shim
                0x10003f80       0x70 button/CMakeFiles/Button.dir/Users/hakan/VSCodeProjects/RP2040-ESP32C3-Development-Board/SW/pico-sdk/src/rp2_common/pico_double/double_v1_rom_shim.S.obj
                0x10003f80                double2uint64_shim
                0x10003f82                double2ufix64_shim
                0x10003fa2                d2fix_a
 .text.dunpacks
                0x10003ff0       0x3c button/CMakeFiles/Button.dir/Users/hakan/VSCodeProjects/RP2040-ESP32C3-Development-Board/SW/pico-sdk/src/rp2_common/pico_double/double_v1_rom_shim.S.obj
                0x10003ff0                dunpacks
 .text.__aeabi_lmul
                0x1000402c       0x32 button/CMakeFiles/Button.dir/Users/hakan/VSCodeProjects/RP2040-ESP32C3-Development-Board/SW/pico-sdk/src/rp2_common/pico_int64_ops/pico_int64_ops_aeabi.S.obj
                0x1000402c                __wrap___aeabi_lmul
 *fill*         0x1000405e        0x2 
 .text.__aeabi_float_init
                0x10004060       0xfc button/CMakeFiles/Button.dir/Users/hakan/VSCodeProjects/RP2040-ESP32C3-Development-Board/SW/pico-sdk/src/rp2_common/pico_float/float_init_rom.c.obj
                0x10004060                __aeabi_float_init
 .text.float_table_shim_on_use_helper
                0x1000415c       0x34 button/CMakeFiles/Button.dir/Users/hakan/VSCodeProjects/RP2040-ESP32C3-Development-Board/SW/pico-sdk/src/rp2_common/pico_float/float_v1_rom_shim.S.obj
                0x1000415c                float_table_shim_on_use_helper
 .text          0x10004190       0x10 button/CMakeFiles/Button.dir/Users/hakan/VSCodeProjects/RP2040-ESP32C3-Development-Board/SW/pico-sdk/src/rp2_common/pico_mem_ops/mem_ops_aeabi.S.obj
                0x10004190                __aeabi_mem_init
 .text.memcpy   0x100041a0        0xc button/CMakeFiles/Button.dir/Users/hakan/VSCodeProjects/RP2040-ESP32C3-Development-Board/SW/pico-sdk/src/rp2_common/pico_mem_ops/mem_ops_aeabi.S.obj
                0x100041a0                __wrap___aeabi_memcpy
                0x100041a0                __wrap_memcpy
 .text.stdio_out_chars_no_crlf
                0x100041ac        0xe button/CMakeFiles/Button.dir/Users/hakan/VSCodeProjects/RP2040-ESP32C3-Development-Board/SW/pico-sdk/src/rp2_common/pico_stdio/stdio.c.obj
 *fill*         0x100041ba        0x2 
 .text.stdio_out_chars_crlf
                0x100041bc       0x80 button/CMakeFiles/Button.dir/Users/hakan/VSCodeProjects/RP2040-ESP32C3-Development-Board/SW/pico-sdk/src/rp2_common/pico_stdio/stdio.c.obj
 .text.stdio_stack_buffer_flush
                0x1000423c       0x44 button/CMakeFiles/Button.dir/Users/hakan/VSCodeProjects/RP2040-ESP32C3-Development-Board/SW/pico-sdk/src/rp2_common/pico_stdio/stdio.c.obj
 .text.stdio_buffered_printer
                0x10004280       0x20 button/CMakeFiles/Button.dir/Users/hakan/VSCodeProjects/RP2040-ESP32C3-Development-Board/SW/pico-sdk/src/rp2_common/pico_stdio/stdio.c.obj
 .text.update_us_since_boot
                0x100042a0       0x24 button/CMakeFiles/Button.dir/Users/hakan/VSCodeProjects/RP2040-ESP32C3-Development-Board/SW/pico-sdk/src/rp2_common/pico_stdio/stdio.c.obj
 .text.get_absolute_time
                0x100042c4       0x22 button/CMakeFiles/Button.dir/Users/hakan/VSCodeProjects/RP2040-ESP32C3-Development-Board/SW/pico-sdk/src/rp2_common/pico_stdio/stdio.c.obj
 *fill*         0x100042e6        0x2 
 .text.delayed_by_ms
                0x100042e8       0x44 button/CMakeFiles/Button.dir/Users/hakan/VSCodeProjects/RP2040-ESP32C3-Development-Board/SW/pico-sdk/src/rp2_common/pico_stdio/stdio.c.obj
 .text.make_timeout_time_ms
                0x1000432c       0x20 button/CMakeFiles/Button.dir/Users/hakan/VSCodeProjects/RP2040-ESP32C3-Development-Board/SW/pico-sdk/src/rp2_common/pico_stdio/stdio.c.obj
 .text.stdout_serialize_begin
                0x1000434c       0x20 button/CMakeFiles/Button.dir/Users/hakan/VSCodeProjects/RP2040-ESP32C3-Development-Board/SW/pico-sdk/src/rp2_common/pico_stdio/stdio.c.obj
                0x1000434c                stdout_serialize_begin
 .text.stdout_serialize_end
                0x1000436c       0x10 button/CMakeFiles/Button.dir/Users/hakan/VSCodeProjects/RP2040-ESP32C3-Development-Board/SW/pico-sdk/src/rp2_common/pico_stdio/stdio.c.obj
                0x1000436c                stdout_serialize_end
 .text.stdio_put_string
                0x1000437c       0x98 button/CMakeFiles/Button.dir/Users/hakan/VSCodeProjects/RP2040-ESP32C3-Development-Board/SW/pico-sdk/src/rp2_common/pico_stdio/stdio.c.obj
 .text.stdio_set_driver_enabled
                0x10004414       0x2c button/CMakeFiles/Button.dir/Users/hakan/VSCodeProjects/RP2040-ESP32C3-Development-Board/SW/pico-sdk/src/rp2_common/pico_stdio/stdio.c.obj
                0x10004414                stdio_set_driver_enabled
 .text.stdio_flush
                0x10004440       0x20 button/CMakeFiles/Button.dir/Users/hakan/VSCodeProjects/RP2040-ESP32C3-Development-Board/SW/pico-sdk/src/rp2_common/pico_stdio/stdio.c.obj
                0x10004440                stdio_flush
 .text.__wrap_puts
                0x10004460       0x1e button/CMakeFiles/Button.dir/Users/hakan/VSCodeProjects/RP2040-ESP32C3-Development-Board/SW/pico-sdk/src/rp2_common/pico_stdio/stdio.c.obj
                0x10004460                __wrap_puts
 *fill*         0x1000447e        0x2 
 .text.__wrap_vprintf
                0x10004480       0x40 button/CMakeFiles/Button.dir/Users/hakan/VSCodeProjects/RP2040-ESP32C3-Development-Board/SW/pico-sdk/src/rp2_common/pico_stdio/stdio.c.obj
                0x10004480                __wrap_vprintf
 .text.__wrap_printf
                0x100044c0       0x18 button/CMakeFiles/Button.dir/Users/hakan/VSCodeProjects/RP2040-ESP32C3-Development-Board/SW/pico-sdk/src/rp2_common/pico_stdio/stdio.c.obj
                0x100044c0                __wrap_printf
 .text.stdio_init_all
                0x100044d8        0xa button/CMakeFiles/Button.dir/Users/hakan/VSCodeProjects/RP2040-ESP32C3-Development-Board/SW/pico-sdk/src/rp2_common/pico_stdio/stdio.c.obj
                0x100044d8                stdio_init_all
 *fill*         0x100044e2        0x2 
 .text.uart_putc
                0x100044e4       0x60 button/CMakeFiles/Button.dir/Users/hakan/VSCodeProjects/RP2040-ESP32C3-Development-Board/SW/pico-sdk/src/rp2_common/pico_stdio_uart/stdio_uart.c.obj
 .text.uart_getc
                0x10004544       0x24 button/CMakeFiles/Button.dir/Users/hakan/VSCodeProjects/RP2040-ESP32C3-Development-Board/SW/pico-sdk/src/rp2_common/pico_stdio_uart/stdio_uart.c.obj
 .text.stdio_uart_out_chars
                0x10004568       0x20 button/CMakeFiles/Button.dir/Users/hakan/VSCodeProjects/RP2040-ESP32C3-Development-Board/SW/pico-sdk/src/rp2_common/pico_stdio_uart/stdio_uart.c.obj
 .text.stdio_uart_in_chars
                0x10004588       0x5c button/CMakeFiles/Button.dir/Users/hakan/VSCodeProjects/RP2040-ESP32C3-Development-Board/SW/pico-sdk/src/rp2_common/pico_stdio_uart/stdio_uart.c.obj
                0x10004588                stdio_uart_in_chars
 .text.on_uart_rx
                0x100045e4       0x28 button/CMakeFiles/Button.dir/Users/hakan/VSCodeProjects/RP2040-ESP32C3-Development-Board/SW/pico-sdk/src/rp2_common/pico_stdio_uart/stdio_uart.c.obj
 .text.stdio_uart_set_chars_available_callback
                0x1000460c       0x8c button/CMakeFiles/Button.dir/Users/hakan/VSCodeProjects/RP2040-ESP32C3-Development-Board/SW/pico-sdk/src/rp2_common/pico_stdio_uart/stdio_uart.c.obj
 .text.stdio_uart_init_full
                0x10004698       0x44 button/CMakeFiles/Button.dir/Users/hakan/VSCodeProjects/RP2040-ESP32C3-Development-Board/SW/pico-sdk/src/rp2_common/pico_stdio_uart/stdio_uart.c.obj
                0x10004698                stdio_uart_init_full
 .text.stdio_uart_init
                0x100046dc       0x28 button/CMakeFiles/Button.dir/Users/hakan/VSCodeProjects/RP2040-ESP32C3-Development-Board/SW/pico-sdk/src/rp2_common/pico_stdio_uart/stdio_uart.c.obj
                0x100046dc                stdio_uart_init
 .text.strlen   0x10004704       0x5c /Applications/ArmGNUToolchain/12.3.rel1/arm-none-eabi/bin/../lib/gcc/arm-none-eabi/12.3.1/../../../../arm-none-eabi/lib/thumb/v6-m/nofp/libg.a(libc_a-strlen-stub.o)
                0x10004704                strlen
 *(.fini)
 .fini          0x10004760        0x4 /Applications/ArmGNUToolchain/12.3.rel1/arm-none-eabi/bin/../lib/gcc/arm-none-eabi/12.3.1/thumb/v6-m/nofp/crti.o
                0x10004760                _fini
 *fill*         0x10004764        0x4 
 .fini.__stub   0x10004768       0x40 linker stubs
 *crtbegin.o(.ctors)
 *crtbegin?.o(.ctors)
 *(EXCLUDE_FILE(*crtend.o *crtend?.o) .ctors)
 *(SORT_BY_NAME(.ctors.*))
 *(.ctors)
 *crtbegin.o(.dtors)
 *crtbegin?.o(.dtors)
 *(EXCLUDE_FILE(*crtend.o *crtend?.o) .dtors)
 *(SORT_BY_NAME(.dtors.*))
 *(.dtors)
 *(.eh_frame*)
 .eh_frame      0x100047a8        0x0 /Applications/ArmGNUToolchain/12.3.rel1/arm-none-eabi/bin/../lib/gcc/arm-none-eabi/12.3.1/thumb/v6-m/nofp/crtbegin.o
                0x100047a8                        . = ALIGN (0x4)

.glue_7         0x100047a8        0x0
 .glue_7        0x100047a8        0x0 linker stubs

.glue_7t        0x100047a8        0x0
 .glue_7t       0x100047a8        0x0 linker stubs

.vfp11_veneer   0x100047a8        0x0
 .vfp11_veneer  0x100047a8        0x0 linker stubs

.v4_bx          0x100047a8        0x0
 .v4_bx         0x100047a8        0x0 linker stubs

.iplt           0x100047a8        0x0
 .iplt          0x100047a8        0x0 /Applications/ArmGNUToolchain/12.3.rel1/arm-none-eabi/bin/../lib/gcc/arm-none-eabi/12.3.1/thumb/v6-m/nofp/crtbegin.o

.rodata         0x100047a8     0x10d8
 *(EXCLUDE_FILE(*libm.a: *libc.a:*lib_a-mem*.o *libgcc.a:) .rodata*)
 .rodata.resolve_branch.str1.4
                0x100047a8       0x83 button/CMakeFiles/Button.dir/Users/hakan/VSCodeProjects/RP2040-ESP32C3-Development-Board/SW/pico-sdk/src/rp2_common/hardware_irq/irq.c.obj
 *fill*         0x1000482b        0x1 
 .rodata.make_branch.str1.4
                0x1000482c       0x30 button/CMakeFiles/Button.dir/Users/hakan/VSCodeProjects/RP2040-ESP32C3-Development-Board/SW/pico-sdk/src/rp2_common/hardware_irq/irq.c.obj
 .rodata.insert_branch_and_link.str1.4
                0x1000485c       0x10 button/CMakeFiles/Button.dir/Users/hakan/VSCodeProjects/RP2040-ESP32C3-Development-Board/SW/pico-sdk/src/rp2_common/hardware_irq/irq.c.obj
 .rodata.irq_set_exclusive_handler.str1.4
                0x1000486c       0x36 button/CMakeFiles/Button.dir/Users/hakan/VSCodeProjects/RP2040-ESP32C3-Development-Board/SW/pico-sdk/src/rp2_common/hardware_irq/irq.c.obj
 *fill*         0x100048a2        0x2 
 .rodata.irq_add_shared_handler.str1.4
                0x100048a4       0xc2 button/CMakeFiles/Button.dir/Users/hakan/VSCodeProjects/RP2040-ESP32C3-Development-Board/SW/pico-sdk/src/rp2_common/hardware_irq/irq.c.obj
 *fill*         0x10004966        0x2 
 .rodata.irq_remove_handler.str1.4
                0x10004968       0x3a button/CMakeFiles/Button.dir/Users/hakan/VSCodeProjects/RP2040-ESP32C3-Development-Board/SW/pico-sdk/src/rp2_common/hardware_irq/irq.c.obj
 *fill*         0x100049a2        0x2 
 .rodata.irq_add_tail_to_free_list.str1.4
                0x100049a4       0x3a button/CMakeFiles/Button.dir/Users/hakan/VSCodeProjects/RP2040-ESP32C3-Development-Board/SW/pico-sdk/src/rp2_common/hardware_irq/irq.c.obj
 *fill*         0x100049de        0x2 
 .rodata.__func__.0
                0x100049e0       0x1a button/CMakeFiles/Button.dir/Users/hakan/VSCodeProjects/RP2040-ESP32C3-Development-Board/SW/pico-sdk/src/rp2_common/hardware_irq/irq.c.obj
 *fill*         0x100049fa        0x2 
 .rodata.__func__.1
                0x100049fc       0x17 button/CMakeFiles/Button.dir/Users/hakan/VSCodeProjects/RP2040-ESP32C3-Development-Board/SW/pico-sdk/src/rp2_common/hardware_irq/irq.c.obj
 *fill*         0x10004a13        0x1 
 .rodata.__func__.2
                0x10004a14       0x13 button/CMakeFiles/Button.dir/Users/hakan/VSCodeProjects/RP2040-ESP32C3-Development-Board/SW/pico-sdk/src/rp2_common/hardware_irq/irq.c.obj
 *fill*         0x10004a27        0x1 
 .rodata.__func__.3
                0x10004a28        0xc button/CMakeFiles/Button.dir/Users/hakan/VSCodeProjects/RP2040-ESP32C3-Development-Board/SW/pico-sdk/src/rp2_common/hardware_irq/irq.c.obj
 .rodata.__func__.4
                0x10004a34        0xf button/CMakeFiles/Button.dir/Users/hakan/VSCodeProjects/RP2040-ESP32C3-Development-Board/SW/pico-sdk/src/rp2_common/hardware_irq/irq.c.obj
 *fill*         0x10004a43        0x1 
 .rodata.__func__.5
                0x10004a44       0x17 button/CMakeFiles/Button.dir/Users/hakan/VSCodeProjects/RP2040-ESP32C3-Development-Board/SW/pico-sdk/src/rp2_common/hardware_irq/irq.c.obj
 *fill*         0x10004a5b        0x1 
 .rodata.__func__.6
                0x10004a5c       0x1a button/CMakeFiles/Button.dir/Users/hakan/VSCodeProjects/RP2040-ESP32C3-Development-Board/SW/pico-sdk/src/rp2_common/hardware_irq/irq.c.obj
 *fill*         0x10004a76        0x2 
 .rodata.str1.4
                0x10004a78       0xb9 button/CMakeFiles/Button.dir/Users/hakan/VSCodeProjects/RP2040-ESP32C3-Development-Board/SW/pico-sdk/src/common/pico_sync/mutex.c.obj
 *fill*         0x10004b31        0x3 
 .rodata.__func__.1
                0x10004b34        0xb button/CMakeFiles/Button.dir/Users/hakan/VSCodeProjects/RP2040-ESP32C3-Development-Board/SW/pico-sdk/src/common/pico_sync/mutex.c.obj
 *fill*         0x10004b3f        0x1 
 .rodata.__func__.3
                0x10004b40       0x18 button/CMakeFiles/Button.dir/Users/hakan/VSCodeProjects/RP2040-ESP32C3-Development-Board/SW/pico-sdk/src/common/pico_sync/mutex.c.obj
 .rodata.get_entry.str1.4
                0x10004b58       0x89 button/CMakeFiles/Button.dir/Users/hakan/VSCodeProjects/RP2040-ESP32C3-Development-Board/SW/pico-sdk/src/common/pico_time/time.c.obj
 *fill*         0x10004be1        0x3 
 .rodata.update_us_since_boot.str1.4
                0x10004be4       0x8f button/CMakeFiles/Button.dir/Users/hakan/VSCodeProjects/RP2040-ESP32C3-Development-Board/SW/pico-sdk/src/common/pico_time/time.c.obj
 *fill*         0x10004c73        0x1 
 .rodata.ph_get_node.str1.4
                0x10004c74       0x94 button/CMakeFiles/Button.dir/Users/hakan/VSCodeProjects/RP2040-ESP32C3-Development-Board/SW/pico-sdk/src/common/pico_time/time.c.obj
 .rodata.ph_add_child_node.str1.4
                0x10004d08       0x2e button/CMakeFiles/Button.dir/Users/hakan/VSCodeProjects/RP2040-ESP32C3-Development-Board/SW/pico-sdk/src/common/pico_time/time.c.obj
 *fill*         0x10004d36        0x2 
 .rodata.ph_insert_node.str1.4
                0x10004d38        0x3 button/CMakeFiles/Button.dir/Users/hakan/VSCodeProjects/RP2040-ESP32C3-Development-Board/SW/pico-sdk/src/common/pico_time/time.c.obj
 *fill*         0x10004d3b        0x1 
 .rodata.ph_free_node.str1.4
                0x10004d3c       0x38 button/CMakeFiles/Button.dir/Users/hakan/VSCodeProjects/RP2040-ESP32C3-Development-Board/SW/pico-sdk/src/common/pico_time/time.c.obj
 .rodata.add_alarm_under_lock.str1.4
                0x10004d74       0x28 button/CMakeFiles/Button.dir/Users/hakan/VSCodeProjects/RP2040-ESP32C3-Development-Board/SW/pico-sdk/src/common/pico_time/time.c.obj
 .rodata.alarm_pool_alarm_callback.str1.4
                0x10004d9c       0x60 button/CMakeFiles/Button.dir/Users/hakan/VSCodeProjects/RP2040-ESP32C3-Development-Board/SW/pico-sdk/src/common/pico_time/time.c.obj
 .rodata.alarm_pool_get_default.str1.4
                0x10004dfc       0x21 button/CMakeFiles/Button.dir/Users/hakan/VSCodeProjects/RP2040-ESP32C3-Development-Board/SW/pico-sdk/src/common/pico_time/time.c.obj
 *fill*         0x10004e1d        0x3 
 .rodata.alarm_pool_cancel_alarm.str1.4
                0x10004e20       0x27 button/CMakeFiles/Button.dir/Users/hakan/VSCodeProjects/RP2040-ESP32C3-Development-Board/SW/pico-sdk/src/common/pico_time/time.c.obj
 *fill*         0x10004e47        0x1 
 .rodata.__func__.1
                0x10004e48       0x18 button/CMakeFiles/Button.dir/Users/hakan/VSCodeProjects/RP2040-ESP32C3-Development-Board/SW/pico-sdk/src/common/pico_time/time.c.obj
 .rodata.__func__.3
                0x10004e60       0x17 button/CMakeFiles/Button.dir/Users/hakan/VSCodeProjects/RP2040-ESP32C3-Development-Board/SW/pico-sdk/src/common/pico_time/time.c.obj
 *fill*         0x10004e77        0x1 
 .rodata.__func__.4
                0x10004e78       0x12 button/CMakeFiles/Button.dir/Users/hakan/VSCodeProjects/RP2040-ESP32C3-Development-Board/SW/pico-sdk/src/common/pico_time/time.c.obj
 *fill*         0x10004e8a        0x2 
 .rodata.__func__.5
                0x10004e8c        0xd button/CMakeFiles/Button.dir/Users/hakan/VSCodeProjects/RP2040-ESP32C3-Development-Board/SW/pico-sdk/src/common/pico_time/time.c.obj
 *fill*         0x10004e99        0x3 
 .rodata.__func__.6
                0x10004e9c       0x12 button/CMakeFiles/Button.dir/Users/hakan/VSCodeProjects/RP2040-ESP32C3-Development-Board/SW/pico-sdk/src/common/pico_time/time.c.obj
 *fill*         0x10004eae        0x2 
 .rodata.__func__.7
                0x10004eb0        0xf button/CMakeFiles/Button.dir/Users/hakan/VSCodeProjects/RP2040-ESP32C3-Development-Board/SW/pico-sdk/src/common/pico_time/time.c.obj
 *fill*         0x10004ebf        0x1 
 .rodata.__func__.8
                0x10004ec0        0xc button/CMakeFiles/Button.dir/Users/hakan/VSCodeProjects/RP2040-ESP32C3-Development-Board/SW/pico-sdk/src/common/pico_time/time.c.obj
 .rodata.__func__.9
                0x10004ecc       0x15 button/CMakeFiles/Button.dir/Users/hakan/VSCodeProjects/RP2040-ESP32C3-Development-Board/SW/pico-sdk/src/common/pico_time/time.c.obj
 *fill*         0x10004ee1        0x3 
 .rodata.__func__.10
                0x10004ee4       0x15 button/CMakeFiles/Button.dir/Users/hakan/VSCodeProjects/RP2040-ESP32C3-Development-Board/SW/pico-sdk/src/common/pico_time/time.c.obj
 *fill*         0x10004ef9        0x3 
 .rodata.__func__.11
                0x10004efc       0x1a button/CMakeFiles/Button.dir/Users/hakan/VSCodeProjects/RP2040-ESP32C3-Development-Board/SW/pico-sdk/src/common/pico_time/time.c.obj
 *fill*         0x10004f16        0x2 
 .rodata.__func__.12
                0x10004f18        0xa button/CMakeFiles/Button.dir/Users/hakan/VSCodeProjects/RP2040-ESP32C3-Development-Board/SW/pico-sdk/src/common/pico_time/time.c.obj
 .rodata.update_us_since_boot.str1.4
                0x10004f22       0x8f button/CMakeFiles/Button.dir/Users/hakan/VSCodeProjects/RP2040-ESP32C3-Development-Board/SW/pico-sdk/src/rp2_common/hardware_timer/timer.c.obj
 *fill*         0x10004f22        0x2 
 .rodata.hardware_alarm_claim.str1.4
                0x10004f24       0x22 button/CMakeFiles/Button.dir/Users/hakan/VSCodeProjects/RP2040-ESP32C3-Development-Board/SW/pico-sdk/src/rp2_common/hardware_timer/timer.c.obj
 *fill*         0x10004f46        0x2 
 .rodata.hardware_alarm_set_target.str1.4
                0x10004f48       0x93 button/CMakeFiles/Button.dir/Users/hakan/VSCodeProjects/RP2040-ESP32C3-Development-Board/SW/pico-sdk/src/rp2_common/hardware_timer/timer.c.obj
 *fill*         0x10004fdb        0x1 
 .rodata.__func__.0
                0x10004fdc       0x1a button/CMakeFiles/Button.dir/Users/hakan/VSCodeProjects/RP2040-ESP32C3-Development-Board/SW/pico-sdk/src/rp2_common/hardware_timer/timer.c.obj
 *fill*         0x10004ff6        0x2 
 .rodata.__func__.1
                0x10004ff8       0x15 button/CMakeFiles/Button.dir/Users/hakan/VSCodeProjects/RP2040-ESP32C3-Development-Board/SW/pico-sdk/src/rp2_common/hardware_timer/timer.c.obj
 .rodata.ph_get_node.str1.4
                0x1000500d       0x94 button/CMakeFiles/Button.dir/Users/hakan/VSCodeProjects/RP2040-ESP32C3-Development-Board/SW/pico-sdk/src/common/pico_util/pheap.c.obj
 .rodata.ph_add_child_node.str1.4
                0x1000500d       0x2e button/CMakeFiles/Button.dir/Users/hakan/VSCodeProjects/RP2040-ESP32C3-Development-Board/SW/pico-sdk/src/common/pico_util/pheap.c.obj
 *fill*         0x1000500d        0x3 
 .rodata.ph_remove_any_head.str1.4
                0x10005010       0xbc button/CMakeFiles/Button.dir/Users/hakan/VSCodeProjects/RP2040-ESP32C3-Development-Board/SW/pico-sdk/src/common/pico_util/pheap.c.obj
                                 0xd0 (size before relaxing)
 .rodata.ph_remove_and_free_node.str1.4
                0x100050cc       0x1e button/CMakeFiles/Button.dir/Users/hakan/VSCodeProjects/RP2040-ESP32C3-Development-Board/SW/pico-sdk/src/common/pico_util/pheap.c.obj
                                 0x26 (size before relaxing)
 *fill*         0x100050ea        0x2 
 .rodata.__func__.0
                0x100050ec       0x18 button/CMakeFiles/Button.dir/Users/hakan/VSCodeProjects/RP2040-ESP32C3-Development-Board/SW/pico-sdk/src/common/pico_util/pheap.c.obj
 .rodata.__func__.1
                0x10005104       0x13 button/CMakeFiles/Button.dir/Users/hakan/VSCodeProjects/RP2040-ESP32C3-Development-Board/SW/pico-sdk/src/common/pico_util/pheap.c.obj
 *fill*         0x10005117        0x1 
 .rodata.__func__.2
                0x10005118       0x12 button/CMakeFiles/Button.dir/Users/hakan/VSCodeProjects/RP2040-ESP32C3-Development-Board/SW/pico-sdk/src/common/pico_util/pheap.c.obj
 *fill*         0x1000512a        0x2 
 .rodata.__func__.3
                0x1000512c        0xc button/CMakeFiles/Button.dir/Users/hakan/VSCodeProjects/RP2040-ESP32C3-Development-Board/SW/pico-sdk/src/common/pico_util/pheap.c.obj
 .rodata.clock_configure.str1.4
                0x10005138       0x85 button/CMakeFiles/Button.dir/Users/hakan/VSCodeProjects/RP2040-ESP32C3-Development-Board/SW/pico-sdk/src/rp2_common/hardware_clocks/clocks.c.obj
 *fill*         0x100051bd        0x3 
 .rodata.__func__.1
                0x100051c0       0x10 button/CMakeFiles/Button.dir/Users/hakan/VSCodeProjects/RP2040-ESP32C3-Development-Board/SW/pico-sdk/src/rp2_common/hardware_clocks/clocks.c.obj
 .rodata.pll_init.str1.4
                0x100051d0      0x150 button/CMakeFiles/Button.dir/Users/hakan/VSCodeProjects/RP2040-ESP32C3-Development-Board/SW/pico-sdk/src/rp2_common/hardware_pll/pll.c.obj
 .rodata.__func__.0
                0x10005320        0x9 button/CMakeFiles/Button.dir/Users/hakan/VSCodeProjects/RP2040-ESP32C3-Development-Board/SW/pico-sdk/src/rp2_common/hardware_pll/pll.c.obj
 *fill*         0x10005329        0x3 
 .rodata.__assert_func.str1.4
                0x1000532c       0x3f button/CMakeFiles/Button.dir/Users/hakan/VSCodeProjects/RP2040-ESP32C3-Development-Board/SW/pico-sdk/src/rp2_common/pico_runtime/runtime.c.obj
                                 0x43 (size before relaxing)
 *fill*         0x1000536b        0x1 
 .rodata.runtime_init.str1.4
                0x1000536c       0x8f button/CMakeFiles/Button.dir/Users/hakan/VSCodeProjects/RP2040-ESP32C3-Development-Board/SW/pico-sdk/src/rp2_common/pico_runtime/runtime.c.obj
 *fill*         0x100053fb        0x1 
 .rodata.panic.str1.4
                0x100053fc       0x12 button/CMakeFiles/Button.dir/Users/hakan/VSCodeProjects/RP2040-ESP32C3-Development-Board/SW/pico-sdk/src/rp2_common/pico_runtime/runtime.c.obj
 *fill*         0x1000540e        0x2 
 .rodata.__func__.2
                0x10005410        0xd button/CMakeFiles/Button.dir/Users/hakan/VSCodeProjects/RP2040-ESP32C3-Development-Board/SW/pico-sdk/src/rp2_common/pico_runtime/runtime.c.obj
 *fill*         0x1000541d        0x3 
 .rodata._ftoa.str1.4
                0x10005420       0x15 button/CMakeFiles/Button.dir/Users/hakan/VSCodeProjects/RP2040-ESP32C3-Development-Board/SW/pico-sdk/src/rp2_common/pico_printf/printf.c.obj
 *fill*         0x10005435        0x3 
 .rodata._vsnprintf
                0x10005438      0x19c button/CMakeFiles/Button.dir/Users/hakan/VSCodeProjects/RP2040-ESP32C3-Development-Board/SW/pico-sdk/src/rp2_common/pico_printf/printf.c.obj
 *fill*         0x100055d4        0x4 
 .rodata.pow10.0
                0x100055d8       0x50 button/CMakeFiles/Button.dir/Users/hakan/VSCodeProjects/RP2040-ESP32C3-Development-Board/SW/pico-sdk/src/rp2_common/pico_printf/printf.c.obj
 .rodata.__aeabi_double_init.str1.4
                0x10005628       0xca button/CMakeFiles/Button.dir/Users/hakan/VSCodeProjects/RP2040-ESP32C3-Development-Board/SW/pico-sdk/src/rp2_common/pico_double/double_init_rom.c.obj
 *fill*         0x100056f2        0x2 
 .rodata.__func__.0
                0x100056f4       0x14 button/CMakeFiles/Button.dir/Users/hakan/VSCodeProjects/RP2040-ESP32C3-Development-Board/SW/pico-sdk/src/rp2_common/pico_double/double_init_rom.c.obj
 .rodata.__aeabi_float_init.str1.4
                0x10005708       0xa8 button/CMakeFiles/Button.dir/Users/hakan/VSCodeProjects/RP2040-ESP32C3-Development-Board/SW/pico-sdk/src/rp2_common/pico_float/float_init_rom.c.obj
                                 0xac (size before relaxing)
 .rodata.__func__.0
                0x100057b0       0x13 button/CMakeFiles/Button.dir/Users/hakan/VSCodeProjects/RP2040-ESP32C3-Development-Board/SW/pico-sdk/src/rp2_common/pico_float/float_init_rom.c.obj
 *fill*         0x100057c3        0x1 
 .rodata.str1.4
                0x100057c4       0x3c button/CMakeFiles/Button.dir/Users/hakan/VSCodeProjects/RP2040-ESP32C3-Development-Board/SW/pico-sdk/src/rp2_common/pico_standard_link/binary_info.c.obj
 .rodata.__bi_81
                0x10005800        0xc button/CMakeFiles/Button.dir/Users/hakan/VSCodeProjects/RP2040-ESP32C3-Development-Board/SW/pico-sdk/src/rp2_common/pico_standard_link/binary_info.c.obj
 .rodata.__bi_75
                0x1000580c        0xc button/CMakeFiles/Button.dir/Users/hakan/VSCodeProjects/RP2040-ESP32C3-Development-Board/SW/pico-sdk/src/rp2_common/pico_standard_link/binary_info.c.obj
 .rodata.__bi_44
                0x10005818        0xc button/CMakeFiles/Button.dir/Users/hakan/VSCodeProjects/RP2040-ESP32C3-Development-Board/SW/pico-sdk/src/rp2_common/pico_standard_link/binary_info.c.obj
 .rodata.update_us_since_boot.str1.4
                0x10005824       0x8f button/CMakeFiles/Button.dir/Users/hakan/VSCodeProjects/RP2040-ESP32C3-Development-Board/SW/pico-sdk/src/rp2_common/pico_stdio/stdio.c.obj
 .rodata.crlf_str.2
                0x10005824        0x2 button/CMakeFiles/Button.dir/Users/hakan/VSCodeProjects/RP2040-ESP32C3-Development-Board/SW/pico-sdk/src/rp2_common/pico_stdio/stdio.c.obj
 *fill*         0x10005826        0x2 
 .rodata.__func__.3
                0x10005828       0x15 button/CMakeFiles/Button.dir/Users/hakan/VSCodeProjects/RP2040-ESP32C3-Development-Board/SW/pico-sdk/src/rp2_common/pico_stdio/stdio.c.obj
 *fill*         0x1000583d        0x3 
 .rodata.str1.4
                0x10005840       0x2c button/CMakeFiles/Button.dir/Users/hakan/VSCodeProjects/RP2040-ESP32C3-Development-Board/SW/pico-sdk/src/rp2_common/pico_stdio_uart/stdio_uart.c.obj
 .rodata.__bi_33.4
                0x1000586c        0xc button/CMakeFiles/Button.dir/Users/hakan/VSCodeProjects/RP2040-ESP32C3-Development-Board/SW/pico-sdk/src/rp2_common/pico_stdio_uart/stdio_uart.c.obj
 .rodata.__bi_34.5
                0x10005878        0x8 button/CMakeFiles/Button.dir/Users/hakan/VSCodeProjects/RP2040-ESP32C3-Development-Board/SW/pico-sdk/src/rp2_common/pico_stdio_uart/stdio_uart.c.obj
                0x10005880                        . = ALIGN (0x4)
 *(SORT_BY_ALIGNMENT(SORT_BY_NAME(.flashdata*)))
                0x10005880                        . = ALIGN (0x4)

.ARM.extab
 *(.ARM.extab* .gnu.linkonce.armextab.*)
                0x10005880                        __exidx_start = .

.ARM.exidx
 *(.ARM.exidx* .gnu.linkonce.armexidx.*)
                0x10005880                        __exidx_end = .
                0x10005880                        . = ALIGN (0x4)
                0x10005880                        __binary_info_start = .

.binary_info    0x10005880       0x24
 *(.binary_info.keep.*)
 .binary_info.keep.__bi_ptr81
                0x10005880        0x4 button/CMakeFiles/Button.dir/Users/hakan/VSCodeProjects/RP2040-ESP32C3-Development-Board/SW/pico-sdk/src/rp2_common/pico_standard_link/binary_info.c.obj
 .binary_info.keep.__bi_ptr75
                0x10005884        0x4 button/CMakeFiles/Button.dir/Users/hakan/VSCodeProjects/RP2040-ESP32C3-Development-Board/SW/pico-sdk/src/rp2_common/pico_standard_link/binary_info.c.obj
 .binary_info.keep.__bi_ptr50
                0x10005888        0x4 button/CMakeFiles/Button.dir/Users/hakan/VSCodeProjects/RP2040-ESP32C3-Development-Board/SW/pico-sdk/src/rp2_common/pico_standard_link/binary_info.c.obj
 .binary_info.keep.__bi_ptr44
                0x1000588c        0x4 button/CMakeFiles/Button.dir/Users/hakan/VSCodeProjects/RP2040-ESP32C3-Development-Board/SW/pico-sdk/src/rp2_common/pico_standard_link/binary_info.c.obj
 .binary_info.keep.__bi_ptr38
                0x10005890        0x4 button/CMakeFiles/Button.dir/Users/hakan/VSCodeProjects/RP2040-ESP32C3-Development-Board/SW/pico-sdk/src/rp2_common/pico_standard_link/binary_info.c.obj
 .binary_info.keep.__bi_ptr30
                0x10005894        0x4 button/CMakeFiles/Button.dir/Users/hakan/VSCodeProjects/RP2040-ESP32C3-Development-Board/SW/pico-sdk/src/rp2_common/pico_standard_link/binary_info.c.obj
 .binary_info.keep.__bi_ptr22
                0x10005898        0x4 button/CMakeFiles/Button.dir/Users/hakan/VSCodeProjects/RP2040-ESP32C3-Development-Board/SW/pico-sdk/src/rp2_common/pico_standard_link/binary_info.c.obj
 *(.binary_info.*)
 .binary_info.__bi_ptr34
                0x1000589c        0x4 button/CMakeFiles/Button.dir/Users/hakan/VSCodeProjects/RP2040-ESP32C3-Development-Board/SW/pico-sdk/src/rp2_common/pico_stdio_uart/stdio_uart.c.obj
 .binary_info.__bi_ptr33
                0x100058a0        0x4 button/CMakeFiles/Button.dir/Users/hakan/VSCodeProjects/RP2040-ESP32C3-Development-Board/SW/pico-sdk/src/rp2_common/pico_stdio_uart/stdio_uart.c.obj
                0x100058a4                        __binary_info_end = .

.rel.dyn        0x100058a4        0x0
 .rel.iplt      0x100058a4        0x0 /Applications/ArmGNUToolchain/12.3.rel1/arm-none-eabi/bin/../lib/gcc/arm-none-eabi/12.3.1/thumb/v6-m/nofp/crtbegin.o
                0x100058a4                        . = ALIGN (0x4)

.ram_vector_table
                0x20000000       0xc0
 *(.ram_vector_table)
 .ram_vector_table
                0x20000000       0xc0 button/CMakeFiles/Button.dir/Users/hakan/VSCodeProjects/RP2040-ESP32C3-Development-Board/SW/pico-sdk/src/rp2_common/pico_runtime/runtime.c.obj
                0x20000000                ram_vector_table

.data           0x200000c0      0x244 load address 0x100058a4
                0x200000c0                        __data_start__ = .
 *(vtable)
 *(.time_critical*)
 .time_critical.mutex_try_enter
                0x200000c0       0x46 button/CMakeFiles/Button.dir/Users/hakan/VSCodeProjects/RP2040-ESP32C3-Development-Board/SW/pico-sdk/src/common/pico_sync/mutex.c.obj
                0x200000c0                mutex_try_enter
 *fill*         0x20000106        0x2 
 .time_critical.mutex_enter_block_until
                0x20000108       0x8c button/CMakeFiles/Button.dir/Users/hakan/VSCodeProjects/RP2040-ESP32C3-Development-Board/SW/pico-sdk/src/common/pico_sync/mutex.c.obj
                0x20000108                mutex_enter_block_until
 .time_critical.mutex_try_enter_block_until
                0x20000194       0x34 button/CMakeFiles/Button.dir/Users/hakan/VSCodeProjects/RP2040-ESP32C3-Development-Board/SW/pico-sdk/src/common/pico_sync/mutex.c.obj
                0x20000194                mutex_try_enter_block_until
 .time_critical.mutex_exit
                0x200001c8       0x4c button/CMakeFiles/Button.dir/Users/hakan/VSCodeProjects/RP2040-ESP32C3-Development-Board/SW/pico-sdk/src/common/pico_sync/mutex.c.obj
                0x200001c8                mutex_exit
 *(.text*)
 .text          0x20000214        0x4 /Applications/ArmGNUToolchain/12.3.rel1/arm-none-eabi/bin/../lib/gcc/arm-none-eabi/12.3.1/thumb/v6-m/nofp/libgcc.a(_dvmd_tls.o)
                0x20000214                __aeabi_ldiv0
                0x20000214                __aeabi_idiv0
 .text.__stub   0x20000218       0x20 linker stubs
                0x20000238                        . = ALIGN (0x4)
 *(.rodata*)
                0x20000238                        . = ALIGN (0x4)
 *(.data*)
 .data.striped_spin_lock_num
                0x20000238        0x1 button/CMakeFiles/Button.dir/Users/hakan/VSCodeProjects/RP2040-ESP32C3-Development-Board/SW/pico-sdk/src/rp2_common/hardware_sync/sync.c.obj
 *fill*         0x20000239        0x3 
 .data          0x2000023c       0x48 button/CMakeFiles/Button.dir/Users/hakan/VSCodeProjects/RP2040-ESP32C3-Development-Board/SW/pico-sdk/src/rp2_common/hardware_irq/irq_handler_chain.S.obj
                0x2000023c                irq_handler_chain_slots
                0x2000026c                irq_handler_chain_first_slot
                0x20000276                irq_handler_chain_remove_tail
 .data.default_alarm_pool
                0x20000284       0x18 button/CMakeFiles/Button.dir/Users/hakan/VSCodeProjects/RP2040-ESP32C3-Development-Board/SW/pico-sdk/src/common/pico_time/time.c.obj
 .data.default_alarm_pool_heap
                0x2000029c       0x10 button/CMakeFiles/Button.dir/Users/hakan/VSCodeProjects/RP2040-ESP32C3-Development-Board/SW/pico-sdk/src/common/pico_time/time.c.obj
 *fill*         0x200002ac        0x4 
 .data.aeabi_bits_funcs
                0x200002b0       0x10 button/CMakeFiles/Button.dir/Users/hakan/VSCodeProjects/RP2040-ESP32C3-Development-Board/SW/pico-sdk/src/rp2_common/pico_bit_ops/bit_ops_aeabi.S.obj
                0x200002b0                aeabi_bits_funcs
                0x200002c0                aeabi_bits_funcs_end
 .data.aeabi_mem_funcs
                0x200002c0       0x10 button/CMakeFiles/Button.dir/Users/hakan/VSCodeProjects/RP2040-ESP32C3-Development-Board/SW/pico-sdk/src/rp2_common/pico_mem_ops/mem_ops_aeabi.S.obj
                0x200002c0                aeabi_mem_funcs
                0x200002d0                aeabi_mem_funcs_end
 .data.stdio_uart
                0x200002d0       0x18 button/CMakeFiles/Button.dir/Users/hakan/VSCodeProjects/RP2040-ESP32C3-Development-Board/SW/pico-sdk/src/rp2_common/pico_stdio_uart/stdio_uart.c.obj
                0x200002d0                stdio_uart
                0x200002e8                        . = ALIGN (0x4)
 *(.after_data.*)
                0x200002e8                        . = ALIGN (0x4)
                0x200002e8                        PROVIDE (__mutex_array_start = .)
 *(SORT_BY_NAME(.mutex_array.*))
 *(.mutex_array)
 .mutex_array   0x200002e8        0x8 button/CMakeFiles/Button.dir/Users/hakan/VSCodeProjects/RP2040-ESP32C3-Development-Board/SW/pico-sdk/src/rp2_common/pico_stdio/stdio.c.obj
                0x200002f0                        PROVIDE (__mutex_array_end = .)
                0x200002f0                        . = ALIGN (0x4)
                0x200002f0                        PROVIDE (__preinit_array_start = .)
 *(SORT_BY_NAME(.preinit_array.*))
 .preinit_array.00001
                0x200002f0        0x4 button/CMakeFiles/Button.dir/Users/hakan/VSCodeProjects/RP2040-ESP32C3-Development-Board/SW/pico-sdk/src/rp2_common/pico_mem_ops/mem_ops_aeabi.S.obj
 .preinit_array.00010
                0x200002f4        0x4 button/CMakeFiles/Button.dir/Users/hakan/VSCodeProjects/RP2040-ESP32C3-Development-Board/SW/pico-sdk/src/rp2_common/pico_bit_ops/bit_ops_aeabi.S.obj
 .preinit_array.00020
                0x200002f8        0x4 button/CMakeFiles/Button.dir/Users/hakan/VSCodeProjects/RP2040-ESP32C3-Development-Board/SW/pico-sdk/src/rp2_common/pico_double/double_aeabi.S.obj
 .preinit_array.00020
                0x200002fc        0x4 button/CMakeFiles/Button.dir/Users/hakan/VSCodeProjects/RP2040-ESP32C3-Development-Board/SW/pico-sdk/src/rp2_common/pico_float/float_aeabi.S.obj
 *(.preinit_array)
                0x20000300                        PROVIDE (__preinit_array_end = .)
                0x20000300                        . = ALIGN (0x4)
                0x20000300                        PROVIDE (__init_array_start = .)
 *(SORT_BY_NAME(.init_array.*))
 *(.init_array)
 .init_array    0x20000300        0x4 /Applications/ArmGNUToolchain/12.3.rel1/arm-none-eabi/bin/../lib/gcc/arm-none-eabi/12.3.1/thumb/v6-m/nofp/crtbegin.o
                0x20000304                        PROVIDE (__init_array_end = .)
                0x20000304                        . = ALIGN (0x4)
                [!provide]                        PROVIDE (__fini_array_start = .)
 *(SORT_BY_NAME(.fini_array.*))
 *(.fini_array)
                [!provide]                        PROVIDE (__fini_array_end = .)
 *(.jcr)
                0x20000304                        . = ALIGN (0x4)
                0x20000304                        __data_end__ = .
                0x100058a4                        __etext = LOADADDR (.data)

.tm_clone_table
                0x20000304        0x0 load address 0x10005ae8
 .tm_clone_table
                0x20000304        0x0 /Applications/ArmGNUToolchain/12.3.rel1/arm-none-eabi/bin/../lib/gcc/arm-none-eabi/12.3.1/thumb/v6-m/nofp/crtbegin.o
 .tm_clone_table
                0x20000304        0x0 /Applications/ArmGNUToolchain/12.3.rel1/arm-none-eabi/bin/../lib/gcc/arm-none-eabi/12.3.1/thumb/v6-m/nofp/crtend.o

.igot.plt       0x20000304        0x0 load address 0x10005ae8
 .igot.plt      0x20000304        0x0 /Applications/ArmGNUToolchain/12.3.rel1/arm-none-eabi/bin/../lib/gcc/arm-none-eabi/12.3.1/thumb/v6-m/nofp/crtbegin.o

.uninitialized_data
                0x20000304        0x0 load address 0x10005ae8
                0x20000304                        . = ALIGN (0x4)
 *(.uninitialized_data*)

.scratch_x      0x20040000        0x0 load address 0x10005ae8
                0x20040000                        __scratch_x_start__ = .
 *(.scratch_x.*)
                0x20040000                        . = ALIGN (0x4)
                0x20040000                        __scratch_x_end__ = .
                0x10005ae8                        __scratch_x_source__ = LOADADDR (.scratch_x)

.scratch_y      0x20041000        0x0 load address 0x10005ae8
                0x20041000                        __scratch_y_start__ = .
 *(.scratch_y.*)
                0x20041000                        . = ALIGN (0x4)
                0x20041000                        __scratch_y_end__ = .
                0x10005ae8                        __scratch_y_source__ = LOADADDR (.scratch_y)

.bss            0x20000308      0x3e4
                0x20000308                        . = ALIGN (0x4)
                0x20000308                        __bss_start__ = .
 *(SORT_BY_ALIGNMENT(SORT_BY_NAME(.bss*)))
 .bss.default_alarm_pool_entries
                0x20000308      0x100 button/CMakeFiles/Button.dir/Users/hakan/VSCodeProjects/RP2040-ESP32C3-Development-Board/SW/pico-sdk/src/common/pico_time/time.c.obj
 .bss.alarm_callbacks
                0x20000408       0x10 button/CMakeFiles/Button.dir/Users/hakan/VSCodeProjects/RP2040-ESP32C3-Development-Board/SW/pico-sdk/src/rp2_common/hardware_timer/timer.c.obj
 .bss.callbacks
                0x20000418        0x8 button/CMakeFiles/Button.dir/Users/hakan/VSCodeProjects/RP2040-ESP32C3-Development-Board/SW/pico-sdk/src/rp2_common/hardware_gpio/gpio.c.obj
 .bss.chars_available_callback
                0x20000420        0x4 button/CMakeFiles/Button.dir/Users/hakan/VSCodeProjects/RP2040-ESP32C3-Development-Board/SW/pico-sdk/src/rp2_common/pico_stdio_uart/stdio_uart.c.obj
 .bss.chars_available_param
                0x20000424        0x4 button/CMakeFiles/Button.dir/Users/hakan/VSCodeProjects/RP2040-ESP32C3-Development-Board/SW/pico-sdk/src/rp2_common/pico_stdio_uart/stdio_uart.c.obj
 .bss.configured_freq
                0x20000428       0x28 button/CMakeFiles/Button.dir/Users/hakan/VSCodeProjects/RP2040-ESP32C3-Development-Board/SW/pico-sdk/src/rp2_common/hardware_clocks/clocks.c.obj
 .bss.default_alarm_pool_entry_ids_high
                0x20000450       0x10 button/CMakeFiles/Button.dir/Users/hakan/VSCodeProjects/RP2040-ESP32C3-Development-Board/SW/pico-sdk/src/common/pico_time/time.c.obj
 .bss.default_alarm_pool_heap_nodes
                0x20000460       0x30 button/CMakeFiles/Button.dir/Users/hakan/VSCodeProjects/RP2040-ESP32C3-Development-Board/SW/pico-sdk/src/common/pico_time/time.c.obj
 .bss.drivers   0x20000490        0x4 button/CMakeFiles/Button.dir/Users/hakan/VSCodeProjects/RP2040-ESP32C3-Development-Board/SW/pico-sdk/src/rp2_common/pico_stdio/stdio.c.obj
 .bss.filter    0x20000494        0x4 button/CMakeFiles/Button.dir/Users/hakan/VSCodeProjects/RP2040-ESP32C3-Development-Board/SW/pico-sdk/src/rp2_common/pico_stdio/stdio.c.obj
 .bss.object.0  0x20000498       0x18 /Applications/ArmGNUToolchain/12.3.rel1/arm-none-eabi/bin/../lib/gcc/arm-none-eabi/12.3.1/thumb/v6-m/nofp/crtbegin.o
 .bss.pools     0x200004b0       0x10 button/CMakeFiles/Button.dir/Users/hakan/VSCodeProjects/RP2040-ESP32C3-Development-Board/SW/pico-sdk/src/common/pico_time/time.c.obj
 .bss.raw_irq_mask
                0x200004c0        0x8 button/CMakeFiles/Button.dir/Users/hakan/VSCodeProjects/RP2040-ESP32C3-Development-Board/SW/pico-sdk/src/rp2_common/hardware_gpio/gpio.c.obj
 .bss.sd_table  0x200004c8      0x100 button/CMakeFiles/Button.dir/Users/hakan/VSCodeProjects/RP2040-ESP32C3-Development-Board/SW/pico-sdk/src/rp2_common/pico_double/double_init_rom.c.obj
                0x200004c8                sd_table
 .bss.sf_clz_func
                0x200005c8        0x4 button/CMakeFiles/Button.dir/Users/hakan/VSCodeProjects/RP2040-ESP32C3-Development-Board/SW/pico-sdk/src/rp2_common/pico_double/double_init_rom.c.obj
                0x200005c8                sf_clz_func
 .bss.sf_table  0x200005cc      0x100 button/CMakeFiles/Button.dir/Users/hakan/VSCodeProjects/RP2040-ESP32C3-Development-Board/SW/pico-sdk/src/rp2_common/pico_float/float_init_rom.c.obj
                0x200005cc                sf_table
 .bss.sleep_notifier
                0x200006cc        0x4 button/CMakeFiles/Button.dir/Users/hakan/VSCodeProjects/RP2040-ESP32C3-Development-Board/SW/pico-sdk/src/common/pico_time/time.c.obj
 .bss.target_hi
                0x200006d0       0x10 button/CMakeFiles/Button.dir/Users/hakan/VSCodeProjects/RP2040-ESP32C3-Development-Board/SW/pico-sdk/src/rp2_common/hardware_timer/timer.c.obj
 .bss.uart_char_to_line_feed
                0x200006e0        0x4 button/CMakeFiles/Button.dir/Users/hakan/VSCodeProjects/RP2040-ESP32C3-Development-Board/SW/pico-sdk/src/rp2_common/hardware_uart/uart.c.obj
                0x200006e0                uart_char_to_line_feed
 .bss.uart_instance
                0x200006e4        0x4 button/CMakeFiles/Button.dir/Users/hakan/VSCodeProjects/RP2040-ESP32C3-Development-Board/SW/pico-sdk/src/rp2_common/pico_stdio_uart/stdio_uart.c.obj
 .bss.claimed   0x200006e8        0x1 button/CMakeFiles/Button.dir/Users/hakan/VSCodeProjects/RP2040-ESP32C3-Development-Board/SW/pico-sdk/src/rp2_common/hardware_timer/timer.c.obj
 .bss.irq_hander_chain_free_slot_head
                0x200006e9        0x1 button/CMakeFiles/Button.dir/Users/hakan/VSCodeProjects/RP2040-ESP32C3-Development-Board/SW/pico-sdk/src/rp2_common/hardware_irq/irq.c.obj
 .bss.timer_callbacks_pending
                0x200006ea        0x1 button/CMakeFiles/Button.dir/Users/hakan/VSCodeProjects/RP2040-ESP32C3-Development-Board/SW/pico-sdk/src/rp2_common/hardware_timer/timer.c.obj
 *(COMMON)
                0x200006ec                        . = ALIGN (0x4)
 *fill*         0x200006eb        0x1 
                0x200006ec                        __bss_end__ = .

.heap           0x200006ec      0x800
                0x200006ec                        __end__ = .
                0x200006ec                        end = __end__
 *(.heap*)
 .heap          0x200006ec      0x800 button/CMakeFiles/Button.dir/Users/hakan/VSCodeProjects/RP2040-ESP32C3-Development-Board/SW/pico-sdk/src/rp2_common/pico_standard_link/crt0.S.obj
                0x20000eec                        __HeapLimit = .

.stack1_dummy
 *(.stack1*)

.stack_dummy    0x20041000      0x800
 *(.stack*)
 .stack         0x20041000      0x800 button/CMakeFiles/Button.dir/Users/hakan/VSCodeProjects/RP2040-ESP32C3-Development-Board/SW/pico-sdk/src/rp2_common/pico_standard_link/crt0.S.obj

.flash_end      0x10005ae8        0x0
                0x10005ae8                        PROVIDE (__flash_binary_end = .)
                0x20040000                        __StackLimit = (ORIGIN (RAM) + LENGTH (RAM))
                0x20041000                        __StackOneTop = (ORIGIN (SCRATCH_X) + LENGTH (SCRATCH_X))
                0x20042000                        __StackTop = (ORIGIN (SCRATCH_Y) + LENGTH (SCRATCH_Y))
                0x20041000                        __StackOneBottom = (__StackOneTop - SIZEOF (.stack1_dummy))
                0x20041800                        __StackBottom = (__StackTop - SIZEOF (.stack_dummy))
                0x20042000                        PROVIDE (__stack = __StackTop)
                0x00000001                        ASSERT ((__StackLimit >= __HeapLimit), region RAM overflowed)
                0x00000001                        ASSERT (((__binary_info_header_end - __logical_binary_start) <= 0x100), Binary info must be in first 256 bytes of the binary)
LOAD button/CMakeFiles/Button.dir/main.c.obj
LOAD button/CMakeFiles/Button.dir/Users/hakan/VSCodeProjects/RP2040-ESP32C3-Development-Board/SW/pico-sdk/src/rp2_common/pico_stdlib/stdlib.c.obj
LOAD button/CMakeFiles/Button.dir/Users/hakan/VSCodeProjects/RP2040-ESP32C3-Development-Board/SW/pico-sdk/src/rp2_common/hardware_gpio/gpio.c.obj
LOAD button/CMakeFiles/Button.dir/Users/hakan/VSCodeProjects/RP2040-ESP32C3-Development-Board/SW/pico-sdk/src/rp2_common/pico_platform/platform.c.obj
LOAD button/CMakeFiles/Button.dir/Users/hakan/VSCodeProjects/RP2040-ESP32C3-Development-Board/SW/pico-sdk/src/rp2_common/hardware_claim/claim.c.obj
LOAD button/CMakeFiles/Button.dir/Users/hakan/VSCodeProjects/RP2040-ESP32C3-Development-Board/SW/pico-sdk/src/rp2_common/hardware_sync/sync.c.obj
LOAD button/CMakeFiles/Button.dir/Users/hakan/VSCodeProjects/RP2040-ESP32C3-Development-Board/SW/pico-sdk/src/rp2_common/hardware_irq/irq.c.obj
LOAD button/CMakeFiles/Button.dir/Users/hakan/VSCodeProjects/RP2040-ESP32C3-Development-Board/SW/pico-sdk/src/rp2_common/hardware_irq/irq_handler_chain.S.obj
LOAD button/CMakeFiles/Button.dir/Users/hakan/VSCodeProjects/RP2040-ESP32C3-Development-Board/SW/pico-sdk/src/common/pico_sync/sem.c.obj
LOAD button/CMakeFiles/Button.dir/Users/hakan/VSCodeProjects/RP2040-ESP32C3-Development-Board/SW/pico-sdk/src/common/pico_sync/lock_core.c.obj
LOAD button/CMakeFiles/Button.dir/Users/hakan/VSCodeProjects/RP2040-ESP32C3-Development-Board/SW/pico-sdk/src/common/pico_sync/mutex.c.obj
LOAD button/CMakeFiles/Button.dir/Users/hakan/VSCodeProjects/RP2040-ESP32C3-Development-Board/SW/pico-sdk/src/common/pico_sync/critical_section.c.obj
LOAD button/CMakeFiles/Button.dir/Users/hakan/VSCodeProjects/RP2040-ESP32C3-Development-Board/SW/pico-sdk/src/common/pico_time/time.c.obj
LOAD button/CMakeFiles/Button.dir/Users/hakan/VSCodeProjects/RP2040-ESP32C3-Development-Board/SW/pico-sdk/src/common/pico_time/timeout_helper.c.obj
LOAD button/CMakeFiles/Button.dir/Users/hakan/VSCodeProjects/RP2040-ESP32C3-Development-Board/SW/pico-sdk/src/rp2_common/hardware_timer/timer.c.obj
LOAD button/CMakeFiles/Button.dir/Users/hakan/VSCodeProjects/RP2040-ESP32C3-Development-Board/SW/pico-sdk/src/common/pico_util/datetime.c.obj
LOAD button/CMakeFiles/Button.dir/Users/hakan/VSCodeProjects/RP2040-ESP32C3-Development-Board/SW/pico-sdk/src/common/pico_util/pheap.c.obj
LOAD button/CMakeFiles/Button.dir/Users/hakan/VSCodeProjects/RP2040-ESP32C3-Development-Board/SW/pico-sdk/src/common/pico_util/queue.c.obj
LOAD button/CMakeFiles/Button.dir/Users/hakan/VSCodeProjects/RP2040-ESP32C3-Development-Board/SW/pico-sdk/src/rp2_common/hardware_uart/uart.c.obj
LOAD button/CMakeFiles/Button.dir/Users/hakan/VSCodeProjects/RP2040-ESP32C3-Development-Board/SW/pico-sdk/src/rp2_common/hardware_clocks/clocks.c.obj
LOAD button/CMakeFiles/Button.dir/Users/hakan/VSCodeProjects/RP2040-ESP32C3-Development-Board/SW/pico-sdk/src/rp2_common/hardware_pll/pll.c.obj
LOAD button/CMakeFiles/Button.dir/Users/hakan/VSCodeProjects/RP2040-ESP32C3-Development-Board/SW/pico-sdk/src/rp2_common/hardware_vreg/vreg.c.obj
LOAD button/CMakeFiles/Button.dir/Users/hakan/VSCodeProjects/RP2040-ESP32C3-Development-Board/SW/pico-sdk/src/rp2_common/hardware_watchdog/watchdog.c.obj
LOAD button/CMakeFiles/Button.dir/Users/hakan/VSCodeProjects/RP2040-ESP32C3-Development-Board/SW/pico-sdk/src/rp2_common/hardware_xosc/xosc.c.obj
LOAD button/CMakeFiles/Button.dir/Users/hakan/VSCodeProjects/RP2040-ESP32C3-Development-Board/SW/pico-sdk/src/rp2_common/hardware_divider/divider.S.obj
LOAD button/CMakeFiles/Button.dir/Users/hakan/VSCodeProjects/RP2040-ESP32C3-Development-Board/SW/pico-sdk/src/rp2_common/pico_runtime/runtime.c.obj
LOAD button/CMakeFiles/Button.dir/Users/hakan/VSCodeProjects/RP2040-ESP32C3-Development-Board/SW/pico-sdk/src/rp2_common/pico_printf/printf.c.obj
LOAD button/CMakeFiles/Button.dir/Users/hakan/VSCodeProjects/RP2040-ESP32C3-Development-Board/SW/pico-sdk/src/rp2_common/pico_bit_ops/bit_ops_aeabi.S.obj
LOAD button/CMakeFiles/Button.dir/Users/hakan/VSCodeProjects/RP2040-ESP32C3-Development-Board/SW/pico-sdk/src/rp2_common/pico_bootrom/bootrom.c.obj
LOAD button/CMakeFiles/Button.dir/Users/hakan/VSCodeProjects/RP2040-ESP32C3-Development-Board/SW/pico-sdk/src/rp2_common/pico_divider/divider.S.obj
LOAD button/CMakeFiles/Button.dir/Users/hakan/VSCodeProjects/RP2040-ESP32C3-Development-Board/SW/pico-sdk/src/rp2_common/pico_double/double_aeabi.S.obj
LOAD button/CMakeFiles/Button.dir/Users/hakan/VSCodeProjects/RP2040-ESP32C3-Development-Board/SW/pico-sdk/src/rp2_common/pico_double/double_init_rom.c.obj
LOAD button/CMakeFiles/Button.dir/Users/hakan/VSCodeProjects/RP2040-ESP32C3-Development-Board/SW/pico-sdk/src/rp2_common/pico_double/double_math.c.obj
LOAD button/CMakeFiles/Button.dir/Users/hakan/VSCodeProjects/RP2040-ESP32C3-Development-Board/SW/pico-sdk/src/rp2_common/pico_double/double_v1_rom_shim.S.obj
LOAD button/CMakeFiles/Button.dir/Users/hakan/VSCodeProjects/RP2040-ESP32C3-Development-Board/SW/pico-sdk/src/rp2_common/pico_int64_ops/pico_int64_ops_aeabi.S.obj
LOAD button/CMakeFiles/Button.dir/Users/hakan/VSCodeProjects/RP2040-ESP32C3-Development-Board/SW/pico-sdk/src/rp2_common/pico_float/float_aeabi.S.obj
LOAD button/CMakeFiles/Button.dir/Users/hakan/VSCodeProjects/RP2040-ESP32C3-Development-Board/SW/pico-sdk/src/rp2_common/pico_float/float_init_rom.c.obj
LOAD button/CMakeFiles/Button.dir/Users/hakan/VSCodeProjects/RP2040-ESP32C3-Development-Board/SW/pico-sdk/src/rp2_common/pico_float/float_math.c.obj
LOAD button/CMakeFiles/Button.dir/Users/hakan/VSCodeProjects/RP2040-ESP32C3-Development-Board/SW/pico-sdk/src/rp2_common/pico_float/float_v1_rom_shim.S.obj
LOAD button/CMakeFiles/Button.dir/Users/hakan/VSCodeProjects/RP2040-ESP32C3-Development-Board/SW/pico-sdk/src/rp2_common/pico_malloc/pico_malloc.c.obj
LOAD button/CMakeFiles/Button.dir/Users/hakan/VSCodeProjects/RP2040-ESP32C3-Development-Board/SW/pico-sdk/src/rp2_common/pico_mem_ops/mem_ops_aeabi.S.obj
LOAD button/CMakeFiles/Button.dir/Users/hakan/VSCodeProjects/RP2040-ESP32C3-Development-Board/SW/pico-sdk/src/rp2_common/pico_standard_link/crt0.S.obj
LOAD button/CMakeFiles/Button.dir/Users/hakan/VSCodeProjects/RP2040-ESP32C3-Development-Board/SW/pico-sdk/src/rp2_common/pico_standard_link/new_delete.cpp.obj
LOAD button/CMakeFiles/Button.dir/Users/hakan/VSCodeProjects/RP2040-ESP32C3-Development-Board/SW/pico-sdk/src/rp2_common/pico_standard_link/binary_info.c.obj
LOAD button/CMakeFiles/Button.dir/Users/hakan/VSCodeProjects/RP2040-ESP32C3-Development-Board/SW/pico-sdk/src/rp2_common/pico_stdio/stdio.c.obj
LOAD button/CMakeFiles/Button.dir/Users/hakan/VSCodeProjects/RP2040-ESP32C3-Development-Board/SW/pico-sdk/src/rp2_common/pico_stdio_uart/stdio_uart.c.obj
LOAD /var/folders/dh/k3yv_04537743ts1g7j3_pgw0000gn/T//ccHQucPV.o
LOAD /Applications/ArmGNUToolchain/12.3.rel1/arm-none-eabi/bin/../lib/gcc/arm-none-eabi/12.3.1/../../../../arm-none-eabi/lib/thumb/v6-m/nofp/libstdc++.a
LOAD /Applications/ArmGNUToolchain/12.3.rel1/arm-none-eabi/bin/../lib/gcc/arm-none-eabi/12.3.1/../../../../arm-none-eabi/lib/thumb/v6-m/nofp/libm.a
START GROUP
LOAD /Applications/ArmGNUToolchain/12.3.rel1/arm-none-eabi/bin/../lib/gcc/arm-none-eabi/12.3.1/thumb/v6-m/nofp/libgcc.a
LOAD /Applications/ArmGNUToolchain/12.3.rel1/arm-none-eabi/bin/../lib/gcc/arm-none-eabi/12.3.1/../../../../arm-none-eabi/lib/thumb/v6-m/nofp/libg.a
LOAD /Applications/ArmGNUToolchain/12.3.rel1/arm-none-eabi/bin/../lib/gcc/arm-none-eabi/12.3.1/../../../../arm-none-eabi/lib/thumb/v6-m/nofp/libc.a
END GROUP
START GROUP
LOAD /Applications/ArmGNUToolchain/12.3.rel1/arm-none-eabi/bin/../lib/gcc/arm-none-eabi/12.3.1/thumb/v6-m/nofp/libgcc.a
LOAD /Applications/ArmGNUToolchain/12.3.rel1/arm-none-eabi/bin/../lib/gcc/arm-none-eabi/12.3.1/../../../../arm-none-eabi/lib/thumb/v6-m/nofp/libc.a
LOAD /Applications/ArmGNUToolchain/12.3.rel1/arm-none-eabi/bin/../lib/gcc/arm-none-eabi/12.3.1/../../../../arm-none-eabi/lib/thumb/v6-m/nofp/libnosys.a
END GROUP
LOAD /Applications/ArmGNUToolchain/12.3.rel1/arm-none-eabi/bin/../lib/gcc/arm-none-eabi/12.3.1/thumb/v6-m/nofp/crtend.o
LOAD /Applications/ArmGNUToolchain/12.3.rel1/arm-none-eabi/bin/../lib/gcc/arm-none-eabi/12.3.1/thumb/v6-m/nofp/crtn.o
OUTPUT(button/Button.elf elf32-littlearm)
LOAD linker stubs

.ARM.attributes
                0x00000000       0x28
 .ARM.attributes
                0x00000000       0x1e /Applications/ArmGNUToolchain/12.3.rel1/arm-none-eabi/bin/../lib/gcc/arm-none-eabi/12.3.1/thumb/v6-m/nofp/crti.o
 .ARM.attributes
                0x0000001e       0x2c /Applications/ArmGNUToolchain/12.3.rel1/arm-none-eabi/bin/../lib/gcc/arm-none-eabi/12.3.1/thumb/v6-m/nofp/crtbegin.o
 .ARM.attributes
                0x0000004a       0x2c button/CMakeFiles/Button.dir/main.c.obj
 .ARM.attributes
                0x00000076       0x2c button/CMakeFiles/Button.dir/Users/hakan/VSCodeProjects/RP2040-ESP32C3-Development-Board/SW/pico-sdk/src/rp2_common/hardware_gpio/gpio.c.obj
 .ARM.attributes
                0x000000a2       0x2c button/CMakeFiles/Button.dir/Users/hakan/VSCodeProjects/RP2040-ESP32C3-Development-Board/SW/pico-sdk/src/rp2_common/pico_platform/platform.c.obj
 .ARM.attributes
                0x000000ce       0x2c button/CMakeFiles/Button.dir/Users/hakan/VSCodeProjects/RP2040-ESP32C3-Development-Board/SW/pico-sdk/src/rp2_common/hardware_claim/claim.c.obj
 .ARM.attributes
                0x000000fa       0x2c button/CMakeFiles/Button.dir/Users/hakan/VSCodeProjects/RP2040-ESP32C3-Development-Board/SW/pico-sdk/src/rp2_common/hardware_sync/sync.c.obj
 .ARM.attributes
                0x00000126       0x2c button/CMakeFiles/Button.dir/Users/hakan/VSCodeProjects/RP2040-ESP32C3-Development-Board/SW/pico-sdk/src/rp2_common/hardware_irq/irq.c.obj
 .ARM.attributes
                0x00000152       0x22 button/CMakeFiles/Button.dir/Users/hakan/VSCodeProjects/RP2040-ESP32C3-Development-Board/SW/pico-sdk/src/rp2_common/hardware_irq/irq_handler_chain.S.obj
 .ARM.attributes
                0x00000174       0x2c button/CMakeFiles/Button.dir/Users/hakan/VSCodeProjects/RP2040-ESP32C3-Development-Board/SW/pico-sdk/src/common/pico_sync/lock_core.c.obj
 .ARM.attributes
                0x000001a0       0x2c button/CMakeFiles/Button.dir/Users/hakan/VSCodeProjects/RP2040-ESP32C3-Development-Board/SW/pico-sdk/src/common/pico_sync/mutex.c.obj
 .ARM.attributes
                0x000001cc       0x2c button/CMakeFiles/Button.dir/Users/hakan/VSCodeProjects/RP2040-ESP32C3-Development-Board/SW/pico-sdk/src/common/pico_time/time.c.obj
 .ARM.attributes
                0x000001f8       0x2c button/CMakeFiles/Button.dir/Users/hakan/VSCodeProjects/RP2040-ESP32C3-Development-Board/SW/pico-sdk/src/rp2_common/hardware_timer/timer.c.obj
 .ARM.attributes
                0x00000224       0x2c button/CMakeFiles/Button.dir/Users/hakan/VSCodeProjects/RP2040-ESP32C3-Development-Board/SW/pico-sdk/src/common/pico_util/pheap.c.obj
 .ARM.attributes
                0x00000250       0x2c button/CMakeFiles/Button.dir/Users/hakan/VSCodeProjects/RP2040-ESP32C3-Development-Board/SW/pico-sdk/src/rp2_common/hardware_uart/uart.c.obj
 .ARM.attributes
                0x0000027c       0x2c button/CMakeFiles/Button.dir/Users/hakan/VSCodeProjects/RP2040-ESP32C3-Development-Board/SW/pico-sdk/src/rp2_common/hardware_clocks/clocks.c.obj
 .ARM.attributes
                0x000002a8       0x2c button/CMakeFiles/Button.dir/Users/hakan/VSCodeProjects/RP2040-ESP32C3-Development-Board/SW/pico-sdk/src/rp2_common/hardware_pll/pll.c.obj
 .ARM.attributes