Archive member included to satisfy reference by file (symbol)

/Applications/ArmGNUToolchain/12.3.rel1/arm-none-eabi/bin/../lib/gcc/arm-none-eabi/12.3.1/thumb/v6-m/nofp/libgcc.a(_dvmd_tls.o)
                              sd_card/examples/SDWrite/CMakeFiles/SDWrite.dir/Users/hakan/VSCodeProjects/RP2040-ESP32C3-Development-Board/SW/pico-sdk/src/rp2_common/pico_divider/divider.S.obj (__aeabi_idiv0)
/Applications/ArmGNUToolchain/12.3.rel1/arm-none-eabi/bin/../lib/gcc/arm-none-eabi/12.3.1/../../../../arm-none-eabi/lib/thumb/v6-m/nofp/libg.a(libc_a-calloc.o)
                              sd_card/examples/SDWrite/CMakeFiles/SDWrite.dir/Users/hakan/VSCodeProjects/RP2040-ESP32C3-Development-Board/SW/pico-sdk/src/rp2_common/pico_malloc/pico_malloc.c.obj (calloc)
/Applications/ArmGNUToolchain/12.3.rel1/arm-none-eabi/bin/../lib/gcc/arm-none-eabi/12.3.1/../../../../arm-none-eabi/lib/thumb/v6-m/nofp/libg.a(libc_a-callocr.o)
                              /Applications/ArmGNUToolchain/12.3.rel1/arm-none-eabi/bin/../lib/gcc/arm-none-eabi/12.3.1/../../../../arm-none-eabi/lib/thumb/v6-m/nofp/libg.a(libc_a-calloc.o) (_calloc_r)
/Applications/ArmGNUToolchain/12.3.rel1/arm-none-eabi/bin/../lib/gcc/arm-none-eabi/12.3.1/../../../../arm-none-eabi/lib/thumb/v6-m/nofp/libg.a(libc_a-malloc.o)
                              sd_card/examples/SDWrite/CMakeFiles/SDWrite.dir/Users/hakan/VSCodeProjects/RP2040-ESP32C3-Development-Board/SW/pico-sdk/src/rp2_common/pico_malloc/pico_malloc.c.obj (malloc)
/Applications/ArmGNUToolchain/12.3.rel1/arm-none-eabi/bin/../lib/gcc/arm-none-eabi/12.3.1/../../../../arm-none-eabi/lib/thumb/v6-m/nofp/libg.a(libc_a-mallocr.o)
                              /Applications/ArmGNUToolchain/12.3.rel1/arm-none-eabi/bin/../lib/gcc/arm-none-eabi/12.3.1/../../../../arm-none-eabi/lib/thumb/v6-m/nofp/libg.a(libc_a-callocr.o) (_malloc_r)
/Applications/ArmGNUToolchain/12.3.rel1/arm-none-eabi/bin/../lib/gcc/arm-none-eabi/12.3.1/../../../../arm-none-eabi/lib/thumb/v6-m/nofp/libg.a(libc_a-mlock.o)
                              /Applications/ArmGNUToolchain/12.3.rel1/arm-none-eabi/bin/../lib/gcc/arm-none-eabi/12.3.1/../../../../arm-none-eabi/lib/thumb/v6-m/nofp/libg.a(libc_a-mallocr.o) (__malloc_lock)
/Applications/ArmGNUToolchain/12.3.rel1/arm-none-eabi/bin/../lib/gcc/arm-none-eabi/12.3.1/../../../../arm-none-eabi/lib/thumb/v6-m/nofp/libg.a(libc_a-realloc.o)
                              sd_card/examples/SDWrite/CMakeFiles/SDWrite.dir/Users/hakan/VSCodeProjects/RP2040-ESP32C3-Development-Board/SW/pico-sdk/src/rp2_common/pico_malloc/pico_malloc.c.obj (realloc)
/Applications/ArmGNUToolchain/12.3.rel1/arm-none-eabi/bin/../lib/gcc/arm-none-eabi/12.3.1/../../../../arm-none-eabi/lib/thumb/v6-m/nofp/libg.a(libc_a-reallocr.o)
                              /Applications/ArmGNUToolchain/12.3.rel1/arm-none-eabi/bin/../lib/gcc/arm-none-eabi/12.3.1/../../../../arm-none-eabi/lib/thumb/v6-m/nofp/libg.a(libc_a-realloc.o) (_realloc_r)
/Applications/ArmGNUToolchain/12.3.rel1/arm-none-eabi/bin/../lib/gcc/arm-none-eabi/12.3.1/../../../../arm-none-eabi/lib/thumb/v6-m/nofp/libg.a(libc_a-fflush.o)
                              sd_card/examples/SDWrite/CMakeFiles/SDWrite.dir/__/__/__/libs/FatFS/FatFs_SPI/sd_driver/demo_logging.c.obj (fflush)
/Applications/ArmGNUToolchain/12.3.rel1/arm-none-eabi/bin/../lib/gcc/arm-none-eabi/12.3.1/../../../../arm-none-eabi/lib/thumb/v6-m/nofp/libg.a(libc_a-findfp.o)
                              /Applications/ArmGNUToolchain/12.3.rel1/arm-none-eabi/bin/../lib/gcc/arm-none-eabi/12.3.1/../../../../arm-none-eabi/lib/thumb/v6-m/nofp/libg.a(libc_a-fflush.o) (__sglue)
/Applications/ArmGNUToolchain/12.3.rel1/arm-none-eabi/bin/../lib/gcc/arm-none-eabi/12.3.1/../../../../arm-none-eabi/lib/thumb/v6-m/nofp/libg.a(libc_a-fwalk.o)
                              /Applications/ArmGNUToolchain/12.3.rel1/arm-none-eabi/bin/../lib/gcc/arm-none-eabi/12.3.1/../../../../arm-none-eabi/lib/thumb/v6-m/nofp/libg.a(libc_a-fflush.o) (_fwalk_sglue)
/Applications/ArmGNUToolchain/12.3.rel1/arm-none-eabi/bin/../lib/gcc/arm-none-eabi/12.3.1/../../../../arm-none-eabi/lib/thumb/v6-m/nofp/libg.a(libc_a-memcmp.o)
                              sd_card/examples/SDWrite/CMakeFiles/SDWrite.dir/__/__/__/libs/FatFS/FatFs_SPI/ff15/source/ff.c.obj (memcmp)
/Applications/ArmGNUToolchain/12.3.rel1/arm-none-eabi/bin/../lib/gcc/arm-none-eabi/12.3.1/../../../../arm-none-eabi/lib/thumb/v6-m/nofp/libg.a(libc_a-memmove.o)
                              /Applications/ArmGNUToolchain/12.3.rel1/arm-none-eabi/bin/../lib/gcc/arm-none-eabi/12.3.1/../../../../arm-none-eabi/lib/thumb/v6-m/nofp/libg.a(libc_a-reallocr.o) (memmove)
/Applications/ArmGNUToolchain/12.3.rel1/arm-none-eabi/bin/../lib/gcc/arm-none-eabi/12.3.1/../../../../arm-none-eabi/lib/thumb/v6-m/nofp/libg.a(libc_a-strchr.o)
                              sd_card/examples/SDWrite/CMakeFiles/SDWrite.dir/__/__/__/libs/FatFS/FatFs_SPI/ff15/source/ff.c.obj (strchr)
[...]
Memory Configuration

Name             Origin             Length             Attributes
FLASH            0x10000000         0x00200000         xr
RAM              0x20000000         0x00040000         xrw
SCRATCH_X        0x20040000         0x00001000         xrw
SCRATCH_Y        0x20041000         0x00001000         xrw
*default*        0x00000000         0xffffffff

Linker script and memory map

LOAD /Applications/ArmGNUToolchain/12.3.rel1/arm-none-eabi/bin/../lib/gcc/arm-none-eabi/12.3.1/thumb/v6-m/nofp/crti.o
LOAD /Applications/ArmGNUToolchain/12.3.rel1/arm-none-eabi/bin/../lib/gcc/arm-none-eabi/12.3.1/thumb/v6-m/nofp/crtbegin.o
LOAD /Applications/ArmGNUToolchain/12.3.rel1/arm-none-eabi/bin/../lib/gcc/arm-none-eabi/12.3.1/../../../../arm-none-eabi/lib/thumb/v6-m/nofp/crt0.o

.flash_begin    0x10000000        0x0
                0x10000000                        __flash_binary_start = .

.boot2          0x10000000      0x100
                0x10000000                        __boot2_start__ = .
 *(.boot2)
 .boot2         0x10000000      0x100 /var/folders/dh/k3yv_04537743ts1g7j3_pgw0000gn/T//ccdy7aO1.o
                0x10000100                        __boot2_end__ = .
                0x00000001                        ASSERT (((__boot2_end__ - __boot2_start__) == 0x100), ERROR: Pico second stage bootloader must be 256 bytes in size)

.text           0x10000100     0xad40
                0x10000100                        __logical_binary_start = .
 *(.vectors)
 .vectors       0x10000100       0xd4 sd_card/examples/SDWrite/CMakeFiles/SDWrite.dir/Users/hakan/VSCodeProjects/RP2040-ESP32C3-Development-Board/SW/pico-sdk/src/rp2_common/pico_standard_link/crt0.S.obj
                0x10000100                __VECTOR_TABLE
                0x10000100                __vectors
                0x100001c0                __default_isrs_start
                0x100001c0                isr_invalid
                0x100001c2                isr_nmi
                0x100001c4                isr_hardfault
                0x100001c6                isr_svcall
                0x100001c8                isr_pendsv
                0x100001ca                isr_systick
                0x100001cc                isr_irq28
                0x100001cc                isr_irq19
                0x100001cc                isr_irq0
                0x100001cc                isr_irq6
                0x100001cc                isr_irq22
                0x100001cc                isr_irq17
                0x100001cc                isr_irq14
                0x100001cc                isr_irq2
                0x100001cc                isr_irq10
                0x100001cc                isr_irq8
                0x100001cc                isr_irq24
                0x100001cc                isr_irq1
                0x100001cc                isr_irq7
                0x100001cc                isr_irq21
                0x100001cc                isr_irq20
                0x100001cc                isr_irq15
                0x100001cc                isr_irq25
                0x100001cc                isr_irq4
                0x100001cc                isr_irq16
                0x100001cc                isr_irq29
                0x100001cc                isr_irq26
                0x100001cc                __default_isrs_end
                0x100001cc                isr_irq3
                0x100001cc                isr_irq9
                0x100001cc                __unhandled_user_irq
                0x100001cc                isr_irq13
                0x100001cc                isr_irq27
                0x100001cc                isr_irq31
                0x100001cc                isr_irq5
                0x100001cc                isr_irq11
                0x100001cc                isr_irq23
                0x100001cc                isr_irq18
                0x100001cc                isr_irq30
                0x100001cc                isr_irq12
                0x100001d2                unhandled_user_irq_num_in_r0
 *(.binary_info_header)
 .binary_info_header
                0x100001d4       0x14 sd_card/examples/SDWrite/CMakeFiles/SDWrite.dir/Users/hakan/VSCodeProjects/RP2040-ESP32C3-Development-Board/SW/pico-sdk/src/rp2_common/pico_standard_link/crt0.S.obj
                0x100001e8                        __binary_info_header_end = .
 *(.reset)
 .reset         0x100001e8       0xa0 sd_card/examples/SDWrite/CMakeFiles/SDWrite.dir/Users/hakan/VSCodeProjects/RP2040-ESP32C3-Development-Board/SW/pico-sdk/src/rp2_common/pico_standard_link/crt0.S.obj
                0x100001e8                _entry_point
 .reset         0x10000288       0x30 sd_card/examples/SDWrite/CMakeFiles/SDWrite.dir/Users/hakan/VSCodeProjects/RP2040-ESP32C3-Development-Board/SW/pico-sdk/src/rp2_common/pico_standard_link/binary_info.c.obj
 *(.init)
 .init          0x100002b8        0x4 /Applications/ArmGNUToolchain/12.3.rel1/arm-none-eabi/bin/../lib/gcc/arm-none-eabi/12.3.1/thumb/v6-m/nofp/crti.o
                0x100002b8                _init
 *(EXCLUDE_FILE(*libm.a: *libc.a:*lib_a-mem*.o *libgcc.a:) .text*)
 .text.register_tm_clones
                0x100002bc       0x28 /Applications/ArmGNUToolchain/12.3.rel1/arm-none-eabi/bin/../lib/gcc/arm-none-eabi/12.3.1/thumb/v6-m/nofp/crtbegin.o
 .text.frame_dummy
                0x100002e4       0x24 /Applications/ArmGNUToolchain/12.3.rel1/arm-none-eabi/bin/../lib/gcc/arm-none-eabi/12.3.1/thumb/v6-m/nofp/crtbegin.o
 .text.main     0x10000308      0x134 sd_card/examples/SDWrite/CMakeFiles/SDWrite.dir/main.c.obj
                0x10000308                main
 .text.sd_get_num
                0x1000043c        0x4 sd_card/examples/SDWrite/CMakeFiles/SDWrite.dir/hw_config.c.obj
                0x1000043c                sd_get_num
 .text.sd_get_by_num
                0x10000440       0x20 sd_card/examples/SDWrite/CMakeFiles/SDWrite.dir/hw_config.c.obj
                0x10000440                sd_get_by_num
 .text.spi_get_num
                0x10000460        0x4 sd_card/examples/SDWrite/CMakeFiles/SDWrite.dir/hw_config.c.obj
                0x10000460                spi_get_num
 .text.spi_get_by_num
                0x10000464       0x1c sd_card/examples/SDWrite/CMakeFiles/SDWrite.dir/hw_config.c.obj
                0x10000464                spi_get_by_num
 .text.gpio_set_function
                0x10000480       0x30 sd_card/examples/SDWrite/CMakeFiles/SDWrite.dir/Users/hakan/VSCodeProjects/RP2040-ESP32C3-Development-Board/SW/pico-sdk/src/rp2_common/hardware_gpio/gpio.c.obj
                0x10000480                gpio_set_function
 .text.gpio_set_pulls
                0x100004b0       0x34 sd_card/examples/SDWrite/CMakeFiles/SDWrite.dir/Users/hakan/VSCodeProjects/RP2040-ESP32C3-Development-Board/SW/pico-sdk/src/rp2_common/hardware_gpio/gpio.c.obj
                0x100004b0                gpio_set_pulls
 .text.gpio_set_drive_strength
                0x100004e4       0x20 sd_card/examples/SDWrite/CMakeFiles/SDWrite.dir/Users/hakan/VSCodeProjects/RP2040-ESP32C3-Development-Board/SW/pico-sdk/src/rp2_common/hardware_gpio/gpio.c.obj
                0x100004e4                gpio_set_drive_strength
 .text.gpio_init
                0x10000504       0x16 sd_card/examples/SDWrite/CMakeFiles/SDWrite.dir/Users/hakan/VSCodeProjects/RP2040-ESP32C3-Development-Board/SW/pico-sdk/src/rp2_common/hardware_gpio/gpio.c.obj
                0x10000504                gpio_init
 *fill*         0x1000051a        0x2 
 .text.running_on_fpga
                0x1000051c       0x14 sd_card/examples/SDWrite/CMakeFiles/SDWrite.dir/Users/hakan/VSCodeProjects/RP2040-ESP32C3-Development-Board/SW/pico-sdk/src/rp2_common/pico_platform/platform.c.obj
                0x1000051c                running_on_fpga
 .text.hw_claim_lock
                0x10000530       0x18 sd_card/examples/SDWrite/CMakeFiles/SDWrite.dir/Users/hakan/VSCodeProjects/RP2040-ESP32C3-Development-Board/SW/pico-sdk/src/rp2_common/hardware_claim/claim.c.obj
                0x10000530                hw_claim_lock
 .text.hw_claim_unlock
                0x10000548       0x14 sd_card/examples/SDWrite/CMakeFiles/SDWrite.dir/Users/hakan/VSCodeProjects/RP2040-ESP32C3-Development-Board/SW/pico-sdk/src/rp2_common/hardware_claim/claim.c.obj
                0x10000548                hw_claim_unlock
 .text.hw_claim_or_assert
                0x1000055c       0x32 sd_card/examples/SDWrite/CMakeFiles/SDWrite.dir/Users/hakan/VSCodeProjects/RP2040-ESP32C3-Development-Board/SW/pico-sdk/src/rp2_common/hardware_claim/claim.c.obj
                0x1000055c                hw_claim_or_assert
 .text.hw_claim_unused_from_range
                0x1000058e       0x50 sd_card/examples/SDWrite/CMakeFiles/SDWrite.dir/Users/hakan/VSCodeProjects/RP2040-ESP32C3-Development-Board/SW/pico-sdk/src/rp2_common/hardware_claim/claim.c.obj
                0x1000058e                hw_claim_unused_from_range
 *fill*         0x100005de        0x2 
 .text.spin_locks_reset
                0x100005e0       0x20 sd_card/examples/SDWrite/CMakeFiles/SDWrite.dir/Users/hakan/VSCodeProjects/RP2040-ESP32C3-Development-Board/SW/pico-sdk/src/rp2_common/hardware_sync/sync.c.obj
                0x100005e0                spin_locks_reset
 .text.next_striped_spin_lock_num
                0x10000600       0x1c sd_card/examples/SDWrite/CMakeFiles/SDWrite.dir/Users/hakan/VSCodeProjects/RP2040-ESP32C3-Development-Board/SW/pico-sdk/src/rp2_common/hardware_sync/sync.c.obj
                0x10000600                next_striped_spin_lock_num
 .text.set_raw_irq_handler_and_unlock
                0x1000061c       0x28 sd_card/examples/SDWrite/CMakeFiles/SDWrite.dir/Users/hakan/VSCodeProjects/RP2040-ESP32C3-Development-Board/SW/pico-sdk/src/rp2_common/hardware_irq/irq.c.obj
 .text.resolve_branch
                0x10000644       0x30 sd_card/examples/SDWrite/CMakeFiles/SDWrite.dir/Users/hakan/VSCodeProjects/RP2040-ESP32C3-Development-Board/SW/pico-sdk/src/rp2_common/hardware_irq/irq.c.obj
 .text.make_branch
                0x10000674       0x48 sd_card/examples/SDWrite/CMakeFiles/SDWrite.dir/Users/hakan/VSCodeProjects/RP2040-ESP32C3-Development-Board/SW/pico-sdk/src/rp2_common/hardware_irq/irq.c.obj
 .text.insert_branch_and_link
                0x100006bc       0x40 sd_card/examples/SDWrite/CMakeFiles/SDWrite.dir/Users/hakan/VSCodeProjects/RP2040-ESP32C3-Development-Board/SW/pico-sdk/src/rp2_common/hardware_irq/irq.c.obj
 .text.irq_is_enabled
                0x100006fc       0x18 sd_card/examples/SDWrite/CMakeFiles/SDWrite.dir/Users/hakan/VSCodeProjects/RP2040-ESP32C3-Development-Board/SW/pico-sdk/src/rp2_common/hardware_irq/irq.c.obj
                0x100006fc                irq_is_enabled
 .text.irq_set_mask_enabled
                0x10000714       0x20 sd_card/examples/SDWrite/CMakeFiles/SDWrite.dir/Users/hakan/VSCodeProjects/RP2040-ESP32C3-Development-Board/SW/pico-sdk/src/rp2_common/hardware_irq/irq.c.obj
                0x10000714                irq_set_mask_enabled
 .text.irq_set_enabled
                0x10000734        0xe sd_card/examples/SDWrite/CMakeFiles/SDWrite.dir/Users/hakan/VSCodeProjects/RP2040-ESP32C3-Development-Board/SW/pico-sdk/src/rp2_common/hardware_irq/irq.c.obj
                0x10000734                irq_set_enabled
 *fill*         0x10000742        0x2 
 .text.irq_get_vtable_handler
                0x10000744       0x10 sd_card/examples/SDWrite/CMakeFiles/SDWrite.dir/Users/hakan/VSCodeProjects/RP2040-ESP32C3-Development-Board/SW/pico-sdk/src/rp2_common/hardware_irq/irq.c.obj
                0x10000744                irq_get_vtable_handler
 .text.irq_set_exclusive_handler
                0x10000754       0x54 sd_card/examples/SDWrite/CMakeFiles/SDWrite.dir/Users/hakan/VSCodeProjects/RP2040-ESP32C3-Development-Board/SW/pico-sdk/src/rp2_common/hardware_irq/irq.c.obj
                0x10000754                irq_set_exclusive_handler
 .text.irq_add_shared_handler
                0x100007a8      0x210 sd_card/examples/SDWrite/CMakeFiles/SDWrite.dir/Users/hakan/VSCodeProjects/RP2040-ESP32C3-Development-Board/SW/pico-sdk/src/rp2_common/hardware_irq/irq.c.obj
                0x100007a8                irq_add_shared_handler
 .text.irq_remove_handler
                0x100009b8      0x188 sd_card/examples/SDWrite/CMakeFiles/SDWrite.dir/Users/hakan/VSCodeProjects/RP2040-ESP32C3-Development-Board/SW/pico-sdk/src/rp2_common/hardware_irq/irq.c.obj
                0x100009b8                irq_remove_handler
 .text.irq_add_tail_to_free_list
                0x10000b40       0xf0 sd_card/examples/SDWrite/CMakeFiles/SDWrite.dir/Users/hakan/VSCodeProjects/RP2040-ESP32C3-Development-Board/SW/pico-sdk/src/rp2_common/hardware_irq/irq.c.obj
                0x10000b40                irq_add_tail_to_free_list
 .text.irq_init_priorities
                0x10000c30       0x1c sd_card/examples/SDWrite/CMakeFiles/SDWrite.dir/Users/hakan/VSCodeProjects/RP2040-ESP32C3-Development-Board/SW/pico-sdk/src/rp2_common/hardware_irq/irq.c.obj
                0x10000c30                irq_init_priorities
 .text.update_us_since_boot
                0x10000c4c       0x24 sd_card/examples/SDWrite/CMakeFiles/SDWrite.dir/Users/hakan/VSCodeProjects/RP2040-ESP32C3-Development-Board/SW/pico-sdk/src/common/pico_sync/sem.c.obj
 .text.get_absolute_time
                0x10000c70       0x22 sd_card/examples/SDWrite/CMakeFiles/SDWrite.dir/Users/hakan/VSCodeProjects/RP2040-ESP32C3-Development-Board/SW/pico-sdk/src/common/pico_sync/sem.c.obj
 *fill*         0x10000c92        0x2 
 .text.delayed_by_ms
                0x10000c94       0x44 sd_card/examples/SDWrite/CMakeFiles/SDWrite.dir/Users/hakan/VSCodeProjects/RP2040-ESP32C3-Development-Board/SW/pico-sdk/src/common/pico_sync/sem.c.obj
 .text.make_timeout_time_ms
                0x10000cd8       0x20 sd_card/examples/SDWrite/CMakeFiles/SDWrite.dir/Users/hakan/VSCodeProjects/RP2040-ESP32C3-Development-Board/SW/pico-sdk/src/common/pico_sync/sem.c.obj
 .text.sem_init
                0x10000cf8       0x1e sd_card/examples/SDWrite/CMakeFiles/SDWrite.dir/Users/hakan/VSCodeProjects/RP2040-ESP32C3-Development-Board/SW/pico-sdk/src/common/pico_sync/sem.c.obj
                0x10000cf8                sem_init
 *fill*         0x10000d16        0x2 
 .text.lock_init
                0x10000d18       0x10 sd_card/examples/SDWrite/CMakeFiles/SDWrite.dir/Users/hakan/VSCodeProjects/RP2040-ESP32C3-Development-Board/SW/pico-sdk/src/common/pico_sync/lock_core.c.obj
                0x10000d18                lock_init
 .text.mutex_init
                0x10000d28       0x1a sd_card/examples/SDWrite/CMakeFiles/SDWrite.dir/Users/hakan/VSCodeProjects/RP2040-ESP32C3-Development-Board/SW/pico-sdk/src/common/pico_sync/mutex.c.obj
                0x10000d28                mutex_init
 .text.recursive_mutex_init
                0x10000d42       0x1e sd_card/examples/SDWrite/CMakeFiles/SDWrite.dir/Users/hakan/VSCodeProjects/RP2040-ESP32C3-Development-Board/SW/pico-sdk/src/common/pico_sync/mutex.c.obj
                0x10000d42                recursive_mutex_init
 .text.time_reached
                0x10000d60       0x28 sd_card/examples/SDWrite/CMakeFiles/SDWrite.dir/Users/hakan/VSCodeProjects/RP2040-ESP32C3-Development-Board/SW/pico-sdk/src/common/pico_time/time.c.obj
 .text.get_entry
                0x10000d88       0x38 sd_card/examples/SDWrite/CMakeFiles/SDWrite.dir/Users/hakan/VSCodeProjects/RP2040-ESP32C3-Development-Board/SW/pico-sdk/src/common/pico_time/time.c.obj
 .text.timer_pool_entry_comparator
                0x10000dc0       0x2e sd_card/examples/SDWrite/CMakeFiles/SDWrite.dir/Users/hakan/VSCodeProjects/RP2040-ESP32C3-Development-Board/SW/pico-sdk/src/common/pico_time/time.c.obj
                0x10000dc0                timer_pool_entry_comparator
 *fill*         0x10000dee        0x2 
 .text.update_us_since_boot
                0x10000df0       0x24 sd_card/examples/SDWrite/CMakeFiles/SDWrite.dir/Users/hakan/VSCodeProjects/RP2040-ESP32C3-Development-Board/SW/pico-sdk/src/common/pico_time/time.c.obj
 .text.delayed_by_us
                0x10000e14       0x34 sd_card/examples/SDWrite/CMakeFiles/SDWrite.dir/Users/hakan/VSCodeProjects/RP2040-ESP32C3-Development-Board/SW/pico-sdk/src/common/pico_time/time.c.obj
 .text.ph_get_node
                0x10000e48       0x30 sd_card/examples/SDWrite/CMakeFiles/SDWrite.dir/Users/hakan/VSCodeProjects/RP2040-ESP32C3-Development-Board/SW/pico-sdk/src/common/pico_time/time.c.obj
 .text.ph_contains_node
                0x10000e78       0x1e sd_card/examples/SDWrite/CMakeFiles/SDWrite.dir/Users/hakan/VSCodeProjects/RP2040-ESP32C3-Development-Board/SW/pico-sdk/src/common/pico_time/time.c.obj
 .text.ph_new_node
                0x10000e96       0x28 sd_card/examples/SDWrite/CMakeFiles/SDWrite.dir/Users/hakan/VSCodeProjects/RP2040-ESP32C3-Development-Board/SW/pico-sdk/src/common/pico_time/time.c.obj
 *fill*         0x10000ebe        0x2 
 .text.ph_add_child_node
                0x10000ec0       0x6c sd_card/examples/SDWrite/CMakeFiles/SDWrite.dir/Users/hakan/VSCodeProjects/RP2040-ESP32C3-Development-Board/SW/pico-sdk/src/common/pico_time/time.c.obj
 .text.ph_merge_nodes
                0x10000f2c       0x3e sd_card/examples/SDWrite/CMakeFiles/SDWrite.dir/Users/hakan/VSCodeProjects/RP2040-ESP32C3-Development-Board/SW/pico-sdk/src/common/pico_time/time.c.obj
 *fill*         0x10000f6a        0x2 
 .text.ph_insert_node
                0x10000f6c       0x3c sd_card/examples/SDWrite/CMakeFiles/SDWrite.dir/Users/hakan/VSCodeProjects/RP2040-ESP32C3-Development-Board/SW/pico-sdk/src/common/pico_time/time.c.obj
 .text.ph_free_node
                0x10000fa8       0x5c sd_card/examples/SDWrite/CMakeFiles/SDWrite.dir/Users/hakan/VSCodeProjects/RP2040-ESP32C3-Development-Board/SW/pico-sdk/src/common/pico_time/time.c.obj
 .text.get_entry_id_high
                0x10001004       0x30 sd_card/examples/SDWrite/CMakeFiles/SDWrite.dir/Users/hakan/VSCodeProjects/RP2040-ESP32C3-Development-Board/SW/pico-sdk/src/common/pico_time/time.c.obj
 .text.alarm_pool_post_alloc_init
                0x10001034       0x40 sd_card/examples/SDWrite/CMakeFiles/SDWrite.dir/Users/hakan/VSCodeProjects/RP2040-ESP32C3-Development-Board/SW/pico-sdk/src/common/pico_time/time.c.obj
 .text.sleep_until_callback
                0x10001074       0x30 sd_card/examples/SDWrite/CMakeFiles/SDWrite.dir/Users/hakan/VSCodeProjects/RP2040-ESP32C3-Development-Board/SW/pico-sdk/src/common/pico_time/time.c.obj
 .text.get_absolute_time
                0x100010a4       0x22 sd_card/examples/SDWrite/CMakeFiles/SDWrite.dir/Users/hakan/VSCodeProjects/RP2040-ESP32C3-Development-Board/SW/pico-sdk/src/common/pico_time/time.c.obj
 .text.make_timeout_time_us
                0x100010c6       0x24 sd_card/examples/SDWrite/CMakeFiles/SDWrite.dir/Users/hakan/VSCodeProjects/RP2040-ESP32C3-Development-Board/SW/pico-sdk/src/common/pico_time/time.c.obj
 *fill*         0x100010ea        0x2 
 .text.add_alarm_under_lock
                0x100010ec       0x94 sd_card/examples/SDWrite/CMakeFiles/SDWrite.dir/Users/hakan/VSCodeProjects/RP2040-ESP32C3-Development-Board/SW/pico-sdk/src/common/pico_time/time.c.obj
 .text.alarm_pool_alarm_callback
                0x10001180      0x210 sd_card/examples/SDWrite/CMakeFiles/SDWrite.dir/Users/hakan/VSCodeProjects/RP2040-ESP32C3-Development-Board/SW/pico-sdk/src/common/pico_time/time.c.obj
 .text.alarm_pool_init_default
                0x10001390       0x40 sd_card/examples/SDWrite/CMakeFiles/SDWrite.dir/Users/hakan/VSCodeProjects/RP2040-ESP32C3-Development-Board/SW/pico-sdk/src/common/pico_time/time.c.obj
                0x10001390                alarm_pool_init_default
 .text.alarm_pool_get_default
                0x100013d0       0x2c sd_card/examples/SDWrite/CMakeFiles/SDWrite.dir/Users/hakan/VSCodeProjects/RP2040-ESP32C3-Development-Board/SW/pico-sdk/src/common/pico_time/time.c.obj
                0x100013d0                alarm_pool_get_default
 .text.alarm_pool_add_alarm_at
                0x100013fc      0x10e sd_card/examples/SDWrite/CMakeFiles/SDWrite.dir/Users/hakan/VSCodeProjects/RP2040-ESP32C3-Development-Board/SW/pico-sdk/src/common/pico_time/time.c.obj
                0x100013fc                alarm_pool_add_alarm_at
 .text.add_alarm_at
                0x1000150a       0x2e sd_card/examples/SDWrite/CMakeFiles/SDWrite.dir/Users/hakan/VSCodeProjects/RP2040-ESP32C3-Development-Board/SW/pico-sdk/src/common/pico_time/time.c.obj
 .text.alarm_pool_cancel_alarm
                0x10001538       0xa8 sd_card/examples/SDWrite/CMakeFiles/SDWrite.dir/Users/hakan/VSCodeProjects/RP2040-ESP32C3-Development-Board/SW/pico-sdk/src/common/pico_time/time.c.obj
                0x10001538                alarm_pool_cancel_alarm
 .text.cancel_alarm
                0x100015e0       0x10 sd_card/examples/SDWrite/CMakeFiles/SDWrite.dir/Users/hakan/VSCodeProjects/RP2040-ESP32C3-Development-Board/SW/pico-sdk/src/common/pico_time/time.c.obj
 .text.sleep_until
                0x100015f0       0xb0 sd_card/examples/SDWrite/CMakeFiles/SDWrite.dir/Users/hakan/VSCodeProjects/RP2040-ESP32C3-Development-Board/SW/pico-sdk/src/common/pico_time/time.c.obj
                0x100015f0                sleep_until
 .text.sleep_us
                0x100016a0       0x1a sd_card/examples/SDWrite/CMakeFiles/SDWrite.dir/Users/hakan/VSCodeProjects/RP2040-ESP32C3-Development-Board/SW/pico-sdk/src/common/pico_time/time.c.obj
                0x100016a0                sleep_us
 .text.sleep_ms
                0x100016ba       0x14 sd_card/examples/SDWrite/CMakeFiles/SDWrite.dir/Users/hakan/VSCodeProjects/RP2040-ESP32C3-Development-Board/SW/pico-sdk/src/common/pico_time/time.c.obj
                0x100016ba                sleep_ms
 *fill*         0x100016ce        0x2 
 .text.best_effort_wfe_or_timeout
                0x100016d0       0x44 sd_card/examples/SDWrite/CMakeFiles/SDWrite.dir/Users/hakan/VSCodeProjects/RP2040-ESP32C3-Development-Board/SW/pico-sdk/src/common/pico_time/time.c.obj
                0x100016d0                best_effort_wfe_or_timeout
 .text.update_us_since_boot
                0x10001714       0x24 sd_card/examples/SDWrite/CMakeFiles/SDWrite.dir/Users/hakan/VSCodeProjects/RP2040-ESP32C3-Development-Board/SW/pico-sdk/src/rp2_common/hardware_timer/timer.c.obj
 .text.hardware_alarm_irq_handler
                0x10001738       0x8c sd_card/examples/SDWrite/CMakeFiles/SDWrite.dir/Users/hakan/VSCodeProjects/RP2040-ESP32C3-Development-Board/SW/pico-sdk/src/rp2_common/hardware_timer/timer.c.obj
 .text.hardware_alarm_claim
                0x100017c4       0x18 sd_card/examples/SDWrite/CMakeFiles/SDWrite.dir/Users/hakan/VSCodeProjects/RP2040-ESP32C3-Development-Board/SW/pico-sdk/src/rp2_common/hardware_timer/timer.c.obj
                0x100017c4                hardware_alarm_claim
 .text.time_us_64
                0x100017dc       0x18 sd_card/examples/SDWrite/CMakeFiles/SDWrite.dir/Users/hakan/VSCodeProjects/RP2040-ESP32C3-Development-Board/SW/pico-sdk/src/rp2_common/hardware_timer/timer.c.obj
                0x100017dc                time_us_64
 .text.busy_wait_until
                0x100017f4       0x28 sd_card/examples/SDWrite/CMakeFiles/SDWrite.dir/Users/hakan/VSCodeProjects/RP2040-ESP32C3-Development-Board/SW/pico-sdk/src/rp2_common/hardware_timer/timer.c.obj
                0x100017f4                busy_wait_until
 .text.busy_wait_us
                0x1000181c       0x3a sd_card/examples/SDWrite/CMakeFiles/SDWrite.dir/Users/hakan/VSCodeProjects/RP2040-ESP32C3-Development-Board/SW/pico-sdk/src/rp2_common/hardware_timer/timer.c.obj
                0x1000181c                busy_wait_us
 *fill*         0x10001856        0x2 
 .text.hardware_alarm_set_callback
                0x10001858       0x90 sd_card/examples/SDWrite/CMakeFiles/SDWrite.dir/Users/hakan/VSCodeProjects/RP2040-ESP32C3-Development-Board/SW/pico-sdk/src/rp2_common/hardware_timer/timer.c.obj
                0x10001858                hardware_alarm_set_callback
 .text.hardware_alarm_set_target
                0x100018e8       0xe8 sd_card/examples/SDWrite/CMakeFiles/SDWrite.dir/Users/hakan/VSCodeProjects/RP2040-ESP32C3-Development-Board/SW/pico-sdk/src/rp2_common/hardware_timer/timer.c.obj
                0x100018e8                hardware_alarm_set_target
 .text.hardware_alarm_cancel
                0x100019d0       0x40 sd_card/examples/SDWrite/CMakeFiles/SDWrite.dir/Users/hakan/VSCodeProjects/RP2040-ESP32C3-Development-Board/SW/pico-sdk/src/rp2_common/hardware_timer/timer.c.obj
                0x100019d0                hardware_alarm_cancel
 .text.ph_get_node
                0x10001a10       0x30 sd_card/examples/SDWrite/CMakeFiles/SDWrite.dir/Users/hakan/VSCodeProjects/RP2040-ESP32C3-Development-Board/SW/pico-sdk/src/common/pico_util/pheap.c.obj
 .text.ph_add_child_node
                0x10001a40       0x6c sd_card/examples/SDWrite/CMakeFiles/SDWrite.dir/Users/hakan/VSCodeProjects/RP2040-ESP32C3-Development-Board/SW/pico-sdk/src/common/pico_util/pheap.c.obj
 .text.ph_merge_nodes
                0x10001aac       0x3e sd_card/examples/SDWrite/CMakeFiles/SDWrite.dir/Users/hakan/VSCodeProjects/RP2040-ESP32C3-Development-Board/SW/pico-sdk/src/common/pico_util/pheap.c.obj
 .text.ph_clear
                0x10001aea       0x34 sd_card/examples/SDWrite/CMakeFiles/SDWrite.dir/Users/hakan/VSCodeProjects/RP2040-ESP32C3-Development-Board/SW/pico-sdk/src/common/pico_util/pheap.c.obj
                0x10001aea                ph_clear
 .text.ph_post_alloc_init
                0x10001b1e        0xe sd_card/examples/SDWrite/CMakeFiles/SDWrite.dir/Users/hakan/VSCodeProjects/RP2040-ESP32C3-Development-Board/SW/pico-sdk/src/common/pico_util/pheap.c.obj
                0x10001b1e                ph_post_alloc_init
 .text.ph_merge_two_pass
                0x10001b2c       0x5c sd_card/examples/SDWrite/CMakeFiles/SDWrite.dir/Users/hakan/VSCodeProjects/RP2040-ESP32C3-Development-Board/SW/pico-sdk/src/common/pico_util/pheap.c.obj
                0x10001b2c                ph_merge_two_pass
 .text.ph_remove_any_head
                0x10001b88       0xc0 sd_card/examples/SDWrite/CMakeFiles/SDWrite.dir/Users/hakan/VSCodeProjects/RP2040-ESP32C3-Development-Board/SW/pico-sdk/src/common/pico_util/pheap.c.obj
 .text.ph_remove_head
                0x10001c48       0x14 sd_card/examples/SDWrite/CMakeFiles/SDWrite.dir/Users/hakan/VSCodeProjects/RP2040-ESP32C3-Development-Board/SW/pico-sdk/src/common/pico_util/pheap.c.obj
                0x10001c48                ph_remove_head
 .text.ph_remove_and_free_node
                0x10001c5c       0xa0 sd_card/examples/SDWrite/CMakeFiles/SDWrite.dir/Users/hakan/VSCodeProjects/RP2040-ESP32C3-Development-Board/SW/pico-sdk/src/common/pico_util/pheap.c.obj
                0x10001c5c                ph_remove_and_free_node
 .text.clock_configure
                0x10001cfc      0x108 sd_card/examples/SDWrite/CMakeFiles/SDWrite.dir/Users/hakan/VSCodeProjects/RP2040-ESP32C3-Development-Board/SW/pico-sdk/src/rp2_common/hardware_clocks/clocks.c.obj
                0x10001cfc                clock_configure
 .text.clocks_init
                0x10001e04      0x100 sd_card/examples/SDWrite/CMakeFiles/SDWrite.dir/Users/hakan/VSCodeProjects/RP2040-ESP32C3-Development-Board/SW/pico-sdk/src/rp2_common/hardware_clocks/clocks.c.obj
                0x10001e04                clocks_init
 .text.clock_get_hz
                0x10001f04        0xc sd_card/examples/SDWrite/CMakeFiles/SDWrite.dir/Users/hakan/VSCodeProjects/RP2040-ESP32C3-Development-Board/SW/pico-sdk/src/rp2_common/hardware_clocks/clocks.c.obj
                0x10001f04                clock_get_hz
 .text.pll_init
                0x10001f10      0x120 sd_card/examples/SDWrite/CMakeFiles/SDWrite.dir/Users/hakan/VSCodeProjects/RP2040-ESP32C3-Development-Board/SW/pico-sdk/src/rp2_common/hardware_pll/pll.c.obj
                0x10001f10                pll_init
 .text.watchdog_start_tick
                0x10002030       0x10 sd_card/examples/SDWrite/CMakeFiles/SDWrite.dir/Users/hakan/VSCodeProjects/RP2040-ESP32C3-Development-Board/SW/pico-sdk/src/rp2_common/hardware_watchdog/watchdog.c.obj
                0x10002030                watchdog_start_tick
 .text.xosc_init
                0x10002040       0x28 sd_card/examples/SDWrite/CMakeFiles/SDWrite.dir/Users/hakan/VSCodeProjects/RP2040-ESP32C3-Development-Board/SW/pico-sdk/src/rp2_common/hardware_xosc/xosc.c.obj
                0x10002040                xosc_init
 .text._exit    0x10002068        0x4 sd_card/examples/SDWrite/CMakeFiles/SDWrite.dir/Users/hakan/VSCodeProjects/RP2040-ESP32C3-Development-Board/SW/pico-sdk/src/rp2_common/pico_runtime/runtime.c.obj
                0x10002068                _exit
 .text._sbrk    0x1000206c       0x38 sd_card/examples/SDWrite/CMakeFiles/SDWrite.dir/Users/hakan/VSCodeProjects/RP2040-ESP32C3-Development-Board/SW/pico-sdk/src/rp2_common/pico_runtime/runtime.c.obj
                0x1000206c                _sbrk
 .text.exit     0x100020a4        0x6 sd_card/examples/SDWrite/CMakeFiles/SDWrite.dir/Users/hakan/VSCodeProjects/RP2040-ESP32C3-Development-Board/SW/pico-sdk/src/rp2_common/pico_runtime/runtime.c.obj
                0x100020a4                exit
 *fill*         0x100020aa        0x2 
 .text.__assert_func
                0x100020ac       0x38 sd_card/examples/SDWrite/CMakeFiles/SDWrite.dir/Users/hakan/VSCodeProjects/RP2040-ESP32C3-Development-Board/SW/pico-sdk/src/rp2_common/pico_runtime/runtime.c.obj
                0x100020ac                __assert_func
 .text.runtime_init
                0x100020e4       0xf8 sd_card/examples/SDWrite/CMakeFiles/SDWrite.dir/Users/hakan/VSCodeProjects/RP2040-ESP32C3-Development-Board/SW/pico-sdk/src/rp2_common/pico_runtime/runtime.c.obj
                0x100020e4                runtime_init
 .text.panic    0x100021dc       0x30 sd_card/examples/SDWrite/CMakeFiles/SDWrite.dir/Users/hakan/VSCodeProjects/RP2040-ESP32C3-Development-Board/SW/pico-sdk/src/rp2_common/pico_runtime/runtime.c.obj
                0x100021dc                panic
 .text._out_buffer
                0x1000220c        0x8 sd_card/examples/SDWrite/CMakeFiles/SDWrite.dir/Users/hakan/VSCodeProjects/RP2040-ESP32C3-Development-Board/SW/pico-sdk/src/rp2_common/pico_printf/printf.c.obj
 .text._out_null
                0x10002214        0x2 sd_card/examples/SDWrite/CMakeFiles/SDWrite.dir/Users/hakan/VSCodeProjects/RP2040-ESP32C3-Development-Board/SW/pico-sdk/src/rp2_common/pico_printf/printf.c.obj
 .text._out_fct
                0x10002216        0xe sd_card/examples/SDWrite/CMakeFiles/SDWrite.dir/Users/hakan/VSCodeProjects/RP2040-ESP32C3-Development-Board/SW/pico-sdk/src/rp2_common/pico_printf/printf.c.obj
 .text._atoi    0x10002224       0x24 sd_card/examples/SDWrite/CMakeFiles/SDWrite.dir/Users/hakan/VSCodeProjects/RP2040-ESP32C3-Development-Board/SW/pico-sdk/src/rp2_common/pico_printf/printf.c.obj
 .text._out_rev
                0x10002248       0xae sd_card/examples/SDWrite/CMakeFiles/SDWrite.dir/Users/hakan/VSCodeProjects/RP2040-ESP32C3-Development-Board/SW/pico-sdk/src/rp2_common/pico_printf/printf.c.obj
 .text._ntoa_format
                0x100022f6      0x110 sd_card/examples/SDWrite/CMakeFiles/SDWrite.dir/Users/hakan/VSCodeProjects/RP2040-ESP32C3-Development-Board/SW/pico-sdk/src/rp2_common/pico_printf/printf.c.obj
 .text._ntoa_long
                0x10002406       0xbc sd_card/examples/SDWrite/CMakeFiles/SDWrite.dir/Users/hakan/VSCodeProjects/RP2040-ESP32C3-Development-Board/SW/pico-sdk/src/rp2_common/pico_printf/printf.c.obj
 .text._ntoa_long_long
                0x100024c2      0x10e sd_card/examples/SDWrite/CMakeFiles/SDWrite.dir/Users/hakan/VSCodeProjects/RP2040-ESP32C3-Development-Board/SW/pico-sdk/src/rp2_common/pico_printf/printf.c.obj
 .text._etoa    0x100025d0      0x420 sd_card/examples/SDWrite/CMakeFiles/SDWrite.dir/Users/hakan/VSCodeProjects/RP2040-ESP32C3-Development-Board/SW/pico-sdk/src/rp2_common/pico_printf/printf.c.obj
 .text._ftoa    0x100029f0      0x354 sd_card/examples/SDWrite/CMakeFiles/SDWrite.dir/Users/hakan/VSCodeProjects/RP2040-ESP32C3-Development-Board/SW/pico-sdk/src/rp2_common/pico_printf/printf.c.obj
 .text._vsnprintf
                0x10002d44      0x65c sd_card/examples/SDWrite/CMakeFiles/SDWrite.dir/Users/hakan/VSCodeProjects/RP2040-ESP32C3-Development-Board/SW/pico-sdk/src/rp2_common/pico_printf/printf.c.obj
 .text.__wrap_vsnprintf
                0x100033a0       0x1c sd_card/examples/SDWrite/CMakeFiles/SDWrite.dir/Users/hakan/VSCodeProjects/RP2040-ESP32C3-Development-Board/SW/pico-sdk/src/rp2_common/pico_printf/printf.c.obj
                0x100033a0                __wrap_vsnprintf
 .text.vfctprintf
                0x100033bc       0x20 sd_card/examples/SDWrite/CMakeFiles/SDWrite.dir/Users/hakan/VSCodeProjects/RP2040-ESP32C3-Development-Board/SW/pico-sdk/src/rp2_common/pico_printf/printf.c.obj
                0x100033bc                vfctprintf
 .text          0x100033dc       0x10 sd_card/examples/SDWrite/CMakeFiles/SDWrite.dir/Users/hakan/VSCodeProjects/RP2040-ESP32C3-Development-Board/SW/pico-sdk/src/rp2_common/pico_bit_ops/bit_ops_aeabi.S.obj
 .text.rom_func_lookup
                0x100033ec       0x10 sd_card/examples/SDWrite/CMakeFiles/SDWrite.dir/Users/hakan/VSCodeProjects/RP2040-ESP32C3-Development-Board/SW/pico-sdk/src/rp2_common/pico_bootrom/bootrom.c.obj
                0x100033ec                rom_func_lookup
 .text.rom_data_lookup
                0x100033fc       0x10 sd_card/examples/SDWrite/CMakeFiles/SDWrite.dir/Users/hakan/VSCodeProjects/RP2040-ESP32C3-Development-Board/SW/pico-sdk/src/rp2_common/pico_bootrom/bootrom.c.obj
                0x100033fc                rom_data_lookup
 .text.rom_funcs_lookup
                0x1000340c       0x36 sd_card/examples/SDWrite/CMakeFiles/SDWrite.dir/Users/hakan/VSCodeProjects/RP2040-ESP32C3-Development-Board/SW/pico-sdk/src/rp2_common/pico_bootrom/bootrom.c.obj
                0x1000340c                rom_funcs_lookup
 *fill*         0x10003442        0x2 
 .text.__wrap___aeabi_idiv
                0x10003444       0x50 sd_card/examples/SDWrite/CMakeFiles/SDWrite.dir/Users/hakan/VSCodeProjects/RP2040-ESP32C3-Development-Board/SW/pico-sdk/src/rp2_common/pico_divider/divider.S.obj
                0x10003444                __wrap___aeabi_idivmod
                0x10003444                divmod_s32s32
                0x10003444                div_s32s32
                0x10003444                __wrap___aeabi_idiv
                0x1000344c                divmod_s32s32_unsafe
                0x10003478                divmod_s32s32_savestate
 .text.__wrap___aeabi_uidiv
                0x10003494       0x4c sd_card/examples/SDWrite/CMakeFiles/SDWrite.dir/Users/hakan/VSCodeProjects/RP2040-ESP32C3-Development-Board/SW/pico-sdk/src/rp2_common/pico_divider/divider.S.obj
                0x10003494                __wrap___aeabi_uidiv
                0x10003494                __wrap___aeabi_uidivmod
                0x10003494                div_u32u32
                0x10003494                divmod_u32u32
                0x1000349c                divmod_u32u32_unsafe
                0x100034c4                divmod_u32u32_savestate
 .text.__wrap___aeabi_ldiv
                0x100034e0      0x424 sd_card/examples/SDWrite/CMakeFiles/SDWrite.dir/Users/hakan/VSCodeProjects/RP2040-ESP32C3-Development-Board/SW/pico-sdk/src/rp2_common/pico_divider/divider.S.obj
                0x100034e0                __wrap___aeabi_ldivmod
                0x100034e0                div_s64s64
                0x100034e0                divmod_s64s64
                0x10003510                divmod_u64u64
                0x10003510                div_u64u64
                0x10003510                __wrap___aeabi_uldivmod
                0x10003520                divmod_u64u64_savestate
                0x10003540                divmod_s64s64_unsafe
                0x100035c8                divmod_u64u64_unsafe
 .text.__wrap___aeabi_darithmetic
                0x10003904       0x80 sd_card/examples/SDWrite/CMakeFiles/SDWrite.dir/Users/hakan/VSCodeProjects/RP2040-ESP32C3-Development-Board/SW/pico-sdk/src/rp2_common/pico_double/double_aeabi.S.obj
                0x10003904                __wrap___aeabi_drsub
                0x1000390a                __wrap___aeabi_dsub
                0x1000391c                __wrap___aeabi_dadd
                0x1000392e                __wrap___aeabi_ddiv
                0x1000396a                __wrap___aeabi_dmul
 .text.__wrap___aeabi_cdcmple
                0x10003984       0x6c sd_card/examples/SDWrite/CMakeFiles/SDWrite.dir/Users/hakan/VSCodeProjects/RP2040-ESP32C3-Development-Board/SW/pico-sdk/src/rp2_common/pico_double/double_aeabi.S.obj
                0x10003984                __wrap___aeabi_cdrcmple
                0x10003994                __wrap___aeabi_cdcmple
                0x10003994                __wrap___aeabi_cdcmpeq
 .text.__wrap___aeabi_dcmpeq
                0x100039f0       0x10 sd_card/examples/SDWrite/CMakeFiles/SDWrite.dir/Users/hakan/VSCodeProjects/RP2040-ESP32C3-Development-Board/SW/pico-sdk/src/rp2_common/pico_double/double_aeabi.S.obj
                0x100039f0                __wrap___aeabi_dcmpeq
 .text.__wrap___aeabi_dcmplt
                0x10003a00        0xc sd_card/examples/SDWrite/CMakeFiles/SDWrite.dir/Users/hakan/VSCodeProjects/RP2040-ESP32C3-Development-Board/SW/pico-sdk/src/rp2_common/pico_double/double_aeabi.S.obj
                0x10003a00                __wrap___aeabi_dcmplt
 .text.__wrap___aeabi_dcmple
                0x10003a0c       0x10 sd_card/examples/SDWrite/CMakeFiles/SDWrite.dir/Users/hakan/VSCodeProjects/RP2040-ESP32C3-Development-Board/SW/pico-sdk/src/rp2_common/pico_double/double_aeabi.S.obj
                0x10003a0c                __wrap___aeabi_dcmple
 .text.__wrap___aeabi_dcmpge
                0x10003a1c       0x10 sd_card/examples/SDWrite/CMakeFiles/SDWrite.dir/Users/hakan/VSCodeProjects/RP2040-ESP32C3-Development-Board/SW/pico-sdk/src/rp2_common/pico_double/double_aeabi.S.obj
                0x10003a1c                __wrap___aeabi_dcmpge
 .text.__wrap___aeabi_dcmpgt
                0x10003a2c        0xa sd_card/examples/SDWrite/CMakeFiles/SDWrite.dir/Users/hakan/VSCodeProjects/RP2040-ESP32C3-Development-Board/SW/pico-sdk/src/rp2_common/pico_double/double_aeabi.S.obj
                0x10003a2c                __wrap___aeabi_dcmpgt
 .text.__wrap___aeabi_dcmpun
                0x10003a36       0x1c sd_card/examples/SDWrite/CMakeFiles/SDWrite.dir/Users/hakan/VSCodeProjects/RP2040-ESP32C3-Development-Board/SW/pico-sdk/src/rp2_common/pico_double/double_aeabi.S.obj
                0x10003a36                __wrap___aeabi_dcmpun
 *fill*         0x10003a52        0x2 
 .text.__wrap___aeabi_i2d
                0x10003a54       0x38 sd_card/examples/SDWrite/CMakeFiles/SDWrite.dir/Users/hakan/VSCodeProjects/RP2040-ESP32C3-Development-Board/SW/pico-sdk/src/rp2_common/pico_double/double_aeabi.S.obj
                0x10003a54                __wrap___aeabi_ui2d
                0x10003a5c                __wrap___aeabi_i2d
 .text.__wrap___aeabi_d2iz
                0x10003a8c       0x48 sd_card/examples/SDWrite/CMakeFiles/SDWrite.dir/Users/hakan/VSCodeProjects/RP2040-ESP32C3-Development-Board/SW/pico-sdk/src/rp2_common/pico_double/double_aeabi.S.obj
                0x10003a8c                __wrap___aeabi_d2iz
                0x10003a8c                double2int_z
 .text.__wrap___aeabi_d2uiz
                0x10003ad4       0x18 sd_card/examples/SDWrite/CMakeFiles/SDWrite.dir/Users/hakan/VSCodeProjects/RP2040-ESP32C3-Development-Board/SW/pico-sdk/src/rp2_common/pico_double/double_aeabi.S.obj
                0x10003ad4                double2uint
                0x10003ad4                __wrap___aeabi_d2uiz
 .text.__aeabi_double_init
                0x10003aec       0xcc sd_card/examples/SDWrite/CMakeFiles/SDWrite.dir/Users/hakan/VSCodeProjects/RP2040-ESP32C3-Development-Board/SW/pico-sdk/src/rp2_common/pico_double/double_init_rom.c.obj
                0x10003aec                __aeabi_double_init
 .text.double_table_shim_on_use_helper
                0x10003bb8       0x34 sd_card/examples/SDWrite/CMakeFiles/SDWrite.dir/Users/hakan/VSCodeProjects/RP2040-ESP32C3-Development-Board/SW/pico-sdk/src/rp2_common/pico_double/double_v1_rom_shim.S.obj
                0x10003bb8                double_table_shim_on_use_helper
 .text.__wrap___aeabi_dsub
                0x10003bec       0x10 sd_card/examples/SDWrite/CMakeFiles/SDWrite.dir/Users/hakan/VSCodeProjects/RP2040-ESP32C3-Development-Board/SW/pico-sdk/src/rp2_common/pico_double/double_v1_rom_shim.S.obj
                0x10003bec                drsub_shim
                0x10003bf2                dsub_shim
 .text.dadd_shim
                0x10003bfc      0x15c sd_card/examples/SDWrite/CMakeFiles/SDWrite.dir/Users/hakan/VSCodeProjects/RP2040-ESP32C3-Development-Board/SW/pico-sdk/src/rp2_common/pico_double/double_v1_rom_shim.S.obj
                0x10003bfc                dadd_shim
 .text.dmul_shim
                0x10003d58      0x15c sd_card/examples/SDWrite/CMakeFiles/SDWrite.dir/Users/hakan/VSCodeProjects/RP2040-ESP32C3-Development-Board/SW/pico-sdk/src/rp2_common/pico_double/double_v1_rom_shim.S.obj
                0x10003d58                dmul_shim
 .text.ddiv_shim
                0x10003eb4      0x1b0 sd_card/examples/SDWrite/CMakeFiles/SDWrite.dir/Users/hakan/VSCodeProjects/RP2040-ESP32C3-Development-Board/SW/pico-sdk/src/rp2_common/pico_double/double_v1_rom_shim.S.obj
                0x10003eb4                ddiv_shim
 .text.double2uint_shim
                0x10004064        0xe sd_card/examples/SDWrite/CMakeFiles/SDWrite.dir/Users/hakan/VSCodeProjects/RP2040-ESP32C3-Development-Board/SW/pico-sdk/src/rp2_common/pico_double/double_v1_rom_shim.S.obj
                0x10004064                double2uint_shim
                0x10004066                double2ufix_shim
 *fill*         0x10004072        0x2 
 .text.double2uint64_shim
                0x10004074       0x70 sd_card/examples/SDWrite/CMakeFiles/SDWrite.dir/Users/hakan/VSCodeProjects/RP2040-ESP32C3-Development-Board/SW/pico-sdk/src/rp2_common/pico_double/double_v1_rom_shim.S.obj
                0x10004074                double2uint64_shim
                0x10004076                double2ufix64_shim
                0x10004096                d2fix_a
 .text.dunpacks
                0x100040e4       0x3c sd_card/examples/SDWrite/CMakeFiles/SDWrite.dir/Users/hakan/VSCodeProjects/RP2040-ESP32C3-Development-Board/SW/pico-sdk/src/rp2_common/pico_double/double_v1_rom_shim.S.obj
                0x100040e4                dunpacks
 .text.__aeabi_lmul
                0x10004120       0x32 sd_card/examples/SDWrite/CMakeFiles/SDWrite.dir/Users/hakan/VSCodeProjects/RP2040-ESP32C3-Development-Board/SW/pico-sdk/src/rp2_common/pico_int64_ops/pico_int64_ops_aeabi.S.obj
                0x10004120                __wrap___aeabi_lmul
 *fill*         0x10004152        0x2 
 .text.__aeabi_float_init
                0x10004154       0xfc sd_card/examples/SDWrite/CMakeFiles/SDWrite.dir/Users/hakan/VSCodeProjects/RP2040-ESP32C3-Development-Board/SW/pico-sdk/src/rp2_common/pico_float/float_init_rom.c.obj
                0x10004154                __aeabi_float_init
 .text.float_table_shim_on_use_helper
                0x10004250       0x34 sd_card/examples/SDWrite/CMakeFiles/SDWrite.dir/Users/hakan/VSCodeProjects/RP2040-ESP32C3-Development-Board/SW/pico-sdk/src/rp2_common/pico_float/float_v1_rom_shim.S.obj
                0x10004250                float_table_shim_on_use_helper
 .text.check_alloc
                0x10004284       0x20 sd_card/examples/SDWrite/CMakeFiles/SDWrite.dir/Users/hakan/VSCodeProjects/RP2040-ESP32C3-Development-Board/SW/pico-sdk/src/rp2_common/pico_malloc/pico_malloc.c.obj
 .text.__wrap_malloc
                0x100042a4       0x14 sd_card/examples/SDWrite/CMakeFiles/SDWrite.dir/Users/hakan/VSCodeProjects/RP2040-ESP32C3-Development-Board/SW/pico-sdk/src/rp2_common/pico_malloc/pico_malloc.c.obj
                0x100042a4                __wrap_malloc
 .text.__wrap_free
                0x100042b8        0x8 sd_card/examples/SDWrite/CMakeFiles/SDWrite.dir/Users/hakan/VSCodeProjects/RP2040-ESP32C3-Development-Board/SW/pico-sdk/src/rp2_common/pico_malloc/pico_malloc.c.obj
                0x100042b8                __wrap_free
 .text          0x100042c0       0x10 sd_card/examples/SDWrite/CMakeFiles/SDWrite.dir/Users/hakan/VSCodeProjects/RP2040-ESP32C3-Development-Board/SW/pico-sdk/src/rp2_common/pico_mem_ops/mem_ops_aeabi.S.obj
                0x100042c0                __aeabi_mem_init
 .text.memset   0x100042d0        0xc sd_card/examples/SDWrite/CMakeFiles/SDWrite.dir/Users/hakan/VSCodeProjects/RP2040-ESP32C3-Development-Board/SW/pico-sdk/src/rp2_common/pico_mem_ops/mem_ops_aeabi.S.obj
                0x100042d0                __wrap_memset
 .text.memcpy   0x100042dc        0xc sd_card/examples/SDWrite/CMakeFiles/SDWrite.dir/Users/hakan/VSCodeProjects/RP2040-ESP32C3-Development-Board/SW/pico-sdk/src/rp2_common/pico_mem_ops/mem_ops_aeabi.S.obj
                0x100042dc                __wrap___aeabi_memcpy
                0x100042dc                __wrap_memcpy
 .text.time_reached
                0x100042e8       0x28 sd_card/examples/SDWrite/CMakeFiles/SDWrite.dir/Users/hakan/VSCodeProjects/RP2040-ESP32C3-Development-Board/SW/pico-sdk/src/rp2_common/pico_stdio/stdio.c.obj
 .text.stdio_out_chars_no_crlf
                0x10004310        0xe sd_card/examples/SDWrite/CMakeFiles/SDWrite.dir/Users/hakan/VSCodeProjects/RP2040-ESP32C3-Development-Board/SW/pico-sdk/src/rp2_common/pico_stdio/stdio.c.obj
 *fill*         0x1000431e        0x2 
 .text.stdio_out_chars_crlf
                0x10004320       0x80 sd_card/examples/SDWrite/CMakeFiles/SDWrite.dir/Users/hakan/VSCodeProjects/RP2040-ESP32C3-Development-Board/SW/pico-sdk/src/rp2_common/pico_stdio/stdio.c.obj
 .text.stdio_stack_buffer_flush
                0x100043a0       0x44 sd_card/examples/SDWrite/CMakeFiles/SDWrite.dir/Users/hakan/VSCodeProjects/RP2040-ESP32C3-Development-Board/SW/pico-sdk/src/rp2_common/pico_stdio/stdio.c.obj
 .text.stdio_buffered_printer
                0x100043e4       0x20 sd_card/examples/SDWrite/CMakeFiles/SDWrite.dir/Users/hakan/VSCodeProjects/RP2040-ESP32C3-Development-Board/SW/pico-sdk/src/rp2_common/pico_stdio/stdio.c.obj
 .text.update_us_since_boot
                0x10004404       0x24 sd_card/examples/SDWrite/CMakeFiles/SDWrite.dir/Users/hakan/VSCodeProjects/RP2040-ESP32C3-Development-Board/SW/pico-sdk/src/rp2_common/pico_stdio/stdio.c.obj
 .text.get_absolute_time
                0x10004428       0x22 sd_card/examples/SDWrite/CMakeFiles/SDWrite.dir/Users/hakan/VSCodeProjects/RP2040-ESP32C3-Development-Board/SW/pico-sdk/src/rp2_common/pico_stdio/stdio.c.obj
 *fill*         0x1000444a        0x2 
 .text.delayed_by_ms
                0x1000444c       0x44 sd_card/examples/SDWrite/CMakeFiles/SDWrite.dir/Users/hakan/VSCodeProjects/RP2040-ESP32C3-Development-Board/SW/pico-sdk/src/rp2_common/pico_stdio/stdio.c.obj
 .text.make_timeout_time_ms
                0x10004490       0x20 sd_card/examples/SDWrite/CMakeFiles/SDWrite.dir/Users/hakan/VSCodeProjects/RP2040-ESP32C3-Development-Board/SW/pico-sdk/src/rp2_common/pico_stdio/stdio.c.obj
 .text.stdio_get_until
                0x100044b0       0x64 sd_card/examples/SDWrite/CMakeFiles/SDWrite.dir/Users/hakan/VSCodeProjects/RP2040-ESP32C3-Development-Board/SW/pico-sdk/src/rp2_common/pico_stdio/stdio.c.obj
 .text.stdout_serialize_begin
                0x10004514       0x20 sd_card/examples/SDWrite/CMakeFiles/SDWrite.dir/Users/hakan/VSCodeProjects/RP2040-ESP32C3-Development-Board/SW/pico-sdk/src/rp2_common/pico_stdio/stdio.c.obj
                0x10004514                stdout_serialize_begin
 .text.stdout_serialize_end
                0x10004534       0x10 sd_card/examples/SDWrite/CMakeFiles/SDWrite.dir/Users/hakan/VSCodeProjects/RP2040-ESP32C3-Development-Board/SW/pico-sdk/src/rp2_common/pico_stdio/stdio.c.obj
                0x10004534                stdout_serialize_end
 .text.stdio_put_string
                0x10004544       0x98 sd_card/examples/SDWrite/CMakeFiles/SDWrite.dir/Users/hakan/VSCodeProjects/RP2040-ESP32C3-Development-Board/SW/pico-sdk/src/rp2_common/pico_stdio/stdio.c.obj
 .text._read    0x100045dc       0x24 sd_card/examples/SDWrite/CMakeFiles/SDWrite.dir/Users/hakan/VSCodeProjects/RP2040-ESP32C3-Development-Board/SW/pico-sdk/src/rp2_common/pico_stdio/stdio.c.obj
                0x100045dc                _read
 .text._write   0x10004600       0x22 sd_card/examples/SDWrite/CMakeFiles/SDWrite.dir/Users/hakan/VSCodeProjects/RP2040-ESP32C3-Development-Board/SW/pico-sdk/src/rp2_common/pico_stdio/stdio.c.obj
                0x10004600                _write
 .text._close   0x10004622        0x6 sd_card/examples/SDWrite/CMakeFiles/SDWrite.dir/Users/hakan/VSCodeProjects/RP2040-ESP32C3-Development-Board/SW/pico-sdk/src/rp2_common/pico_stdio/stdio.c.obj
                0x10004622                _close
 .text._lseek   0x10004628        0x6 sd_card/examples/SDWrite/CMakeFiles/SDWrite.dir/Users/hakan/VSCodeProjects/RP2040-ESP32C3-Development-Board/SW/pico-sdk/src/rp2_common/pico_stdio/stdio.c.obj
                0x10004628                _lseek
 *fill*         0x1000462e        0x2 
 .text.stdio_flush
                0x10004630       0x20 sd_card/examples/SDWrite/CMakeFiles/SDWrite.dir/Users/hakan/VSCodeProjects/RP2040-ESP32C3-Development-Board/SW/pico-sdk/src/rp2_common/pico_stdio/stdio.c.obj
                0x10004630                stdio_flush
 .text.__wrap_puts
                0x10004650       0x1e sd_card/examples/SDWrite/CMakeFiles/SDWrite.dir/Users/hakan/VSCodeProjects/RP2040-ESP32C3-Development-Board/SW/pico-sdk/src/rp2_common/pico_stdio/stdio.c.obj
                0x10004650                __wrap_puts
 *fill*         0x1000466e        0x2 
 .text.__wrap_vprintf
                0x10004670       0x40 sd_card/examples/SDWrite/CMakeFiles/SDWrite.dir/Users/hakan/VSCodeProjects/RP2040-ESP32C3-Development-Board/SW/pico-sdk/src/rp2_common/pico_stdio/stdio.c.obj
                0x10004670                __wrap_vprintf
 .text.__wrap_printf
                0x100046b0       0x18 sd_card/examples/SDWrite/CMakeFiles/SDWrite.dir/Users/hakan/VSCodeProjects/RP2040-ESP32C3-Development-Board/SW/pico-sdk/src/rp2_common/pico_stdio/stdio.c.obj
                0x100046b0                __wrap_printf
 .text.ff_memalloc
                0x100046c8        0x8 sd_card/examples/SDWrite/CMakeFiles/SDWrite.dir/__/__/__/libs/FatFS/FatFs_SPI/ff15/source/ffsystem.c.obj
                0x100046c8                ff_memalloc
 .text.ff_memfree
                0x100046d0        0x8 sd_card/examples/SDWrite/CMakeFiles/SDWrite.dir/__/__/__/libs/FatFS/FatFs_SPI/ff15/source/ffsystem.c.obj
                0x100046d0                ff_memfree
 .text.ff_uni2oem
                0x100046d8       0x44 sd_card/examples/SDWrite/CMakeFiles/SDWrite.dir/__/__/__/libs/FatFS/FatFs_SPI/ff15/source/ffunicode.c.obj
                0x100046d8                ff_uni2oem
 .text.ff_wtoupper
                0x1000471c       0xa8 sd_card/examples/SDWrite/CMakeFiles/SDWrite.dir/__/__/__/libs/FatFS/FatFs_SPI/ff15/source/ffunicode.c.obj
                0x1000471c                ff_wtoupper
 .text.ld_word  0x100047c4        0xa sd_card/examples/SDWrite/CMakeFiles/SDWrite.dir/__/__/__/libs/FatFS/FatFs_SPI/ff15/source/ff.c.obj
 .text.ld_dword
                0x100047ce       0x18 sd_card/examples/SDWrite/CMakeFiles/SDWrite.dir/__/__/__/libs/FatFS/FatFs_SPI/ff15/source/ff.c.obj
 .text.ld_qword
                0x100047e6       0x44 sd_card/examples/SDWrite/CMakeFiles/SDWrite.dir/__/__/__/libs/FatFS/FatFs_SPI/ff15/source/ff.c.obj
 .text.st_word  0x1000482a        0x8 sd_card/examples/SDWrite/CMakeFiles/SDWrite.dir/__/__/__/libs/FatFS/FatFs_SPI/ff15/source/ff.c.obj
 .text.st_dword
                0x10004832       0x10 sd_card/examples/SDWrite/CMakeFiles/SDWrite.dir/__/__/__/libs/FatFS/FatFs_SPI/ff15/source/ff.c.obj
 .text.st_qword
                0x10004842       0x1e sd_card/examples/SDWrite/CMakeFiles/SDWrite.dir/__/__/__/libs/FatFS/FatFs_SPI/ff15/source/ff.c.obj
 .text.dbc_1st  0x10004860        0x4 sd_card/examples/SDWrite/CMakeFiles/SDWrite.dir/__/__/__/libs/FatFS/FatFs_SPI/ff15/source/ff.c.obj
 .text.tchar2uni
                0x10004864       0xcc sd_card/examples/SDWrite/CMakeFiles/SDWrite.dir/__/__/__/libs/FatFS/FatFs_SPI/ff15/source/ff.c.obj
 .text.chk_share
                0x10004930       0x78 sd_card/examples/SDWrite/CMakeFiles/SDWrite.dir/__/__/__/libs/FatFS/FatFs_SPI/ff15/source/ff.c.obj
 .text.enq_share
                0x100049a8       0x20 sd_card/examples/SDWrite/CMakeFiles/SDWrite.dir/__/__/__/libs/FatFS/FatFs_SPI/ff15/source/ff.c.obj
 .text.inc_share
                0x100049c8       0xa8 sd_card/examples/SDWrite/CMakeFiles/SDWrite.dir/__/__/__/libs/FatFS/FatFs_SPI/ff15/source/ff.c.obj
 .text.dec_share
                0x10004a70       0x44 sd_card/examples/SDWrite/CMakeFiles/SDWrite.dir/__/__/__/libs/FatFS/FatFs_SPI/ff15/source/ff.c.obj
 .text.clear_share
                0x10004ab4       0x24 sd_card/examples/SDWrite/CMakeFiles/SDWrite.dir/__/__/__/libs/FatFS/FatFs_SPI/ff15/source/ff.c.obj
 .text.clst2sect
                0x10004ad8       0x28 sd_card/examples/SDWrite/CMakeFiles/SDWrite.dir/__/__/__/libs/FatFS/FatFs_SPI/ff15/source/ff.c.obj
 .text.clmt_clust
                0x10004b00       0x30 sd_card/examples/SDWrite/CMakeFiles/SDWrite.dir/__/__/__/libs/FatFS/FatFs_SPI/ff15/source/ff.c.obj
 .text.ld_clust
                0x10004b30       0x26 sd_card/examples/SDWrite/CMakeFiles/SDWrite.dir/__/__/__/libs/FatFS/FatFs_SPI/ff15/source/ff.c.obj
 .text.st_clust
                0x10004b56       0x26 sd_card/examples/SDWrite/CMakeFiles/SDWrite.dir/__/__/__/libs/FatFS/FatFs_SPI/ff15/source/ff.c.obj
 .text.pick_lfn
                0x10004b7c       0x94 sd_card/examples/SDWrite/CMakeFiles/SDWrite.dir/__/__/__/libs/FatFS/FatFs_SPI/ff15/source/ff.c.obj
 .text.put_lfn  0x10004c10       0x8c sd_card/examples/SDWrite/CMakeFiles/SDWrite.dir/__/__/__/libs/FatFS/FatFs_SPI/ff15/source/ff.c.obj
 .text.sum_sfn  0x10004c9c       0x20 sd_card/examples/SDWrite/CMakeFiles/SDWrite.dir/__/__/__/libs/FatFS/FatFs_SPI/ff15/source/ff.c.obj
 .text.xdir_sum
                0x10004cbc       0x2e sd_card/examples/SDWrite/CMakeFiles/SDWrite.dir/__/__/__/libs/FatFS/FatFs_SPI/ff15/source/ff.c.obj
 .text.init_alloc_info
                0x10004cea       0x2e sd_card/examples/SDWrite/CMakeFiles/SDWrite.dir/__/__/__/libs/FatFS/FatFs_SPI/ff15/source/ff.c.obj
 .text.get_ldnumber
                0x10004d18       0x5c sd_card/examples/SDWrite/CMakeFiles/SDWrite.dir/__/__/__/libs/FatFS/FatFs_SPI/ff15/source/ff.c.obj
 .text.crc32    0x10004d74       0x2c sd_card/examples/SDWrite/CMakeFiles/SDWrite.dir/__/__/__/libs/FatFS/FatFs_SPI/ff15/source/ff.c.obj
 .text.ilog10   0x10004da0       0xb0 sd_card/examples/SDWrite/CMakeFiles/SDWrite.dir/__/__/__/libs/FatFS/FatFs_SPI/ff15/source/ff.c.obj
 .text.i10x     0x10004e50       0x54 sd_card/examples/SDWrite/CMakeFiles/SDWrite.dir/__/__/__/libs/FatFS/FatFs_SPI/ff15/source/ff.c.obj
 .text.ftoa     0x10004ea4      0x2b0 sd_card/examples/SDWrite/CMakeFiles/SDWrite.dir/__/__/__/libs/FatFS/FatFs_SPI/ff15/source/ff.c.obj
 .text.validate
                0x10005154       0x52 sd_card/examples/SDWrite/CMakeFiles/SDWrite.dir/__/__/__/libs/FatFS/FatFs_SPI/ff15/source/ff.c.obj
 *fill*         0x100051a6        0x2 
 .text.test_gpt_header
                0x100051a8       0x7c sd_card/examples/SDWrite/CMakeFiles/SDWrite.dir/__/__/__/libs/FatFS/FatFs_SPI/ff15/source/ff.c.obj
 .text.sync_window
                0x10005224       0x70 sd_card/examples/SDWrite/CMakeFiles/SDWrite.dir/__/__/__/libs/FatFS/FatFs_SPI/ff15/source/ff.c.obj
 .text.move_window
                0x10005294       0x4c sd_card/examples/SDWrite/CMakeFiles/SDWrite.dir/__/__/__/libs/FatFS/FatFs_SPI/ff15/source/ff.c.obj
 .text.check_fs
                0x100052e0      0x100 sd_card/examples/SDWrite/CMakeFiles/SDWrite.dir/__/__/__/libs/FatFS/FatFs_SPI/ff15/source/ff.c.obj
 .text.find_volume
                0x100053e0      0x148 sd_card/examples/SDWrite/CMakeFiles/SDWrite.dir/__/__/__/libs/FatFS/FatFs_SPI/ff15/source/ff.c.obj
 .text.mount_volume
                0x10005528      0x558 sd_card/examples/SDWrite/CMakeFiles/SDWrite.dir/__/__/__/libs/FatFS/FatFs_SPI/ff15/source/ff.c.obj
 .text.find_bitmap
                0x10005a80       0xa6 sd_card/examples/SDWrite/CMakeFiles/SDWrite.dir/__/__/__/libs/FatFS/FatFs_SPI/ff15/source/ff.c.obj
 .text.change_bitmap
                0x10005b26       0xa0 sd_card/examples/SDWrite/CMakeFiles/SDWrite.dir/__/__/__/libs/FatFS/FatFs_SPI/ff15/source/ff.c.obj
 .text.put_fat  0x10005bc6      0x16e sd_card/examples/SDWrite/CMakeFiles/SDWrite.dir/__/__/__/libs/FatFS/FatFs_SPI/ff15/source/ff.c.obj
 .text.fill_last_frag
                0x10005d34       0x32 sd_card/examples/SDWrite/CMakeFiles/SDWrite.dir/__/__/__/libs/FatFS/FatFs_SPI/ff15/source/ff.c.obj
 .text.fill_first_frag
                0x10005d66       0x32 sd_card/examples/SDWrite/CMakeFiles/SDWrite.dir/__/__/__/libs/FatFS/FatFs_SPI/ff15/source/ff.c.obj
 .text.get_fat  0x10005d98      0x1a8 sd_card/examples/SDWrite/CMakeFiles/SDWrite.dir/__/__/__/libs/FatFS/FatFs_SPI/ff15/source/ff.c.obj
 .text.create_chain
                0x10005f40      0x1f2 sd_card/examples/SDWrite/CMakeFiles/SDWrite.dir/__/__/__/libs/FatFS/FatFs_SPI/ff15/source/ff.c.obj
 .text.dir_sdi  0x10006132       0xd4 sd_card/examples/SDWrite/CMakeFiles/SDWrite.dir/__/__/__/libs/FatFS/FatFs_SPI/ff15/source/ff.c.obj
 .text.remove_chain
                0x10006206      0x14a sd_card/examples/SDWrite/CMakeFiles/SDWrite.dir/__/__/__/libs/FatFS/FatFs_SPI/ff15/source/ff.c.obj
 .text.putc_init
                0x10006350       0x12 sd_card/examples/SDWrite/CMakeFiles/SDWrite.dir/__/__/__/libs/FatFS/FatFs_SPI/ff15/source/ff.c.obj
 .text.dir_clear
                0x10006362       0xf0 sd_card/examples/SDWrite/CMakeFiles/SDWrite.dir/__/__/__/libs/FatFS/FatFs_SPI/ff15/source/ff.c.obj
 .text.dir_next
                0x10006452      0x104 sd_card/examples/SDWrite/CMakeFiles/SDWrite.dir/__/__/__/libs/FatFS/FatFs_SPI/ff15/source/ff.c.obj
 .text.dir_alloc
                0x10006556       0x64 sd_card/examples/SDWrite/CMakeFiles/SDWrite.dir/__/__/__/libs/FatFS/FatFs_SPI/ff15/source/ff.c.obj
 .text.load_xdir
                0x100065ba      0x10c sd_card/examples/SDWrite/CMakeFiles/SDWrite.dir/__/__/__/libs/FatFS/FatFs_SPI/ff15/source/ff.c.obj
 .text.load_obj_xdir
                0x100066c6       0x34 sd_card/examples/SDWrite/CMakeFiles/SDWrite.dir/__/__/__/libs/FatFS/FatFs_SPI/ff15/source/ff.c.obj
 .text.dir_read
                0x100066fa      0x114 sd_card/examples/SDWrite/CMakeFiles/SDWrite.dir/__/__/__/libs/FatFS/FatFs_SPI/ff15/source/ff.c.obj
 *fill*         0x1000680e        0x2 
 .text.gen_numname
                0x10006810       0xac sd_card/examples/SDWrite/CMakeFiles/SDWrite.dir/__/__/__/libs/FatFS/FatFs_SPI/ff15/source/ff.c.obj
 .text.store_xdir
                0x100068bc       0x66 sd_card/examples/SDWrite/CMakeFiles/SDWrite.dir/__/__/__/libs/FatFS/FatFs_SPI/ff15/source/ff.c.obj
 *fill*         0x10006922        0x2 
 .text.create_name
                0x10006924      0x330 sd_card/examples/SDWrite/CMakeFiles/SDWrite.dir/__/__/__/libs/FatFS/FatFs_SPI/ff15/source/ff.c.obj
 .text.xname_sum
                0x10006c54       0x38 sd_card/examples/SDWrite/CMakeFiles/SDWrite.dir/__/__/__/libs/FatFS/FatFs_SPI/ff15/source/ff.c.obj
 .text.create_xdir
                0x10006c8c       0x90 sd_card/examples/SDWrite/CMakeFiles/SDWrite.dir/__/__/__/libs/FatFS/FatFs_SPI/ff15/source/ff.c.obj
 .text.cmp_lfn  0x10006d1c       0xb0 sd_card/examples/SDWrite/CMakeFiles/SDWrite.dir/__/__/__/libs/FatFS/FatFs_SPI/ff15/source/ff.c.obj
 .text.dir_find
                0x10006dcc      0x18c sd_card/examples/SDWrite/CMakeFiles/SDWrite.dir/__/__/__/libs/FatFS/FatFs_SPI/ff15/source/ff.c.obj
 .text.follow_path
                0x10006f58      0x118 sd_card/examples/SDWrite/CMakeFiles/SDWrite.dir/__/__/__/libs/FatFS/FatFs_SPI/ff15/source/ff.c.obj
 .text.dir_register
                0x10007070      0x204 sd_card/examples/SDWrite/CMakeFiles/SDWrite.dir/__/__/__/libs/FatFS/FatFs_SPI/ff15/source/ff.c.obj
 .text.sync_fs  0x10007274       0xa8 sd_card/examples/SDWrite/CMakeFiles/SDWrite.dir/__/__/__/libs/FatFS/FatFs_SPI/ff15/source/ff.c.obj
 .text.f_mount  0x1000731c       0x60 sd_card/examples/SDWrite/CMakeFiles/SDWrite.dir/__/__/__/libs/FatFS/FatFs_SPI/ff15/source/ff.c.obj
                0x1000731c                f_mount
 .text.f_open   0x1000737c      0x350 sd_card/examples/SDWrite/CMakeFiles/SDWrite.dir/__/__/__/libs/FatFS/FatFs_SPI/ff15/source/ff.c.obj
                0x1000737c                f_open
 .text.f_read   0x100076cc      0x242 sd_card/examples/SDWrite/CMakeFiles/SDWrite.dir/__/__/__/libs/FatFS/FatFs_SPI/ff15/source/ff.c.obj
                0x100076cc                f_read
 .text.f_write  0x1000790e      0x294 sd_card/examples/SDWrite/CMakeFiles/SDWrite.dir/__/__/__/libs/FatFS/FatFs_SPI/ff15/source/ff.c.obj
                0x1000790e                f_write
 .text.putc_bfd
                0x10007ba2      0x192 sd_card/examples/SDWrite/CMakeFiles/SDWrite.dir/__/__/__/libs/FatFS/FatFs_SPI/ff15/source/ff.c.obj
 .text.putc_flush
                0x10007d34       0x3c sd_card/examples/SDWrite/CMakeFiles/SDWrite.dir/__/__/__/libs/FatFS/FatFs_SPI/ff15/source/ff.c.obj
 .text.f_sync   0x10007d70      0x176 sd_card/examples/SDWrite/CMakeFiles/SDWrite.dir/__/__/__/libs/FatFS/FatFs_SPI/ff15/source/ff.c.obj
                0x10007d70                f_sync
 .text.f_close  0x10007ee6       0x2e sd_card/examples/SDWrite/CMakeFiles/SDWrite.dir/__/__/__/libs/FatFS/FatFs_SPI/ff15/source/ff.c.obj
                0x10007ee6                f_close
 .text.f_gets   0x10007f14      0x17c sd_card/examples/SDWrite/CMakeFiles/SDWrite.dir/__/__/__/libs/FatFS/FatFs_SPI/ff15/source/ff.c.obj
                0x10007f14                f_gets
 .text.f_printf
                0x10008090      0x404 sd_card/examples/SDWrite/CMakeFiles/SDWrite.dir/__/__/__/libs/FatFS/FatFs_SPI/ff15/source/ff.c.obj
                0x10008090                f_printf
 .text.sd_spi_deselect
                0x10008494       0x2c sd_card/examples/SDWrite/CMakeFiles/SDWrite.dir/__/__/__/libs/FatFS/FatFs_SPI/sd_driver/sd_spi.c.obj
 .text.sd_spi_select
                0x100084c0       0x2c sd_card/examples/SDWrite/CMakeFiles/SDWrite.dir/__/__/__/libs/FatFS/FatFs_SPI/sd_driver/sd_spi.c.obj
 .text.sd_spi_lock
                0x100084ec        0xa sd_card/examples/SDWrite/CMakeFiles/SDWrite.dir/__/__/__/libs/FatFS/FatFs_SPI/sd_driver/sd_spi.c.obj
 .text.sd_spi_unlock
                0x100084f6        0xa sd_card/examples/SDWrite/CMakeFiles/SDWrite.dir/__/__/__/libs/FatFS/FatFs_SPI/sd_driver/sd_spi.c.obj
 .text.update_us_since_boot
                0x10008500       0x24 sd_card/examples/SDWrite/CMakeFiles/SDWrite.dir/__/__/__/libs/FatFS/FatFs_SPI/sd_driver/sd_spi.c.obj
 .text.delayed_by_ms
                0x10008524       0x44 sd_card/examples/SDWrite/CMakeFiles/SDWrite.dir/__/__/__/libs/FatFS/FatFs_SPI/sd_driver/sd_spi.c.obj
 .text.get_absolute_time
                0x10008568       0x22 sd_card/examples/SDWrite/CMakeFiles/SDWrite.dir/__/__/__/libs/FatFS/FatFs_SPI/sd_driver/sd_spi.c.obj
 .text.make_timeout_time_ms
                0x1000858a       0x20 sd_card/examples/SDWrite/CMakeFiles/SDWrite.dir/__/__/__/libs/FatFS/FatFs_SPI/sd_driver/sd_spi.c.obj
 .text.sd_spi_go_high_frequency
                0x100085aa        0xe sd_card/examples/SDWrite/CMakeFiles/SDWrite.dir/__/__/__/libs/FatFS/FatFs_SPI/sd_driver/sd_spi.c.obj
                0x100085aa                sd_spi_go_high_frequency
 .text.sd_spi_go_low_frequency
                0x100085b8       0x14 sd_card/examples/SDWrite/CMakeFiles/SDWrite.dir/__/__/__/libs/FatFS/FatFs_SPI/sd_driver/sd_spi.c.obj
                0x100085b8                sd_spi_go_low_frequency
 .text.sd_spi_deselect_pulse
                0x100085cc       0x10 sd_card/examples/SDWrite/CMakeFiles/SDWrite.dir/__/__/__/libs/FatFS/FatFs_SPI/sd_driver/sd_spi.c.obj
                0x100085cc                sd_spi_deselect_pulse
 .text.sd_spi_acquire
                0x100085dc       0x10 sd_card/examples/SDWrite/CMakeFiles/SDWrite.dir/__/__/__/libs/FatFS/FatFs_SPI/sd_driver/sd_spi.c.obj
                0x100085dc                sd_spi_acquire
 .text.sd_spi_release
                0x100085ec       0x10 sd_card/examples/SDWrite/CMakeFiles/SDWrite.dir/__/__/__/libs/FatFS/FatFs_SPI/sd_driver/sd_spi.c.obj
                0x100085ec                sd_spi_release
 .text.sd_spi_transfer
                0x100085fc        0xa sd_card/examples/SDWrite/CMakeFiles/SDWrite.dir/__/__/__/libs/FatFS/FatFs_SPI/sd_driver/sd_spi.c.obj
                0x100085fc                sd_spi_transfer
 *fill*         0x10008606        0x2 
 .text.sd_spi_write
                0x10008608       0x44 sd_card/examples/SDWrite/CMakeFiles/SDWrite.dir/__/__/__/libs/FatFS/FatFs_SPI/sd_driver/sd_spi.c.obj
                0x10008608                sd_spi_write
 .text.sd_spi_send_initializing_sequence
                0x1000864c       0x72 sd_card/examples/SDWrite/CMakeFiles/SDWrite.dir/__/__/__/libs/FatFS/FatFs_SPI/sd_driver/sd_spi.c.obj
                0x1000864c                sd_spi_send_initializing_sequence
 .text.spi_get_by_rx_dma
                0x100086be       0x2a sd_card/examples/SDWrite/CMakeFiles/SDWrite.dir/__/__/__/libs/FatFS/FatFs_SPI/sd_driver/spi.c.obj
 .text.channel_config_set_chain_to
                0x100086e8       0x30 sd_card/examples/SDWrite/CMakeFiles/SDWrite.dir/__/__/__/libs/FatFS/FatFs_SPI/sd_driver/spi.c.obj
 .text.dma_channel_get_default_config
                0x10008718       0x74 sd_card/examples/SDWrite/CMakeFiles/SDWrite.dir/__/__/__/libs/FatFS/FatFs_SPI/sd_driver/spi.c.obj
 .text.channel_config_set_dreq
                0x1000878c       0x30 sd_card/examples/SDWrite/CMakeFiles/SDWrite.dir/__/__/__/libs/FatFS/FatFs_SPI/sd_driver/spi.c.obj
 .text.spi_lock
                0x100087bc       0x30 sd_card/examples/SDWrite/CMakeFiles/SDWrite.dir/__/__/__/libs/FatFS/FatFs_SPI/sd_driver/spi.c.obj
                0x100087bc                spi_lock
 .text.spi_unlock
                0x100087ec       0x30 sd_card/examples/SDWrite/CMakeFiles/SDWrite.dir/__/__/__/libs/FatFS/FatFs_SPI/sd_driver/spi.c.obj
                0x100087ec                spi_unlock
 .text.my_spi_init
                0x1000881c      0x1a8 sd_card/examples/SDWrite/CMakeFiles/SDWrite.dir/__/__/__/libs/FatFS/FatFs_SPI/sd_driver/spi.c.obj
                0x1000881c                my_spi_init
 .text.ext_bits
                0x100089c4       0x2e sd_card/examples/SDWrite/CMakeFiles/SDWrite.dir/__/__/__/libs/FatFS/FatFs_SPI/sd_driver/sd_card.c.obj
 *fill*         0x100089f2        0x2 
 .text.sd_ctor  0x100089f4       0x30 sd_card/examples/SDWrite/CMakeFiles/SDWrite.dir/__/__/__/libs/FatFS/FatFs_SPI/sd_driver/sd_card.c.obj
 .text.sd_lock  0x10008a24       0x30 sd_card/examples/SDWrite/CMakeFiles/SDWrite.dir/__/__/__/libs/FatFS/FatFs_SPI/sd_driver/sd_card.c.obj
 .text.sd_acquire
                0x10008a54       0x10 sd_card/examples/SDWrite/CMakeFiles/SDWrite.dir/__/__/__/libs/FatFS/FatFs_SPI/sd_driver/sd_card.c.obj
 .text.sd_cmd_spi
                0x10008a64       0x74 sd_card/examples/SDWrite/CMakeFiles/SDWrite.dir/__/__/__/libs/FatFS/FatFs_SPI/sd_driver/sd_card.c.obj
 .text.update_us_since_boot
                0x10008ad8       0x24 sd_card/examples/SDWrite/CMakeFiles/SDWrite.dir/__/__/__/libs/FatFS/FatFs_SPI/sd_driver/sd_card.c.obj
 .text.delayed_by_ms
                0x10008afc       0x44 sd_card/examples/SDWrite/CMakeFiles/SDWrite.dir/__/__/__/libs/FatFS/FatFs_SPI/sd_driver/sd_card.c.obj
 .text.get_absolute_time
                0x10008b40       0x22 sd_card/examples/SDWrite/CMakeFiles/SDWrite.dir/__/__/__/libs/FatFS/FatFs_SPI/sd_driver/sd_card.c.obj
 .text.make_timeout_time_ms
                0x10008b62       0x20 sd_card/examples/SDWrite/CMakeFiles/SDWrite.dir/__/__/__/libs/FatFS/FatFs_SPI/sd_driver/sd_card.c.obj
 *fill*         0x10008b82        0x2 
 .text.sd_wait_ready
                0x10008b84       0x64 sd_card/examples/SDWrite/CMakeFiles/SDWrite.dir/__/__/__/libs/FatFS/FatFs_SPI/sd_driver/sd_card.c.obj
 .text.sd_cmd   0x10008be8      0x2f0 sd_card/examples/SDWrite/CMakeFiles/SDWrite.dir/__/__/__/libs/FatFS/FatFs_SPI/sd_driver/sd_card.c.obj
 .text.sd_cmd8  0x10008ed8       0x50 sd_card/examples/SDWrite/CMakeFiles/SDWrite.dir/__/__/__/libs/FatFS/FatFs_SPI/sd_driver/sd_card.c.obj
 .text.sd_wait_token
                0x10008f28       0x54 sd_card/examples/SDWrite/CMakeFiles/SDWrite.dir/__/__/__/libs/FatFS/FatFs_SPI/sd_driver/sd_card.c.obj
 .text.sd_read_bytes
                0x10008f7c       0x90 sd_card/examples/SDWrite/CMakeFiles/SDWrite.dir/__/__/__/libs/FatFS/FatFs_SPI/sd_driver/sd_card.c.obj
 .text.sd_sectors_nolock
                0x1000900c      0x148 sd_card/examples/SDWrite/CMakeFiles/SDWrite.dir/__/__/__/libs/FatFS/FatFs_SPI/sd_driver/sd_card.c.obj
 .text.sd_unlock
                0x10009154       0x30 sd_card/examples/SDWrite/CMakeFiles/SDWrite.dir/__/__/__/libs/FatFS/FatFs_SPI/sd_driver/sd_card.c.obj
 .text.sd_release
                0x10009184       0x10 sd_card/examples/SDWrite/CMakeFiles/SDWrite.dir/__/__/__/libs/FatFS/FatFs_SPI/sd_driver/sd_card.c.obj
 .text.sd_read_block
                0x10009194       0x8c sd_card/examples/SDWrite/CMakeFiles/SDWrite.dir/__/__/__/libs/FatFS/FatFs_SPI/sd_driver/sd_card.c.obj
 .text.in_sd_read_blocks
                0x10009220       0xbc sd_card/examples/SDWrite/CMakeFiles/SDWrite.dir/__/__/__/libs/FatFS/FatFs_SPI/sd_driver/sd_card.c.obj
 .text.sd_read_blocks
                0x100092dc       0x2e sd_card/examples/SDWrite/CMakeFiles/SDWrite.dir/__/__/__/libs/FatFS/FatFs_SPI/sd_driver/sd_card.c.obj
                0x100092dc                sd_read_blocks
 *fill*         0x1000930a        0x2 
 .text.sd_write_block
                0x1000930c       0x8c sd_card/examples/SDWrite/CMakeFiles/SDWrite.dir/__/__/__/libs/FatFS/FatFs_SPI/sd_driver/sd_card.c.obj
 .text.in_sd_write_blocks
                0x10009398       0xfc sd_card/examples/SDWrite/CMakeFiles/SDWrite.dir/__/__/__/libs/FatFS/FatFs_SPI/sd_driver/sd_card.c.obj
 .text.sd_write_blocks
                0x10009494       0x2e sd_card/examples/SDWrite/CMakeFiles/SDWrite.dir/__/__/__/libs/FatFS/FatFs_SPI/sd_driver/sd_card.c.obj
                0x10009494                sd_write_blocks
 .text.sd_test_com
                0x100094c2       0x9a sd_card/examples/SDWrite/CMakeFiles/SDWrite.dir/__/__/__/libs/FatFS/FatFs_SPI/sd_driver/sd_card.c.obj
 .text.sd_go_idle_state
                0x1000955c       0x44 sd_card/examples/SDWrite/CMakeFiles/SDWrite.dir/__/__/__/libs/FatFS/FatFs_SPI/sd_driver/sd_card.c.obj
 .text.sd_init_medium
                0x100095a0      0x13c sd_card/examples/SDWrite/CMakeFiles/SDWrite.dir/__/__/__/libs/FatFS/FatFs_SPI/sd_driver/sd_card.c.obj
 .text.sd_card_detect
                0x100096dc       0x50 sd_card/examples/SDWrite/CMakeFiles/SDWrite.dir/__/__/__/libs/FatFS/FatFs_SPI/sd_driver/sd_card.c.obj
                0x100096dc                sd_card_detect
 .text.sd_init  0x1000972c       0xe8 sd_card/examples/SDWrite/CMakeFiles/SDWrite.dir/__/__/__/libs/FatFS/FatFs_SPI/sd_driver/sd_card.c.obj
 .text.sd_sectors
                0x10009814       0x1e sd_card/examples/SDWrite/CMakeFiles/SDWrite.dir/__/__/__/libs/FatFS/FatFs_SPI/sd_driver/sd_card.c.obj
                0x10009814                sd_sectors
 *fill*         0x10009832        0x2 
 .text.sd_init_driver
                0x10009834       0xc0 sd_card/examples/SDWrite/CMakeFiles/SDWrite.dir/__/__/__/libs/FatFS/FatFs_SPI/sd_driver/sd_card.c.obj
                0x10009834                sd_init_driver
 .text.crc7     0x100098f4       0x20 sd_card/examples/SDWrite/CMakeFiles/SDWrite.dir/__/__/__/libs/FatFS/FatFs_SPI/sd_driver/crc.c.obj
                0x100098f4                crc7
 .text.crc16    0x10009914       0x28 sd_card/examples/SDWrite/CMakeFiles/SDWrite.dir/__/__/__/libs/FatFS/FatFs_SPI/sd_driver/crc.c.obj
                0x10009914                crc16
 .text.sdrc2dresult
                0x1000993c       0x60 sd_card/examples/SDWrite/CMakeFiles/SDWrite.dir/__/__/__/libs/FatFS/FatFs_SPI/src/glue.c.obj
 .text.disk_status
                0x1000999c       0x16 sd_card/examples/SDWrite/CMakeFiles/SDWrite.dir/__/__/__/libs/FatFS/FatFs_SPI/src/glue.c.obj
                0x1000999c                disk_status
 .text.disk_initialize
                0x100099b2       0x2a sd_card/examples/SDWrite/CMakeFiles/SDWrite.dir/__/__/__/libs/FatFS/FatFs_SPI/src/glue.c.obj
                0x100099b2                disk_initialize
 .text.disk_read
                0x100099dc       0x32 sd_card/examples/SDWrite/CMakeFiles/SDWrite.dir/__/__/__/libs/FatFS/FatFs_SPI/src/glue.c.obj
                0x100099dc                disk_read
 .text.disk_write
                0x10009a0e       0x32 sd_card/examples/SDWrite/CMakeFiles/SDWrite.dir/__/__/__/libs/FatFS/FatFs_SPI/src/glue.c.obj
                0x10009a0e                disk_write
 .text.disk_ioctl
                0x10009a40       0x4c sd_card/examples/SDWrite/CMakeFiles/SDWrite.dir/__/__/__/libs/FatFS/FatFs_SPI/src/glue.c.obj
                0x10009a40                disk_ioctl
 .text.my_printf
                0x10009a8c       0x4c sd_card/examples/SDWrite/CMakeFiles/SDWrite.dir/__/__/__/libs/FatFS/FatFs_SPI/src/my_debug.c.obj
                0x10009a8c                my_printf
 .text.my_assert_func
                0x10009ad8       0x30 sd_card/examples/SDWrite/CMakeFiles/SDWrite.dir/__/__/__/libs/FatFS/FatFs_SPI/src/my_debug.c.obj
                0x10009ad8                my_assert_func
 .text.get_fattime
                0x10009b08       0x6c sd_card/examples/SDWrite/CMakeFiles/SDWrite.dir/__/__/__/libs/FatFS/FatFs_SPI/src/rtc.c.obj
                0x10009b08                get_fattime
 .text.spi_set_baudrate
                0x10009b74       0xc2 sd_card/examples/SDWrite/CMakeFiles/SDWrite.dir/Users/hakan/VSCodeProjects/RP2040-ESP32C3-Development-Board/SW/pico-sdk/src/rp2_common/hardware_spi/spi.c.obj
                0x10009b74                spi_set_baudrate
 *fill*         0x10009c36        0x2 
 .text.spi_init
                0x10009c38       0x74 sd_card/examples/SDWrite/CMakeFiles/SDWrite.dir/Users/hakan/VSCodeProjects/RP2040-ESP32C3-Development-Board/SW/pico-sdk/src/rp2_common/hardware_spi/spi.c.obj
                0x10009c38                spi_init
 .text.dma_claim_unused_channel
                0x10009cac       0x24 sd_card/examples/SDWrite/CMakeFiles/SDWrite.dir/Users/hakan/VSCodeProjects/RP2040-ESP32C3-Development-Board/SW/pico-sdk/src/rp2_common/hardware_dma/dma.c.obj
                0x10009cac                dma_claim_unused_channel
 .text.rtc_running
                0x10009cd0       0x10 sd_card/examples/SDWrite/CMakeFiles/SDWrite.dir/Users/hakan/VSCodeProjects/RP2040-ESP32C3-Development-Board/SW/pico-sdk/src/rp2_common/hardware_rtc/rtc.c.obj
                0x10009cd0                rtc_running
 .text.rtc_get_datetime
                0x10009ce0       0x4c sd_card/examples/SDWrite/CMakeFiles/SDWrite.dir/Users/hakan/VSCodeProjects/RP2040-ESP32C3-Development-Board/SW/pico-sdk/src/rp2_common/hardware_rtc/rtc.c.obj
                0x10009ce0                rtc_get_datetime
 .text.malloc   0x10009d2c       0x14 /Applications/ArmGNUToolchain/12.3.rel1/arm-none-eabi/bin/../lib/gcc/arm-none-eabi/12.3.1/../../../../arm-none-eabi/lib/thumb/v6-m/nofp/libg.a(libc_a-malloc.o)
                0x10009d2c                malloc
 .text.free     0x10009d40       0x14 /Applications/ArmGNUToolchain/12.3.rel1/arm-none-eabi/bin/../lib/gcc/arm-none-eabi/12.3.1/../../../../arm-none-eabi/lib/thumb/v6-m/nofp/libg.a(libc_a-malloc.o)
                0x10009d40                free
 .text._malloc_r
                0x10009d54      0x5c4 /Applications/ArmGNUToolchain/12.3.rel1/arm-none-eabi/bin/../lib/gcc/arm-none-eabi/12.3.1/../../../../arm-none-eabi/lib/thumb/v6-m/nofp/libg.a(libc_a-mallocr.o)
                0x10009d54                _malloc_r
 .text.__malloc_lock
                0x1000a318       0x10 /Applications/ArmGNUToolchain/12.3.rel1/arm-none-eabi/bin/../lib/gcc/arm-none-eabi/12.3.1/../../../../arm-none-eabi/lib/thumb/v6-m/nofp/libg.a(libc_a-mlock.o)
                0x1000a318                __malloc_lock
 .text.__malloc_unlock
                0x1000a328       0x10 /Applications/ArmGNUToolchain/12.3.rel1/arm-none-eabi/bin/../lib/gcc/arm-none-eabi/12.3.1/../../../../arm-none-eabi/lib/thumb/v6-m/nofp/libg.a(libc_a-mlock.o)
                0x1000a328                __malloc_unlock
 .text.__sflush_r
                0x1000a338      0x148 /Applications/ArmGNUToolchain/12.3.rel1/arm-none-eabi/bin/../lib/gcc/arm-none-eabi/12.3.1/../../../../arm-none-eabi/lib/thumb/v6-m/nofp/libg.a(libc_a-fflush.o)
                0x1000a338                __sflush_r
 .text._fflush_r
                0x1000a480       0x68 /Applications/ArmGNUToolchain/12.3.rel1/arm-none-eabi/bin/../lib/gcc/arm-none-eabi/12.3.1/../../../../arm-none-eabi/lib/thumb/v6-m/nofp/libg.a(libc_a-fflush.o)
                0x1000a480                _fflush_r
 .text.fflush   0x1000a4e8       0x7c /Applications/ArmGNUToolchain/12.3.rel1/arm-none-eabi/bin/../lib/gcc/arm-none-eabi/12.3.1/../../../../arm-none-eabi/lib/thumb/v6-m/nofp/libg.a(libc_a-fflush.o)
                0x1000a4e8                fflush
 .text.stdio_exit_handler
                0x1000a564       0x1c /Applications/ArmGNUToolchain/12.3.rel1/arm-none-eabi/bin/../lib/gcc/arm-none-eabi/12.3.1/../../../../arm-none-eabi/lib/thumb/v6-m/nofp/libg.a(libc_a-findfp.o)
 .text.cleanup_stdio
                0x1000a580       0x3c /Applications/ArmGNUToolchain/12.3.rel1/arm-none-eabi/bin/../lib/gcc/arm-none-eabi/12.3.1/../../../../arm-none-eabi/lib/thumb/v6-m/nofp/libg.a(libc_a-findfp.o)
 .text.global_stdio_init.part.0
                0x1000a5bc      0x118 /Applications/ArmGNUToolchain/12.3.rel1/arm-none-eabi/bin/../lib/gcc/arm-none-eabi/12.3.1/../../../../arm-none-eabi/lib/thumb/v6-m/nofp/libg.a(libc_a-findfp.o)
 .text.__sinit  0x1000a6d4       0x38 /Applications/ArmGNUToolchain/12.3.rel1/arm-none-eabi/bin/../lib/gcc/arm-none-eabi/12.3.1/../../../../arm-none-eabi/lib/thumb/v6-m/nofp/libg.a(libc_a-findfp.o)
                0x1000a6d4                __sinit
 .text.__sfp_lock_acquire
                0x1000a70c       0x10 /Applications/ArmGNUToolchain/12.3.rel1/arm-none-eabi/bin/../lib/gcc/arm-none-eabi/12.3.1/../../../../arm-none-eabi/lib/thumb/v6-m/nofp/libg.a(libc_a-findfp.o)
                0x1000a70c                __sfp_lock_acquire
 .text.__sfp_lock_release
                0x1000a71c       0x10 /Applications/ArmGNUToolchain/12.3.rel1/arm-none-eabi/bin/../lib/gcc/arm-none-eabi/12.3.1/../../../../arm-none-eabi/lib/thumb/v6-m/nofp/libg.a(libc_a-findfp.o)
                0x1000a71c                __sfp_lock_release
 .text._fwalk_sglue
                0x1000a72c       0x44 /Applications/ArmGNUToolchain/12.3.rel1/arm-none-eabi/bin/../lib/gcc/arm-none-eabi/12.3.1/../../../../arm-none-eabi/lib/thumb/v6-m/nofp/libg.a(libc_a-fwalk.o)
                0x1000a72c                _fwalk_sglue
 .text.memcmp   0x1000a770       0x44 /Applications/ArmGNUToolchain/12.3.rel1/arm-none-eabi/bin/../lib/gcc/arm-none-eabi/12.3.1/../../../../arm-none-eabi/lib/thumb/v6-m/nofp/libg.a(libc_a-memcmp.o)
                0x1000a770                memcmp
 .text.strchr   0x1000a7b4       0xc4 /Applications/ArmGNUToolchain/12.3.rel1/arm-none-eabi/bin/../lib/gcc/arm-none-eabi/12.3.1/../../../../arm-none-eabi/lib/thumb/v6-m/nofp/libg.a(libc_a-strchr.o)
                0x1000a7b4                strchr
 .text._sbrk_r  0x1000a878       0x24 /Applications/ArmGNUToolchain/12.3.rel1/arm-none-eabi/bin/../lib/gcc/arm-none-eabi/12.3.1/../../../../arm-none-eabi/lib/thumb/v6-m/nofp/libg.a(libc_a-sbrkr.o)
                0x1000a878                _sbrk_r
 .text.__errno  0x1000a89c        0xc /Applications/ArmGNUToolchain/12.3.rel1/arm-none-eabi/bin/../lib/gcc/arm-none-eabi/12.3.1/../../../../arm-none-eabi/lib/thumb/v6-m/nofp/libg.a(libc_a-errno.o)
                0x1000a89c                __errno
 .text.sysconf  0x1000a8a8       0x1c /Applications/ArmGNUToolchain/12.3.rel1/arm-none-eabi/bin/../lib/gcc/arm-none-eabi/12.3.1/../../../../arm-none-eabi/lib/thumb/v6-m/nofp/libg.a(libc_a-sysconf.o)
                0x1000a8a8                sysconf
 .text.__retarget_lock_init_recursive
                0x1000a8c4        0x4 /Applications/ArmGNUToolchain/12.3.rel1/arm-none-eabi/bin/../lib/gcc/arm-none-eabi/12.3.1/../../../../arm-none-eabi/lib/thumb/v6-m/nofp/libg.a(libc_a-lock.o)
                0x1000a8c4                __retarget_lock_init_recursive
 .text.__retarget_lock_close_recursive
                0x1000a8c8        0x4 /Applications/ArmGNUToolchain/12.3.rel1/arm-none-eabi/bin/../lib/gcc/arm-none-eabi/12.3.1/../../../../arm-none-eabi/lib/thumb/v6-m/nofp/libg.a(libc_a-lock.o)
                0x1000a8c8                __retarget_lock_close_recursive
 .text.__retarget_lock_acquire_recursive
                0x1000a8cc        0x4 /Applications/ArmGNUToolchain/12.3.rel1/arm-none-eabi/bin/../lib/gcc/arm-none-eabi/12.3.1/../../../../arm-none-eabi/lib/thumb/v6-m/nofp/libg.a(libc_a-lock.o)
                0x1000a8cc                __retarget_lock_acquire_recursive
 .text.__retarget_lock_release_recursive
                0x1000a8d0        0x4 /Applications/ArmGNUToolchain/12.3.rel1/arm-none-eabi/bin/../lib/gcc/arm-none-eabi/12.3.1/../../../../arm-none-eabi/lib/thumb/v6-m/nofp/libg.a(libc_a-lock.o)
                0x1000a8d0                __retarget_lock_release_recursive
 .text.strlen   0x1000a8d4       0x5c /Applications/ArmGNUToolchain/12.3.rel1/arm-none-eabi/bin/../lib/gcc/arm-none-eabi/12.3.1/../../../../arm-none-eabi/lib/thumb/v6-m/nofp/libg.a(libc_a-strlen-stub.o)
                0x1000a8d4                strlen
 .text._malloc_trim_r
                0x1000a930       0xb4 /Applications/ArmGNUToolchain/12.3.rel1/arm-none-eabi/bin/../lib/gcc/arm-none-eabi/12.3.1/../../../../arm-none-eabi/lib/thumb/v6-m/nofp/libg.a(libc_a-freer.o)
                0x1000a930                _malloc_trim_r
 .text._free_r  0x1000a9e4      0x1d4 /Applications/ArmGNUToolchain/12.3.rel1/arm-none-eabi/bin/../lib/gcc/arm-none-eabi/12.3.1/../../../../arm-none-eabi/lib/thumb/v6-m/nofp/libg.a(libc_a-freer.o)
                0x1000a9e4                _free_r
 .text._fclose_r
                0x1000abb8       0xd0 /Applications/ArmGNUToolchain/12.3.rel1/arm-none-eabi/bin/../lib/gcc/arm-none-eabi/12.3.1/../../../../arm-none-eabi/lib/thumb/v6-m/nofp/libg.a(libc_a-fclose.o)
                0x1000abb8                _fclose_r
 .text.__sread  0x1000ac88       0x28 /Applications/ArmGNUToolchain/12.3.rel1/arm-none-eabi/bin/../lib/gcc/arm-none-eabi/12.3.1/../../../../arm-none-eabi/lib/thumb/v6-m/nofp/libg.a(libc_a-stdio.o)
                0x1000ac88                __sread
 .text.__swrite
                0x1000acb0       0x40 /Applications/ArmGNUToolchain/12.3.rel1/arm-none-eabi/bin/../lib/gcc/arm-none-eabi/12.3.1/../../../../arm-none-eabi/lib/thumb/v6-m/nofp/libg.a(libc_a-stdio.o)
                0x1000acb0                __swrite
 .text.__sseek  0x1000acf0       0x30 /Applications/ArmGNUToolchain/12.3.rel1/arm-none-eabi/bin/../lib/gcc/arm-none-eabi/12.3.1/../../../../arm-none-eabi/lib/thumb/v6-m/nofp/libg.a(libc_a-stdio.o)
                0x1000acf0                __sseek
 .text.__sclose
                0x1000ad20        0xc /Applications/ArmGNUToolchain/12.3.rel1/arm-none-eabi/bin/../lib/gcc/arm-none-eabi/12.3.1/../../../../arm-none-eabi/lib/thumb/v6-m/nofp/libg.a(libc_a-stdio.o)
                0x1000ad20                __sclose
 .text._close_r
                0x1000ad2c       0x24 /Applications/ArmGNUToolchain/12.3.rel1/arm-none-eabi/bin/../lib/gcc/arm-none-eabi/12.3.1/../../../../arm-none-eabi/lib/thumb/v6-m/nofp/libg.a(libc_a-closer.o)
                0x1000ad2c                _close_r
 .text._lseek_r
                0x1000ad50       0x28 /Applications/ArmGNUToolchain/12.3.rel1/arm-none-eabi/bin/../lib/gcc/arm-none-eabi/12.3.1/../../../../arm-none-eabi/lib/thumb/v6-m/nofp/libg.a(libc_a-lseekr.o)
                0x1000ad50                _lseek_r
 .text._read_r  0x1000ad78       0x28 /Applications/ArmGNUToolchain/12.3.rel1/arm-none-eabi/bin/../lib/gcc/arm-none-eabi/12.3.1/../../../../arm-none-eabi/lib/thumb/v6-m/nofp/libg.a(libc_a-readr.o)
                0x1000ad78                _read_r
 .text._write_r
                0x1000ada0       0x28 /Applications/ArmGNUToolchain/12.3.rel1/arm-none-eabi/bin/../lib/gcc/arm-none-eabi/12.3.1/../../../../arm-none-eabi/lib/thumb/v6-m/nofp/libg.a(libc_a-writer.o)
                0x1000ada0                _write_r
 *(.fini)
 .fini          0x1000adc8        0x4 /Applications/ArmGNUToolchain/12.3.rel1/arm-none-eabi/bin/../lib/gcc/arm-none-eabi/12.3.1/thumb/v6-m/nofp/crti.o
                0x1000adc8                _fini
 *fill*         0x1000adcc        0x4 
 .fini.__stub   0x1000add0       0x70 linker stubs
 *crtbegin.o(.ctors)
 *crtbegin?.o(.ctors)
 *(EXCLUDE_FILE(*crtend.o *crtend?.o) .ctors)
 *(SORT_BY_NAME(.ctors.*))
 *(.ctors)
 *crtbegin.o(.dtors)
 *crtbegin?.o(.dtors)
 *(EXCLUDE_FILE(*crtend.o *crtend?.o) .dtors)
 *(SORT_BY_NAME(.dtors.*))
 *(.dtors)
 *(.eh_frame*)
 .eh_frame      0x1000ae40        0x0 /Applications/ArmGNUToolchain/12.3.rel1/arm-none-eabi/bin/../lib/gcc/arm-none-eabi/12.3.1/thumb/v6-m/nofp/crtbegin.o
                0x1000ae40                        . = ALIGN (0x4)

.glue_7         0x1000ae40        0x0
 .glue_7        0x1000ae40        0x0 linker stubs

.glue_7t        0x1000ae40        0x0
 .glue_7t       0x1000ae40        0x0 linker stubs

.vfp11_veneer   0x1000ae40        0x0
 .vfp11_veneer  0x1000ae40        0x0 linker stubs

.v4_bx          0x1000ae40        0x0
 .v4_bx         0x1000ae40        0x0 linker stubs

.iplt           0x1000ae40        0x0
 .iplt          0x1000ae40        0x0 /Applications/ArmGNUToolchain/12.3.rel1/arm-none-eabi/bin/../lib/gcc/arm-none-eabi/12.3.1/thumb/v6-m/nofp/crtbegin.o

.rodata         0x1000ae40     0x26ac
 *(EXCLUDE_FILE(*libm.a: *libc.a:*lib_a-mem*.o *libgcc.a:) .rodata*)
 .rodata.main.str1.4
                0x1000ae40      0x162 sd_card/examples/SDWrite/CMakeFiles/SDWrite.dir/main.c.obj
 .rodata.str1.4
                0x1000afa2        0x3 sd_card/examples/SDWrite/CMakeFiles/SDWrite.dir/hw_config.c.obj
 *fill*         0x1000afa2        0x2 
 .rodata.resolve_branch.str1.4
                0x1000afa4       0x83 sd_card/examples/SDWrite/CMakeFiles/SDWrite.dir/Users/hakan/VSCodeProjects/RP2040-ESP32C3-Development-Board/SW/pico-sdk/src/rp2_common/hardware_irq/irq.c.obj
 *fill*         0x1000b027        0x1 
 .rodata.make_branch.str1.4
                0x1000b028       0x30 sd_card/examples/SDWrite/CMakeFiles/SDWrite.dir/Users/hakan/VSCodeProjects/RP2040-ESP32C3-Development-Board/SW/pico-sdk/src/rp2_common/hardware_irq/irq.c.obj
 .rodata.insert_branch_and_link.str1.4
                0x1000b058       0x10 sd_card/examples/SDWrite/CMakeFiles/SDWrite.dir/Users/hakan/VSCodeProjects/RP2040-ESP32C3-Development-Board/SW/pico-sdk/src/rp2_common/hardware_irq/irq.c.obj
 .rodata.irq_set_exclusive_handler.str1.4
                0x1000b068       0x36 sd_card/examples/SDWrite/CMakeFiles/SDWrite.dir/Users/hakan/VSCodeProjects/RP2040-ESP32C3-Development-Board/SW/pico-sdk/src/rp2_common/hardware_irq/irq.c.obj
 *fill*         0x1000b09e        0x2 
 .rodata.irq_add_shared_handler.str1.4
                0x1000b0a0       0xc2 sd_card/examples/SDWrite/CMakeFiles/SDWrite.dir/Users/hakan/VSCodeProjects/RP2040-ESP32C3-Development-Board/SW/pico-sdk/src/rp2_common/hardware_irq/irq.c.obj
 *fill*         0x1000b162        0x2 
 .rodata.irq_remove_handler.str1.4
                0x1000b164       0x3a sd_card/examples/SDWrite/CMakeFiles/SDWrite.dir/Users/hakan/VSCodeProjects/RP2040-ESP32C3-Development-Board/SW/pico-sdk/src/rp2_common/hardware_irq/irq.c.obj
 *fill*         0x1000b19e        0x2 
 .rodata.irq_add_tail_to_free_list.str1.4
                0x1000b1a0       0x3a sd_card/examples/SDWrite/CMakeFiles/SDWrite.dir/Users/hakan/VSCodeProjects/RP2040-ESP32C3-Development-Board/SW/pico-sdk/src/rp2_common/hardware_irq/irq.c.obj
 *fill*         0x1000b1da        0x2 
 .rodata.__func__.0
                0x1000b1dc       0x1a sd_card/examples/SDWrite/CMakeFiles/SDWrite.dir/Users/hakan/VSCodeProjects/RP2040-ESP32C3-Development-Board/SW/pico-sdk/src/rp2_common/hardware_irq/irq.c.obj
 *fill*         0x1000b1f6        0x2 
 .rodata.__func__.1
                0x1000b1f8       0x17 sd_card/examples/SDWrite/CMakeFiles/SDWrite.dir/Users/hakan/VSCodeProjects/RP2040-ESP32C3-Development-Board/SW/pico-sdk/src/rp2_common/hardware_irq/irq.c.obj
 *fill*         0x1000b20f        0x1 
 .rodata.__func__.2
                0x1000b210       0x13 sd_card/examples/SDWrite/CMakeFiles/SDWrite.dir/Users/hakan/VSCodeProjects/RP2040-ESP32C3-Development-Board/SW/pico-sdk/src/rp2_common/hardware_irq/irq.c.obj
 *fill*         0x1000b223        0x1 
 .rodata.__func__.3
                0x1000b224        0xc sd_card/examples/SDWrite/CMakeFiles/SDWrite.dir/Users/hakan/VSCodeProjects/RP2040-ESP32C3-Development-Board/SW/pico-sdk/src/rp2_common/hardware_irq/irq.c.obj
 .rodata.__func__.4
                0x1000b230        0xf sd_card/examples/SDWrite/CMakeFiles/SDWrite.dir/Users/hakan/VSCodeProjects/RP2040-ESP32C3-Development-Board/SW/pico-sdk/src/rp2_common/hardware_irq/irq.c.obj
 *fill*         0x1000b23f        0x1 
 .rodata.__func__.5
                0x1000b240       0x17 sd_card/examples/SDWrite/CMakeFiles/SDWrite.dir/Users/hakan/VSCodeProjects/RP2040-ESP32C3-Development-Board/SW/pico-sdk/src/rp2_common/hardware_irq/irq.c.obj
 *fill*         0x1000b257        0x1 
 .rodata.__func__.6
                0x1000b258       0x1a sd_card/examples/SDWrite/CMakeFiles/SDWrite.dir/Users/hakan/VSCodeProjects/RP2040-ESP32C3-Development-Board/SW/pico-sdk/src/rp2_common/hardware_irq/irq.c.obj
 *fill*         0x1000b272        0x2 
 .rodata.update_us_since_boot.str1.4
                0x1000b274       0x8f sd_card/examples/SDWrite/CMakeFiles/SDWrite.dir/Users/hakan/VSCodeProjects/RP2040-ESP32C3-Development-Board/SW/pico-sdk/src/common/pico_sync/sem.c.obj
 *fill*         0x1000b303        0x1 
 .rodata.__func__.1
                0x1000b304       0x15 sd_card/examples/SDWrite/CMakeFiles/SDWrite.dir/Users/hakan/VSCodeProjects/RP2040-ESP32C3-Development-Board/SW/pico-sdk/src/common/pico_sync/sem.c.obj
 *fill*         0x1000b319        0x3 
 .rodata.str1.4
                0x1000b31c       0xb9 sd_card/examples/SDWrite/CMakeFiles/SDWrite.dir/Users/hakan/VSCodeProjects/RP2040-ESP32C3-Development-Board/SW/pico-sdk/src/common/pico_sync/mutex.c.obj
 *fill*         0x1000b3d5        0x3 
 .rodata.__func__.1
                0x1000b3d8        0xb sd_card/examples/SDWrite/CMakeFiles/SDWrite.dir/Users/hakan/VSCodeProjects/RP2040-ESP32C3-Development-Board/SW/pico-sdk/src/common/pico_sync/mutex.c.obj
 *fill*         0x1000b3e3        0x1 
 .rodata.__func__.3
                0x1000b3e4       0x18 sd_card/examples/SDWrite/CMakeFiles/SDWrite.dir/Users/hakan/VSCodeProjects/RP2040-ESP32C3-Development-Board/SW/pico-sdk/src/common/pico_sync/mutex.c.obj
 .rodata.get_entry.str1.4
                0x1000b3fc       0x89 sd_card/examples/SDWrite/CMakeFiles/SDWrite.dir/Users/hakan/VSCodeProjects/RP2040-ESP32C3-Development-Board/SW/pico-sdk/src/common/pico_time/time.c.obj
 .rodata.update_us_since_boot.str1.4
                0x1000b485       0x8f sd_card/examples/SDWrite/CMakeFiles/SDWrite.dir/Users/hakan/VSCodeProjects/RP2040-ESP32C3-Development-Board/SW/pico-sdk/src/common/pico_time/time.c.obj
 *fill*         0x1000b485        0x3 
 .rodata.ph_get_node.str1.4
                0x1000b488       0x94 sd_card/examples/SDWrite/CMakeFiles/SDWrite.dir/Users/hakan/VSCodeProjects/RP2040-ESP32C3-Development-Board/SW/pico-sdk/src/common/pico_time/time.c.obj
 .rodata.ph_add_child_node.str1.4
                0x1000b51c       0x2e sd_card/examples/SDWrite/CMakeFiles/SDWrite.dir/Users/hakan/VSCodeProjects/RP2040-ESP32C3-Development-Board/SW/pico-sdk/src/common/pico_time/time.c.obj
 *fill*         0x1000b54a        0x2 
 .rodata.ph_insert_node.str1.4
                0x1000b54c        0x3 sd_card/examples/SDWrite/CMakeFiles/SDWrite.dir/Users/hakan/VSCodeProjects/RP2040-ESP32C3-Development-Board/SW/pico-sdk/src/common/pico_time/time.c.obj
 *fill*         0x1000b54f        0x1 
 .rodata.ph_free_node.str1.4
                0x1000b550       0x38 sd_card/examples/SDWrite/CMakeFiles/SDWrite.dir/Users/hakan/VSCodeProjects/RP2040-ESP32C3-Development-Board/SW/pico-sdk/src/common/pico_time/time.c.obj
 .rodata.add_alarm_under_lock.str1.4
                0x1000b588       0x28 sd_card/examples/SDWrite/CMakeFiles/SDWrite.dir/Users/hakan/VSCodeProjects/RP2040-ESP32C3-Development-Board/SW/pico-sdk/src/common/pico_time/time.c.obj
 .rodata.alarm_pool_alarm_callback.str1.4
                0x1000b5b0       0x60 sd_card/examples/SDWrite/CMakeFiles/SDWrite.dir/Users/hakan/VSCodeProjects/RP2040-ESP32C3-Development-Board/SW/pico-sdk/src/common/pico_time/time.c.obj
 .rodata.alarm_pool_get_default.str1.4
                0x1000b610       0x21 sd_card/examples/SDWrite/CMakeFiles/SDWrite.dir/Users/hakan/VSCodeProjects/RP2040-ESP32C3-Development-Board/SW/pico-sdk/src/common/pico_time/time.c.obj
 *fill*         0x1000b631        0x3 
 .rodata.alarm_pool_cancel_alarm.str1.4
                0x1000b634       0x27 sd_card/examples/SDWrite/CMakeFiles/SDWrite.dir/Users/hakan/VSCodeProjects/RP2040-ESP32C3-Development-Board/SW/pico-sdk/src/common/pico_time/time.c.obj
 *fill*         0x1000b65b        0x1 
 .rodata.sleep_until.str1.4
                0x1000b65c       0x4d sd_card/examples/SDWrite/CMakeFiles/SDWrite.dir/Users/hakan/VSCodeProjects/RP2040-ESP32C3-Development-Board/SW/pico-sdk/src/common/pico_time/time.c.obj
 *fill*         0x1000b6a9        0x3 
 .rodata.__func__.1
                0x1000b6ac       0x18 sd_card/examples/SDWrite/CMakeFiles/SDWrite.dir/Users/hakan/VSCodeProjects/RP2040-ESP32C3-Development-Board/SW/pico-sdk/src/common/pico_time/time.c.obj
 .rodata.__func__.3
                0x1000b6c4       0x17 sd_card/examples/SDWrite/CMakeFiles/SDWrite.dir/Users/hakan/VSCodeProjects/RP2040-ESP32C3-Development-Board/SW/pico-sdk/src/common/pico_time/time.c.obj
 *fill*         0x1000b6db        0x1 
 .rodata.__func__.4
                0x1000b6dc       0x12 sd_card/examples/SDWrite/CMakeFiles/SDWrite.dir/Users/hakan/VSCodeProjects/RP2040-ESP32C3-Development-Board/SW/pico-sdk/src/common/pico_time/time.c.obj
 *fill*         0x1000b6ee        0x2 
 .rodata.__func__.5